Component: ARM Compiler 5.06 update 6 (build 750) Tool: armlink [4d35ed]

==============================================================================

Section Cross References

    startup_stm32f10x_hd.o(STACK) refers (Special) to heapauxi.o(.text) for __use_two_region_memory
    startup_stm32f10x_hd.o(HEAP) refers (Special) to heapauxi.o(.text) for __use_two_region_memory
    startup_stm32f10x_hd.o(RESET) refers (Special) to heapauxi.o(.text) for __use_two_region_memory
    startup_stm32f10x_hd.o(RESET) refers to startup_stm32f10x_hd.o(STACK) for __initial_sp
    startup_stm32f10x_hd.o(RESET) refers to startup_stm32f10x_hd.o(.text) for Reset_Handler
    startup_stm32f10x_hd.o(RESET) refers to stm32f10x_it.o(.text) for NMI_Handler
    startup_stm32f10x_hd.o(RESET) refers to timer.o(.text) for TIM3_IRQHandler
    startup_stm32f10x_hd.o(RESET) refers to usart.o(.text) for USART1_IRQHandler
    startup_stm32f10x_hd.o(.text) refers (Special) to heapauxi.o(.text) for __use_two_region_memory
    startup_stm32f10x_hd.o(.text) refers to system_stm32f10x.o(.text) for SystemInit
    startup_stm32f10x_hd.o(.text) refers to __main.o(!!!main) for __main
    startup_stm32f10x_hd.o(.text) refers to startup_stm32f10x_hd.o(HEAP) for Heap_Mem
    startup_stm32f10x_hd.o(.text) refers to startup_stm32f10x_hd.o(STACK) for Stack_Mem
    system_stm32f10x.o(.text) refers to system_stm32f10x.o(.data) for SystemCoreClock
    stm32f10x_adc.o(.text) refers to stm32f10x_rcc.o(.text) for RCC_APB2PeriphResetCmd
    stm32f10x_bkp.o(.text) refers to stm32f10x_rcc.o(.text) for RCC_BackupResetCmd
    stm32f10x_can.o(.text) refers to stm32f10x_rcc.o(.text) for RCC_APB1PeriphResetCmd
    stm32f10x_cec.o(.text) refers to stm32f10x_rcc.o(.text) for RCC_APB1PeriphResetCmd
    stm32f10x_dac.o(.text) refers to stm32f10x_rcc.o(.text) for RCC_APB1PeriphResetCmd
    stm32f10x_gpio.o(.text) refers to stm32f10x_rcc.o(.text) for RCC_APB2PeriphResetCmd
    stm32f10x_i2c.o(.text) refers to stm32f10x_rcc.o(.text) for RCC_APB1PeriphResetCmd
    stm32f10x_pwr.o(.text) refers to stm32f10x_rcc.o(.text) for RCC_APB1PeriphResetCmd
    stm32f10x_rcc.o(.text) refers to stm32f10x_rcc.o(.data) for APBAHBPrescTable
    stm32f10x_spi.o(.text) refers to stm32f10x_rcc.o(.text) for RCC_APB2PeriphResetCmd
    stm32f10x_tim.o(.text) refers to stm32f10x_rcc.o(.text) for RCC_APB2PeriphResetCmd
    stm32f10x_usart.o(.text) refers to stm32f10x_rcc.o(.text) for RCC_APB2PeriphResetCmd
    stm32f10x_wwdg.o(.text) refers to stm32f10x_rcc.o(.text) for RCC_APB1PeriphResetCmd
    main.o(.text) refers to rt_memcpy_w.o(.text) for __aeabi_memcpy4
    main.o(.text) refers to led.o(.text) for LED_Init
    main.o(.text) refers to delay.o(.text) for DelayInit
    main.o(.text) refers to adc.o(.text) for ADC_Conf_Init
    main.o(.text) refers to usart.o(.text) for USART1_Init
    main.o(.text) refers to main.o(.constdata) for .constdata
    main.o(.text) refers to usart.o(.data) for ReceiveLight_ok
    main.o(.text) refers to usart.o(.bss) for light_data
    delay.o(.text) refers to misc.o(.text) for SysTick_CLKSourceConfig
    delay.o(.text) refers to system_stm32f10x.o(.data) for SystemCoreClock
    delay.o(.text) refers to delay.o(.data) for fac_us
    usart.o(.text) refers (Special) to use_no_semi_2.o(.text) for __use_no_semihosting
    usart.o(.text) refers to stm32f10x_rcc.o(.text) for RCC_APB2PeriphClockCmd
    usart.o(.text) refers to stm32f10x_gpio.o(.text) for GPIO_Init
    usart.o(.text) refers to misc.o(.text) for NVIC_Init
    usart.o(.text) refers to stm32f10x_usart.o(.text) for USART_Init
    usart.o(.text) refers to c89vsprintf.o(.text) for __c89vsprintf
    usart.o(.text) refers to rt_memcpy_v6.o(.text) for __aeabi_memcpy
    usart.o(.text) refers to rt_memclr_w.o(.text) for __aeabi_memclr4
    usart.o(.text) refers to usart.o(.data) for i
    usart.o(.text) refers to usart.o(.bss) for rebuf
    usart.o(.bss) refers (Special) to use_no_semi_2.o(.text) for __use_no_semihosting
    usart.o(.data) refers (Special) to use_no_semi_2.o(.text) for __use_no_semihosting
    timer.o(.text) refers to stm32f10x_rcc.o(.text) for RCC_APB1PeriphClockCmd
    timer.o(.text) refers to stm32f10x_tim.o(.text) for TIM_TimeBaseInit
    timer.o(.text) refers to misc.o(.text) for NVIC_Init
    timer.o(.text) refers to timer.o(.data) for Time
    adc.o(.text) refers to stm32f10x_rcc.o(.text) for RCC_APB2PeriphClockCmd
    adc.o(.text) refers to stm32f10x_gpio.o(.text) for GPIO_Init
    adc.o(.text) refers to stm32f10x_adc.o(.text) for ADC_Init
    adc.o(.text) refers to delay.o(.text) for DelayUs
    led.o(.text) refers to stm32f10x_rcc.o(.text) for RCC_APB2PeriphClockCmd
    led.o(.text) refers to stm32f10x_gpio.o(.text) for GPIO_Init
    use_no_semi_2.o(.text) refers (Special) to use_no_semi.o(.text) for __use_no_semihosting_swi
    c89vsprintf.o(.text) refers (Special) to _printf_a.o(.ARM.Collect$$_printf_percent$$00000006) for _printf_a
[...]
    .ARM.Collect$$libinit$$00000015          0x08000248   Section        0  libinit2.o(.ARM.Collect$$libinit$$00000015)
    .ARM.Collect$$libinit$$00000016          0x08000248   Section       10  libinit2.o(.ARM.Collect$$libinit$$00000016)
    .ARM.Collect$$libinit$$00000017          0x08000252   Section        0  libinit2.o(.ARM.Collect$$libinit$$00000017)
    .ARM.Collect$$libinit$$00000019          0x08000252   Section        0  libinit2.o(.ARM.Collect$$libinit$$00000019)
    .ARM.Collect$$libinit$$0000001B          0x08000252   Section        0  libinit2.o(.ARM.Collect$$libinit$$0000001B)
    .ARM.Collect$$libinit$$0000001D          0x08000252   Section        0  libinit2.o(.ARM.Collect$$libinit$$0000001D)
    .ARM.Collect$$libinit$$0000001F          0x08000252   Section        0  libinit2.o(.ARM.Collect$$libinit$$0000001F)
    .ARM.Collect$$libinit$$00000021          0x08000252   Section        0  libinit2.o(.ARM.Collect$$libinit$$00000021)
    .ARM.Collect$$libinit$$00000023          0x08000252   Section        0  libinit2.o(.ARM.Collect$$libinit$$00000023)
    .ARM.Collect$$libinit$$00000025          0x08000252   Section        0  libinit2.o(.ARM.Collect$$libinit$$00000025)
    .ARM.Collect$$libinit$$0000002C          0x08000252   Section        0  libinit2.o(.ARM.Collect$$libinit$$0000002C)
    .ARM.Collect$$libinit$$0000002E          0x08000252   Section        0  libinit2.o(.ARM.Collect$$libinit$$0000002E)
    .ARM.Collect$$libinit$$00000030          0x08000252   Section        0  libinit2.o(.ARM.Collect$$libinit$$00000030)
    .ARM.Collect$$libinit$$00000032          0x08000252   Section        0  libinit2.o(.ARM.Collect$$libinit$$00000032)
    .ARM.Collect$$libinit$$00000033          0x08000252   Section        2  libinit2.o(.ARM.Collect$$libinit$$00000033)
    .ARM.Collect$$libshutdown$$00000000      0x08000254   Section        2  libshutdown.o(.ARM.Collect$$libshutdown$$00000000)
    .ARM.Collect$$libshutdown$$00000002      0x08000256   Section        0  libshutdown2.o(.ARM.Collect$$libshutdown$$00000002)
    .ARM.Collect$$libshutdown$$00000004      0x08000256   Section        0  libshutdown2.o(.ARM.Collect$$libshutdown$$00000004)
    .ARM.Collect$$libshutdown$$00000007      0x08000256   Section        0  libshutdown2.o(.ARM.Collect$$libshutdown$$00000007)
    .ARM.Collect$$libshutdown$$0000000A      0x08000256   Section        0  libshutdown2.o(.ARM.Collect$$libshutdown$$0000000A)
    .ARM.Collect$$libshutdown$$0000000C      0x08000256   Section        0  libshutdown2.o(.ARM.Collect$$libshutdown$$0000000C)
    .ARM.Collect$$libshutdown$$0000000F      0x08000256   Section        0  libshutdown2.o(.ARM.Collect$$libshutdown$$0000000F)
    .ARM.Collect$$libshutdown$$00000010      0x08000256   Section        2  libshutdown2.o(.ARM.Collect$$libshutdown$$00000010)
    .ARM.Collect$$rtentry$$00000000          0x08000258   Section        0  __rtentry.o(.ARM.Collect$$rtentry$$00000000)
    .ARM.Collect$$rtentry$$00000002          0x08000258   Section        0  __rtentry2.o(.ARM.Collect$$rtentry$$00000002)
    .ARM.Collect$$rtentry$$00000004          0x08000258   Section        6  __rtentry4.o(.ARM.Collect$$rtentry$$00000004)
    .ARM.Collect$$rtentry$$00000009          0x0800025e   Section        0  __rtentry2.o(.ARM.Collect$$rtentry$$00000009)
    .ARM.Collect$$rtentry$$0000000A          0x0800025e   Section        4  __rtentry2.o(.ARM.Collect$$rtentry$$0000000A)
    .ARM.Collect$$rtentry$$0000000C          0x08000262   Section        0  __rtentry2.o(.ARM.Collect$$rtentry$$0000000C)
    .ARM.Collect$$rtentry$$0000000D          0x08000262   Section        8  __rtentry2.o(.ARM.Collect$$rtentry$$0000000D)
    .ARM.Collect$$rtexit$$00000000           0x0800026a   Section        2  rtexit.o(.ARM.Collect$$rtexit$$00000000)
    .ARM.Collect$$rtexit$$00000002           0x0800026c   Section        0  rtexit2.o(.ARM.Collect$$rtexit$$00000002)
    .ARM.Collect$$rtexit$$00000003           0x0800026c   Section        4  rtexit2.o(.ARM.Collect$$rtexit$$00000003)
    .ARM.Collect$$rtexit$$00000004           0x08000270   Section        6  rtexit2.o(.ARM.Collect$$rtexit$$00000004)
    .text                                    0x08000278   Section       64  startup_stm32f10x_hd.o(.text)
    .text                                    0x080002b8   Section        0  system_stm32f10x.o(.text)
    SetSysClockTo72                          0x080002b9   Thumb Code   214  system_stm32f10x.o(.text)
    SetSysClock                              0x0800038f   Thumb Code     8  system_stm32f10x.o(.text)
    .text                                    0x08000498   Section        0  misc.o(.text)
    .text                                    0x08000574   Section        0  stm32f10x_adc.o(.text)
    .text                                    0x080009c4   Section        0  stm32f10x_gpio.o(.text)
    .text                                    0x08000d20   Section        0  stm32f10x_rcc.o(.text)
    .text                                    0x080010c4   Section        0  stm32f10x_tim.o(.text)
    TI4_Config                               0x0800156b   Thumb Code   130  stm32f10x_tim.o(.text)
    TI3_Config                               0x080015ff   Thumb Code   122  stm32f10x_tim.o(.text)
    TI2_Config                               0x08001693   Thumb Code   130  stm32f10x_tim.o(.text)
    TI1_Config                               0x08001727   Thumb Code   108  stm32f10x_tim.o(.text)
    .text                                    0x08001ee0   Section        0  stm32f10x_usart.o(.text)
    .text                                    0x080022e8   Section        0  main.o(.text)
    .text                                    0x08002464   Section        0  stm32f10x_it.o(.text)
    .text                                    0x08002480   Section        0  delay.o(.text)
    .text                                    0x0800256c   Section        0  usart.o(.text)
    .text                                    0x080028f8   Section        0  timer.o(.text)
    .text                                    0x0800297c   Section        0  adc.o(.text)
    .text                                    0x08002a70   Section        0  led.o(.text)
    .text                                    0x08002a9c   Section        2  use_no_semi_2.o(.text)
    .text                                    0x08002aa0   Section        0  c89vsprintf.o(.text)
    .text                                    0x08002ac4   Section      138  rt_memcpy_v6.o(.text)
    .text                                    0x08002b4e   Section      100  rt_memcpy_w.o(.text)
    .text                                    0x08002bb2   Section       78  rt_memclr_w.o(.text)
    .text                                    0x08002c00   Section        0  heapauxi.o(.text)
    .text                                    0x08002c06   Section        2  use_no_semi.o(.text)
    .text                                    0x08002c08   Section        0  _printf_pad.o(.text)
    .text                                    0x08002c56   Section        0  _printf_truncate.o(.text)
    .text                                    0x08002c7a   Section        0  _printf_str.o(.text)
    .text                                    0x08002ccc   Section        0  _printf_dec.o(.text)
    .text                                    0x08002d44   Section        0  _printf_charcount.o(.text)
    .text                                    0x08002d6c   Section        0  _printf_char_common.o(.text)
    _printf_input_char                       0x08002d6d   Thumb Code    10  _printf_char_common.o(.text)
    .text                                    0x08002d9c   Section        0  _sputc.o(.text)
    .text                                    0x08002da8   Section        0  _printf_wctomb.o(.text)
    .text                                    0x08002e64   Section        0  _printf_longlong_dec.o(.text)
    .text                                    0x08002ee0   Section        0  _printf_oct_int_ll.o(.text)
    _printf_longlong_oct_internal            0x08002ee1   Thumb Code     0  _printf_oct_int_ll.o(.text)
    .text                                    0x08002f50   Section        0  _printf_hex_int_ll_ptr.o(.text)
    _printf_hex_common                       0x08002f51   Thumb Code     0  _printf_hex_int_ll_ptr.o(.text)
    .text                                    0x08002fe4   Section        0  __printf_flags_ss_wp.o(.text)
    .text                                    0x0800316c   Section      138  lludiv10.o(.text)
    .text                                    0x080031f6   Section        0  _printf_intcommon.o(.text)
    .text                                    0x080032a8   Section        0  _printf_fp_dec.o(.text)
    _fp_digits                               0x080032ab   Thumb Code   432  _printf_fp_dec.o(.text)
    .text                                    0x080036c6   Section        0  _printf_char.o(.text)
    .text                                    0x080036f2   Section        0  _printf_wchar.o(.text)
    .text                                    0x0800371e   Section        0  _wcrtomb.o(.text)
    .text                                    0x0800375e   Section       74  sys_stackheap_outer.o(.text)
    .text                                    0x080037a8   Section       16  rt_ctype_table.o(.text)
    .text                                    0x080037b8   Section        8  rt_locale_intlibspace.o(.text)
    .text                                    0x080037c0   Section        0  _printf_fp_infnan.o(.text)
    .text                                    0x08003840   Section        0  bigflt0.o(.text)
    .text                                    0x08003924   Section        0  exit.o(.text)
    .text                                    0x08003938   Section        8  libspace.o(.text)
    .text                                    0x08003940   Section      128  strcmpv7m.o(.text)
    CL$$btod_d2e                             0x080039c0   Section       62  btod.o(CL$$btod_d2e)
    CL$$btod_d2e_denorm_low                  0x080039fe   Section       70  btod.o(CL$$btod_d2e_denorm_low)
    CL$$btod_d2e_norm_op1                    0x08003a44   Section       96  btod.o(CL$$btod_d2e_norm_op1)
    CL$$btod_div_common                      0x08003aa4   Section      824  btod.o(CL$$btod_div_common)
    CL$$btod_e2e                             0x08003ddc   Section      220  btod.o(CL$$btod_e2e)
    CL$$btod_ediv                            0x08003eb8   Section       42  btod.o(CL$$btod_ediv)
    CL$$btod_emul                            0x08003ee2   Section       42  btod.o(CL$$btod_emul)
    CL$$btod_mult_common                     0x08003f0c   Section      580  btod.o(CL$$btod_mult_common)
    i.__ARM_fpclassify                       0x08004150   Section        0  fpclassify.o(i.__ARM_fpclassify)
    i._is_digit                              0x08004178   Section        0  __printf_wp.o(i._is_digit)
    locale$$code                             0x08004188   Section       44  lc_numeric_c.o(locale$$code)
    locale$$code                             0x080041b4   Section       44  lc_ctype_c.o(locale$$code)
    x$fpl$printf1                            0x080041e0   Section        4  printf1.o(x$fpl$printf1)
    .constdata                               0x080041e4   Section       24  main.o(.constdata)
    x$fpl$usenofp                            0x080041e4   Section        0  usenofp.o(x$fpl$usenofp)
    .constdata                               0x080041fc   Section        8  _printf_wctomb.o(.constdata)
    initial_mbstate                          0x080041fc   Data           8  _printf_wctomb.o(.constdata)
    .constdata                               0x08004204   Section       40  _printf_hex_int_ll_ptr.o(.constdata)
    uc_hextab                                0x08004204   Data          20  _printf_hex_int_ll_ptr.o(.constdata)
    lc_hextab                                0x08004218   Data          20  _printf_hex_int_ll_ptr.o(.constdata)
    .constdata                               0x0800422c   Section       17  __printf_flags_ss_wp.o(.constdata)
    maptable                                 0x0800422c   Data          17  __printf_flags_ss_wp.o(.constdata)
    .constdata                               0x08004240   Section      148  bigflt0.o(.constdata)
    tenpwrs_x                                0x08004240   Data          60  bigflt0.o(.constdata)
    tenpwrs_i                                0x0800427c   Data          64  bigflt0.o(.constdata)
    locale$$data                             0x080042f4   Section       28  lc_numeric_c.o(locale$$data)
    __lcnum_c_name                           0x080042f8   Data           2  lc_numeric_c.o(locale$$data)
    __lcnum_c_start                          0x08004300   Data           0  lc_numeric_c.o(locale$$data)
    __lcnum_c_point                          0x0800430c   Data           0  lc_numeric_c.o(locale$$data)
    __lcnum_c_thousands                      0x0800430e   Data           0  lc_numeric_c.o(locale$$data)
    __lcnum_c_grouping                       0x0800430f   Data           0  lc_numeric_c.o(locale$$data)
    locale$$data                             0x08004310   Section      272  lc_ctype_c.o(locale$$data)
    __lcnum_c_end                            0x08004310   Data           0  lc_numeric_c.o(locale$$data)
    __lcctype_c_name                         0x08004314   Data           2  lc_ctype_c.o(locale$$data)
    __lcctype_c_start                        0x0800431c   Data           0  lc_ctype_c.o(locale$$data)
    __lcctype_c_end                          0x08004420   Data           0  lc_ctype_c.o(locale$$data)
    .data                                    0x20000000   Section       20  system_stm32f10x.o(.data)
    .data                                    0x20000014   Section       20  stm32f10x_rcc.o(.data)
    APBAHBPrescTable                         0x20000014   Data          16  stm32f10x_rcc.o(.data)
    ADCPrescTable                            0x20000024   Data           4  stm32f10x_rcc.o(.data)
    .data                                    0x20000028   Section        4  delay.o(.data)
    fac_us                                   0x20000028   Data           1  delay.o(.data)
    fac_ms                                   0x2000002a   Data           2  delay.o(.data)
    .data                                    0x2000002c   Section        9  usart.o(.data)
    i                                        0x20000034   Data           1  usart.o(.data)
    .data                                    0x20000038   Section        4  timer.o(.data)
    .bss                                     0x2000003c   Section      264  usart.o(.bss)
    rebuf                                    0x20000130   Data          20  usart.o(.bss)
    .bss                                     0x20000144   Section       96  libspace.o(.bss)
    HEAP                                     0x200001a8   Section      512  startup_stm32f10x_hd.o(HEAP)
    Heap_Mem                                 0x200001a8   Data         512  startup_stm32f10x_hd.o(HEAP)
    STACK                                    0x200003a8   Section     1024  startup_stm32f10x_hd.o(STACK)
    Stack_Mem                                0x200003a8   Data        1024  startup_stm32f10x_hd.o(STACK)
    __initial_sp                             0x200007a8   Data           0  startup_stm32f10x_hd.o(STACK)

    Global Symbols

    Symbol Name                              Value     Ov Type        Size  Object(Section)

    BuildAttributes$$THM_ISAv4$P$D$K$B$S$PE$A:L22UL41UL21$X:L11$S22US41US21$IEEE1$IW$USESV6$~STKCKD$USESV7$~SHL$OTIME$ROPI$IEEEJ$EBA8$UX$STANDARDLIB$REQ8$PRES8$EABIv2 0x00000000   Number         0  anon$$obj.o ABSOLUTE
    __ARM_use_no_argv                        0x00000000   Number         0  main.o ABSOLUTE
    _printf_flags                            0x00000000   Number         0  printf_stubs.o ABSOLUTE
    _printf_return_value                     0x00000000   Number         0  printf_stubs.o ABSOLUTE
    _printf_sizespec                         0x00000000   Number         0  printf_stubs.o ABSOLUTE
    _printf_widthprec                        0x00000000   Number         0  printf_stubs.o ABSOLUTE
    __ARM_exceptions_init                     - Undefined Weak Reference
    __alloca_initialize                       - Undefined Weak Reference
    __arm_preinit_                            - Undefined Weak Reference
    __cpp_initialize__aeabi_                  - Undefined Weak Reference
    __cxa_finalize                            - Undefined Weak Reference
    __sigvec_lookup                           - Undefined Weak Reference
    _atexit_init                              - Undefined Weak Reference
    _call_atexit_fns                          - Undefined Weak Reference
    _clock_init                               - Undefined Weak Reference
    _fp_trap_init                             - Undefined Weak Reference
    _fp_trap_shutdown                         - Undefined Weak Reference
    _get_lc_collate                           - Undefined Weak Reference
    _get_lc_monetary                          - Undefined Weak Reference
    _get_lc_time                              - Undefined Weak Reference
    _getenv_init                              - Undefined Weak Reference
    _handle_redirection                       - Undefined Weak Reference
    _init_alloc                               - Undefined Weak Reference
    _init_user_alloc                          - Undefined Weak Reference
    _initio                                   - Undefined Weak Reference
    _printf_fp_hex                            - Undefined Weak Reference
    _printf_mbtowc                            - Undefined Weak Reference
    _printf_wc                                - Undefined Weak Reference
    _rand_init                                - Undefined Weak Reference
    _signal_finish                            - Undefined Weak Reference
    _signal_init                              - Undefined Weak Reference
    _terminate_alloc                          - Undefined Weak Reference
    _terminate_user_alloc                     - Undefined Weak Reference
    _terminateio                              - Undefined Weak Reference
    __Vectors_Size                           0x00000130   Number         0  startup_stm32f10x_hd.o ABSOLUTE
    __Vectors                                0x08000000   Data           4  startup_stm32f10x_hd.o(RESET)
    __Vectors_End                            0x08000130   Data           0  startup_stm32f10x_hd.o(RESET)
    __main                                   0x08000131   Thumb Code     8  __main.o(!!!main)
    __scatterload                            0x08000139   Thumb Code     0  __scatter.o(!!!scatter)
    __scatterload_rt2                        0x08000139   Thumb Code    44  __scatter.o(!!!scatter)
    __scatterload_rt2_thumb_only             0x08000139   Thumb Code     0  __scatter.o(!!!scatter)
    __scatterload_null                       0x08000147   Thumb Code     0  __scatter.o(!!!scatter)
    __scatterload_copy                       0x0800016d   Thumb Code    26  __scatter_copy.o(!!handler_copy)
    __scatterload_zeroinit                   0x08000189   Thumb Code    28  __scatter_zi.o(!!handler_zi)
    _printf_n                                0x080001a5   Thumb Code     0  _printf_n.o(.ARM.Collect$$_printf_percent$$00000001)
    _printf_percent                          0x080001a5   Thumb Code     0  _printf_percent.o(.ARM.Collect$$_printf_percent$$00000000)
    _printf_p                                0x080001ab   Thumb Code     0  _printf_p.o(.ARM.Collect$$_printf_percent$$00000002)
    _printf_f                                0x080001b1   Thumb Code     0  _printf_f.o(.ARM.Collect$$_printf_percent$$00000003)
    _printf_e                                0x080001b7   Thumb Code     0  _printf_e.o(.ARM.Collect$$_printf_percent$$00000004)
    _printf_g                                0x080001bd   Thumb Code     0  _printf_g.o(.ARM.Collect$$_printf_percent$$00000005)
    _printf_a                                0x080001c3   Thumb Code     0  _printf_a.o(.ARM.Collect$$_printf_percent$$00000006)
    _printf_ll                               0x080001c9   Thumb Code     0  _printf_ll.o(.ARM.Collect$$_printf_percent$$00000007)
    _printf_i                                0x080001d3   Thumb Code     0  _printf_i.o(.ARM.Collect$$_printf_percent$$00000008)
    _printf_d                                0x080001d9   Thumb Code     0  _printf_d.o(.ARM.Collect$$_printf_percent$$00000009)
    _printf_u                                0x080001df   Thumb Code     0  _printf_u.o(.ARM.Collect$$_printf_percent$$0000000A)
    _printf_o                                0x080001e5   Thumb Code     0  _printf_o.o(.ARM.Collect$$_printf_percent$$0000000B)
    _printf_x                                0x080001eb   Thumb Code     0  _printf_x.o(.ARM.Collect$$_printf_percent$$0000000C)
    _printf_lli                              0x080001f1   Thumb Code     0  _printf_lli.o(.ARM.Collect$$_printf_percent$$0000000D)
    _printf_lld                              0x080001f7   Thumb Code     0  _printf_lld.o(.ARM.Collect$$_printf_percent$$0000000E)
    _printf_llu                              0x080001fd   Thumb Code     0  _printf_llu.o(.ARM.Collect$$_printf_percent$$0000000F)
    _printf_llo                              0x08000203   Thumb Code     0  _printf_llo.o(.ARM.Collect$$_printf_percent$$00000010)
    _printf_llx                              0x08000209   Thumb Code     0  _printf_llx.o(.ARM.Collect$$_printf_percent$$00000011)
    _printf_l                                0x0800020f   Thumb Code     0  _printf_l.o(.ARM.Collect$$_printf_percent$$00000012)
    _printf_c                                0x08000219   Thumb Code     0  _printf_c.o(.ARM.Collect$$_printf_percent$$00000013)
    _printf_s                                0x0800021f   Thumb Code     0  _printf_s.o(.ARM.Collect$$_printf_percent$$00000014)
    _printf_lc                               0x08000225   Thumb Code     0  _printf_lc.o(.ARM.Collect$$_printf_percent$$00000015)
    _printf_ls                               0x0800022b   Thumb Code     0  _printf_ls.o(.ARM.Collect$$_printf_percent$$00000016)
    _printf_percent_end                      0x08000231   Thumb Code     0  _printf_percent_end.o(.ARM.Collect$$_printf_percent$$00000017)
    __rt_lib_init                            0x08000235   Thumb Code     0  libinit.o(.ARM.Collect$$libinit$$00000000)
    __rt_lib_init_fp_1                       0x08000237   Thumb Code     0  libinit2.o(.ARM.Collect$$libinit$$00000002)
    __rt_lib_init_heap_1                     0x08000237   Thumb Code     0  libinit2.o(.ARM.Collect$$libinit$$0000000A)
    __rt_lib_init_lc_common                  0x08000237   Thumb Code     0  libinit2.o(.ARM.Collect$$libinit$$0000000F)
    __rt_lib_init_preinit_1                  0x08000237   Thumb Code     0  libinit2.o(.ARM.Collect$$libinit$$00000004)
    __rt_lib_init_rand_1                     0x08000237   Thumb Code     0  libinit2.o(.ARM.Collect$$libinit$$0000000E)
    __rt_lib_init_user_alloc_1               0x08000237   Thumb Code     0  libinit2.o(.ARM.Collect$$libinit$$0000000C)
    __rt_lib_init_lc_collate_1               0x0800023d   Thumb Code     0  libinit2.o(.ARM.Collect$$libinit$$00000011)
    __rt_lib_init_lc_ctype_2                 0x0800023d   Thumb Code     0  libinit2.o(.ARM.Collect$$libinit$$00000012)
    __rt_lib_init_lc_ctype_1                 0x08000249   Thumb Code     0  libinit2.o(.ARM.Collect$$libinit$$00000013)
    __rt_lib_init_lc_monetary_1              0x08000249   Thumb Code     0  libinit2.o(.ARM.Collect$$libinit$$00000015)
    __rt_lib_init_lc_numeric_2               0x08000249   Thumb Code     0  libinit2.o(.ARM.Collect$$libinit$$00000016)
    __rt_lib_init_alloca_1                   0x08000253   Thumb Code     0  libinit2.o(.ARM.Collect$$libinit$$0000002E)
    __rt_lib_init_argv_1                     0x08000253   Thumb Code     0  libinit2.o(.ARM.Collect$$libinit$$0000002C)
    __rt_lib_init_atexit_1                   0x08000253   Thumb Code     0  libinit2.o(.ARM.Collect$$libinit$$0000001B)
    __rt_lib_init_clock_1                    0x08000253   Thumb Code     0  libinit2.o(.ARM.Collect$$libinit$$00000021)
    __rt_lib_init_cpp_1                      0x08000253   Thumb Code     0  libinit2.o(.ARM.Collect$$libinit$$00000032)
    __rt_lib_init_exceptions_1               0x08000253   Thumb Code     0  libinit2.o(.ARM.Collect$$libinit$$00000030)
    __rt_lib_init_fp_trap_1                  0x08000253   Thumb Code     0  libinit2.o(.ARM.Collect$$libinit$$0000001F)
    __rt_lib_init_getenv_1                   0x08000253   Thumb Code     0  libinit2.o(.ARM.Collect$$libinit$$00000023)
    __rt_lib_init_lc_numeric_1               0x08000253   Thumb Code     0  libinit2.o(.ARM.Collect$$libinit$$00000017)
    __rt_lib_init_lc_time_1                  0x08000253   Thumb Code     0  libinit2.o(.ARM.Collect$$libinit$$00000019)
    __rt_lib_init_return                     0x08000253   Thumb Code     0  libinit2.o(.ARM.Collect$$libinit$$00000033)
    __rt_lib_init_signal_1                   0x08000253   Thumb Code     0  libinit2.o(.ARM.Collect$$libinit$$0000001D)
    __rt_lib_init_stdio_1                    0x08000253   Thumb Code     0  libinit2.o(.ARM.Collect$$libinit$$00000025)
    __rt_lib_shutdown                        0x08000255   Thumb Code     0  libshutdown.o(.ARM.Collect$$libshutdown$$00000000)
    __rt_lib_shutdown_cpp_1                  0x08000257   Thumb Code     0  libshutdown2.o(.ARM.Collect$$libshutdown$$00000002)
    __rt_lib_shutdown_fp_trap_1              0x08000257   Thumb Code     0  libshutdown2.o(.ARM.Collect$$libshutdown$$00000007)
    __rt_lib_shutdown_heap_1                 0x08000257   Thumb Code     0  libshutdown2.o(.ARM.Collect$$libshutdown$$0000000F)
    __rt_lib_shutdown_return                 0x08000257   Thumb Code     0  libshutdown2.o(.ARM.Collect$$libshutdown$$00000010)
    __rt_lib_shutdown_signal_1               0x08000257   Thumb Code     0  libshutdown2.o(.ARM.Collect$$libshutdown$$0000000A)
    __rt_lib_shutdown_stdio_1                0x08000257   Thumb Code     0  libshutdown2.o(.ARM.Collect$$libshutdown$$00000004)
    __rt_lib_shutdown_user_alloc_1           0x08000257   Thumb Code     0  libshutdown2.o(.ARM.Collect$$libshutdown$$0000000C)
    __rt_entry                               0x08000259   Thumb Code     0  __rtentry.o(.ARM.Collect$$rtentry$$00000000)
    __rt_entry_presh_1                       0x08000259   Thumb Code     0  __rtentry2.o(.ARM.Collect$$rtentry$$00000002)
    __rt_entry_sh                            0x08000259   Thumb Code     0  __rtentry4.o(.ARM.Collect$$rtentry$$00000004)
    __rt_entry_li                            0x0800025f   Thumb Code     0  __rtentry2.o(.ARM.Collect$$rtentry$$0000000A)
    __rt_entry_postsh_1                      0x0800025f   Thumb Code     0  __rtentry2.o(.ARM.Collect$$rtentry$$00000009)
    __rt_entry_main                          0x08000263   Thumb Code     0  __rtentry2.o(.ARM.Collect$$rtentry$$0000000D)
    __rt_entry_postli_1                      0x08000263   Thumb Code     0  __rtentry2.o(.ARM.Collect$$rtentry$$0000000C)
    __rt_exit                                0x0800026b   Thumb Code     0  rtexit.o(.ARM.Collect$$rtexit$$00000000)
    __rt_exit_ls                             0x0800026d   Thumb Code     0  rtexit2.o(.ARM.Collect$$rtexit$$00000003)
    __rt_exit_prels_1                        0x0800026d   Thumb Code     0  rtexit2.o(.ARM.Collect$$rtexit$$00000002)
    __rt_exit_exit                           0x08000271   Thumb Code     0  rtexit2.o(.ARM.Collect$$rtexit$$00000004)
    Reset_Handler                            0x08000279   Thumb Code     8  startup_stm32f10x_hd.o(.text)
    ADC1_2_IRQHandler                        0x08000293   Thumb Code     0  startup_stm32f10x_hd.o(.text)
    ADC3_IRQHandler                          0x08000293   Thumb Code     0  startup_stm32f10x_hd.o(.text)
    CAN1_RX1_IRQHandler                      0x08000293   Thumb Code     0  startup_stm32f10x_hd.o(.text)
    CAN1_SCE_IRQHandler                      0x08000293   Thumb Code     0  startup_stm32f10x_hd.o(.text)
    DMA1_Channel1_IRQHandler                 0x08000293   Thumb Code     0  startup_stm32f10x_hd.o(.text)
    DMA1_Channel2_IRQHandler                 0x08000293   Thumb Code     0  startup_stm32f10x_hd.o(.text)
    DMA1_Channel3_IRQHandler                 0x08000293   Thumb Code     0  startup_stm32f10x_hd.o(.text)
    DMA1_Channel4_IRQHandler                 0x08000293   Thumb Code     0  startup_stm32f10x_hd.o(.text)
    DMA1_Channel5_IRQHandler                 0x08000293   Thumb Code     0  startup_stm32f10x_hd.o(.text)
    DMA1_Channel6_IRQHandler                 0x08000293   Thumb Code     0  startup_stm32f10x_hd.o(.text)
    DMA1_Channel7_IRQHandler                 0x08000293   Thumb Code     0  startup_stm32f10x_hd.o(.text)
    DMA2_Channel1_IRQHandler                 0x08000293   Thumb Code     0  startup_stm32f10x_hd.o(.text)
    DMA2_Channel2_IRQHandler                 0x08000293   Thumb Code     0  startup_stm32f10x_hd.o(.text)
    DMA2_Channel3_IRQHandler                 0x08000293   Thumb Code     0  startup_stm32f10x_hd.o(.text)
    DMA2_Channel4_5_IRQHandler               0x08000293   Thumb Code     0  startup_stm32f10x_hd.o(.text)
    EXTI0_IRQHandler                         0x08000293   Thumb Code     0  startup_stm32f10x_hd.o(.text)
    EXTI15_10_IRQHandler                     0x08000293   Thumb Code     0  startup_stm32f10x_hd.o(.text)
    EXTI1_IRQHandler                         0x08000293   Thumb Code     0  startup_stm32f10x_hd.o(.text)
    EXTI2_IRQHandler                         0x08000293   Thumb Code     0  startup_stm32f10x_hd.o(.text)
    EXTI3_IRQHandler                         0x08000293   Thumb Code     0  startup_stm32f10x_hd.o(.text)
    EXTI4_IRQHandler                         0x08000293   Thumb Code     0  startup_stm32f10x_hd.o(.text)
    EXTI9_5_IRQHandler                       0x08000293   Thumb Code     0  startup_stm32f10x_hd.o(.text)
    FLASH_IRQHandler                         0x08000293   Thumb Code     0  startup_stm32f10x_hd.o(.text)
    FSMC_IRQHandler                          0x08000293   Thumb Code     0  startup_stm32f10x_hd.o(.text)
    I2C1_ER_IRQHandler                       0x08000293   Thumb Code     0  startup_stm32f10x_hd.o(.text)
    I2C1_EV_IRQHandler                       0x08000293   Thumb Code     0  startup_stm32f10x_hd.o(.text)
    I2C2_ER_IRQHandler                       0x08000293   Thumb Code     0  startup_stm32f10x_hd.o(.text)
    I2C2_EV_IRQHandler                       0x08000293   Thumb Code     0  startup_stm32f10x_hd.o(.text)
    PVD_IRQHandler                           0x08000293   Thumb Code     0  startup_stm32f10x_hd.o(.text)
    RCC_IRQHandler                           0x08000293   Thumb Code     0  startup_stm32f10x_hd.o(.text)
    RTCAlarm_IRQHandler                      0x08000293   Thumb Code     0  startup_stm32f10x_hd.o(.text)
    RTC_IRQHandler                           0x08000293   Thumb Code     0  startup_stm32f10x_hd.o(.text)
    SDIO_IRQHandler                          0x08000293   Thumb Code     0  startup_stm32f10x_hd.o(.text)
    SPI1_IRQHandler                          0x08000293   Thumb Code     0  startup_stm32f10x_hd.o(.text)
    SPI2_IRQHandler                          0x08000293   Thumb Code     0  startup_stm32f10x_hd.o(.text)
    SPI3_IRQHandler                          0x08000293   Thumb Code     0  startup_stm32f10x_hd.o(.text)
    TAMPER_IRQHandler                        0x08000293   Thumb Code     0  startup_stm32f10x_hd.o(.text)
    TIM1_BRK_IRQHandler                      0x08000293   Thumb Code     0  startup_stm32f10x_hd.o(.text)
    TIM1_CC_IRQHandler                       0x08000293   Thumb Code     0  startup_stm32f10x_hd.o(.text)
    TIM1_TRG_COM_IRQHandler                  0x08000293   Thumb Code     0  startup_stm32f10x_hd.o(.text)
    TIM1_UP_IRQHandler                       0x08000293   Thumb Code     0  startup_stm32f10x_hd.o(.text)
    TIM2_IRQHandler                          0x08000293   Thumb Code     0  startup_stm32f10x_hd.o(.text)
    TIM4_IRQHandler                          0x08000293   Thumb Code     0  startup_stm32f10x_hd.o(.text)
    TIM5_IRQHandler                          0x08000293   Thumb Code     0  startup_stm32f10x_hd.o(.text)
    TIM6_IRQHandler                          0x08000293   Thumb Code     0  startup_stm32f10x_hd.o(.text)
    TIM7_IRQHandler                          0x08000293   Thumb Code     0  startup_stm32f10x_hd.o(.text)
    TIM8_BRK_IRQHandler                      0x08000293   Thumb Code     0  startup_stm32f10x_hd.o(.text)
    TIM8_CC_IRQHandler                       0x08000293   Thumb Code     0  startup_stm32f10x_hd.o(.text)
    TIM8_TRG_COM_IRQHandler                  0x08000293   Thumb Code     0  startup_stm32f10x_hd.o(.text)
    TIM8_UP_IRQHandler                       0x08000293   Thumb Code     0  startup_stm32f10x_hd.o(.text)
    UART4_IRQHandler                         0x08000293   Thumb Code     0  startup_stm32f10x_hd.o(.text)
    UART5_IRQHandler                         0x08000293   Thumb Code     0  startup_stm32f10x_hd.o(.text)
    USART3_IRQHandler                        0x08000293   Thumb Code     0  startup_stm32f10x_hd.o(.text)
    USBWakeUp_IRQHandler                     0x08000293   Thumb Code     0  startup_stm32f10x_hd.o(.text)
    USB_HP_CAN1_TX_IRQHandler                0x08000293   Thumb Code     0  startup_stm32f10x_hd.o(.text)
    USB_LP_CAN1_RX0_IRQHandler               0x08000293   Thumb Code     0  startup_stm32f10x_hd.o(.text)
    WWDG_IRQHandler                          0x08000293   Thumb Code     0  startup_stm32f10x_hd.o(.text)
    __user_initial_stackheap                 0x08000295   Thumb Code     0  startup_stm32f10x_hd.o(.text)
    SystemInit                               0x08000397   Thumb Code    78  system_stm32f10x.o(.text)
    SystemCoreClockUpdate                    0x080003e5   Thumb Code   142  system_stm32f10x.o(.text)
    NVIC_PriorityGroupConfig                 0x08000499   Thumb Code    10  misc.o(.text)
    NVIC_Init                                0x080004a3   Thumb Code   100  misc.o(.text)
    NVIC_SetVectorTable                      0x08000507   Thumb Code    14  misc.o(.text)
    NVIC_SystemLPConfig                      0x08000515   Thumb Code    34  misc.o(.text)
    SysTick_CLKSourceConfig                  0x08000537   Thumb Code    40  misc.o(.text)
    ADC_DeInit                               0x08000575   Thumb Code    78  stm32f10x_adc.o(.text)
    ADC_Init                                 0x080005c3   Thumb Code    70  stm32f10x_adc.o(.text)
    ADC_StructInit                           0x08000609   Thumb Code    18  stm32f10x_adc.o(.text)
    ADC_Cmd                                  0x0800061b   Thumb Code    22  stm32f10x_adc.o(.text)
    ADC_DMACmd                               0x08000631   Thumb Code    22  stm32f10x_adc.o(.text)
    ADC_ITConfig                             0x08000647   Thumb Code    24  stm32f10x_adc.o(.text)
    ADC_ResetCalibration                     0x0800065f   Thumb Code    10  stm32f10x_adc.o(.text)
    ADC_GetResetCalibrationStatus            0x08000669   Thumb Code    20  stm32f10x_adc.o(.text)
    ADC_StartCalibration                     0x0800067d   Thumb Code    10  stm32f10x_adc.o(.text)
    ADC_GetCalibrationStatus                 0x08000687   Thumb Code    20  stm32f10x_adc.o(.text)
    ADC_SoftwareStartConvCmd                 0x0800069b   Thumb Code    22  stm32f10x_adc.o(.text)
    ADC_GetSoftwareStartConvStatus           0x080006b1   Thumb Code    20  stm32f10x_adc.o(.text)
    ADC_DiscModeChannelCountConfig           0x080006c5   Thumb Code    24  stm32f10x_adc.o(.text)
    ADC_DiscModeCmd                          0x080006dd   Thumb Code    22  stm32f10x_adc.o(.text)
    ADC_RegularChannelConfig                 0x080006f3   Thumb Code   184  stm32f10x_adc.o(.text)
    ADC_ExternalTrigConvCmd                  0x080007ab   Thumb Code    22  stm32f10x_adc.o(.text)
    ADC_GetConversionValue                   0x080007c1   Thumb Code     8  stm32f10x_adc.o(.text)
    ADC_GetDualModeConversionValue           0x080007c9   Thumb Code     8  stm32f10x_adc.o(.text)
    ADC_AutoInjectedConvCmd                  0x080007d1   Thumb Code    22  stm32f10x_adc.o(.text)
    ADC_InjectedDiscModeCmd                  0x080007e7   Thumb Code    22  stm32f10x_adc.o(.text)
    ADC_ExternalTrigInjectedConvConfig       0x080007fd   Thumb Code    16  stm32f10x_adc.o(.text)
    ADC_ExternalTrigInjectedConvCmd          0x0800080d   Thumb Code    22  stm32f10x_adc.o(.text)
    ADC_SoftwareStartInjectedConvCmd         0x08000823   Thumb Code    22  stm32f10x_adc.o(.text)
    ADC_GetSoftwareStartInjectedConvCmdStatus 0x08000839   Thumb Code    20  stm32f10x_adc.o(.text)
    ADC_InjectedChannelConfig                0x0800084d   Thumb Code   130  stm32f10x_adc.o(.text)
    ADC_InjectedSequencerLengthConfig        0x080008cf   Thumb Code    24  stm32f10x_adc.o(.text)
    ADC_SetInjectedOffset                    0x080008e7   Thumb Code    20  stm32f10x_adc.o(.text)
    ADC_GetInjectedConversionValue           0x080008fb   Thumb Code    28  stm32f10x_adc.o(.text)
    ADC_AnalogWatchdogCmd                    0x08000917   Thumb Code    16  stm32f10x_adc.o(.text)
    ADC_AnalogWatchdogThresholdsConfig       0x08000927   Thumb Code     6  stm32f10x_adc.o(.text)
    ADC_AnalogWatchdogSingleChannelConfig    0x0800092d   Thumb Code    16  stm32f10x_adc.o(.text)
    ADC_TempSensorVrefintCmd                 0x0800093d   Thumb Code    64  stm32f10x_adc.o(.text)
    ADC_GetFlagStatus                        0x0800097d   Thumb Code    18  stm32f10x_adc.o(.text)
    ADC_ClearFlag                            0x0800098f   Thumb Code     6  stm32f10x_adc.o(.text)
    ADC_GetITStatus                          0x08000995   Thumb Code    36  stm32f10x_adc.o(.text)
    ADC_ClearITPendingBit                    0x080009b9   Thumb Code    10  stm32f10x_adc.o(.text)
    GPIO_DeInit                              0x080009c5   Thumb Code   172  stm32f10x_gpio.o(.text)
    GPIO_AFIODeInit                          0x08000a71   Thumb Code    20  stm32f10x_gpio.o(.text)
    GPIO_Init                                0x08000a85   Thumb Code   278  stm32f10x_gpio.o(.text)
    GPIO_StructInit                          0x08000b9b   Thumb Code    16  stm32f10x_gpio.o(.text)
    GPIO_ReadInputDataBit                    0x08000bab   Thumb Code    18  stm32f10x_gpio.o(.text)
    GPIO_ReadInputData                       0x08000bbd   Thumb Code     8  stm32f10x_gpio.o(.text)
    GPIO_ReadOutputDataBit                   0x08000bc5   Thumb Code    18  stm32f10x_gpio.o(.text)
    GPIO_ReadOutputData                      0x08000bd7   Thumb Code     8  stm32f10x_gpio.o(.text)
    GPIO_SetBits                             0x08000bdf   Thumb Code     4  stm32f10x_gpio.o(.text)
    GPIO_ResetBits                           0x08000be3   Thumb Code     4  stm32f10x_gpio.o(.text)
    GPIO_WriteBit                            0x08000be7   Thumb Code    10  stm32f10x_gpio.o(.text)
    GPIO_Write                               0x08000bf1   Thumb Code     4  stm32f10x_gpio.o(.text)
    GPIO_PinLockConfig                       0x08000bf5   Thumb Code    18  stm32f10x_gpio.o(.text)
    GPIO_EventOutputConfig                   0x08000c07   Thumb Code    26  stm32f10x_gpio.o(.text)
    GPIO_EventOutputCmd                      0x08000c21   Thumb Code     6  stm32f10x_gpio.o(.text)
    GPIO_PinRemapConfig                      0x08000c27   Thumb Code   138  stm32f10x_gpio.o(.text)
    GPIO_EXTILineConfig                      0x08000cb1   Thumb Code    66  stm32f10x_gpio.o(.text)
    GPIO_ETH_MediaInterfaceConfig            0x08000cf3   Thumb Code     8  stm32f10x_gpio.o(.text)
    RCC_DeInit                               0x08000d21   Thumb Code    64  stm32f10x_rcc.o(.text)
    RCC_HSEConfig                            0x08000d61   Thumb Code    70  stm32f10x_rcc.o(.text)
    RCC_GetFlagStatus                        0x08000da7   Thumb Code    56  stm32f10x_rcc.o(.text)
    RCC_WaitForHSEStartUp                    0x08000ddf   Thumb Code    56  stm32f10x_rcc.o(.text)
    RCC_AdjustHSICalibrationValue            0x08000e17   Thumb Code    20  stm32f10x_rcc.o(.text)
    RCC_HSICmd                               0x08000e2b   Thumb Code     6  stm32f10x_rcc.o(.text)
    RCC_PLLConfig                            0x08000e31   Thumb Code    24  stm32f10x_rcc.o(.text)
    RCC_PLLCmd                               0x08000e49   Thumb Code     6  stm32f10x_rcc.o(.text)
    RCC_SYSCLKConfig                         0x08000e4f   Thumb Code    18  stm32f10x_rcc.o(.text)
    RCC_GetSYSCLKSource                      0x08000e61   Thumb Code    10  stm32f10x_rcc.o(.text)
    RCC_HCLKConfig                           0x08000e6b   Thumb Code    18  stm32f10x_rcc.o(.text)
    RCC_PCLK1Config                          0x08000e7d   Thumb Code    18  stm32f10x_rcc.o(.text)
    RCC_PCLK2Config                          0x08000e8f   Thumb Code    20  stm32f10x_rcc.o(.text)
    RCC_ITConfig                             0x08000ea3   Thumb Code    26  stm32f10x_rcc.o(.text)
    RCC_USBCLKConfig                         0x08000ebd   Thumb Code     8  stm32f10x_rcc.o(.text)
    RCC_ADCCLKConfig                         0x08000ec5   Thumb Code    18  stm32f10x_rcc.o(.text)
    RCC_LSEConfig                            0x08000ed7   Thumb Code    50  stm32f10x_rcc.o(.text)
    RCC_LSICmd                               0x08000f09   Thumb Code     6  stm32f10x_rcc.o(.text)
    RCC_RTCCLKConfig                         0x08000f0f   Thumb Code    12  stm32f10x_rcc.o(.text)
    RCC_RTCCLKCmd                            0x08000f1b   Thumb Code     8  stm32f10x_rcc.o(.text)
    RCC_GetClocksFreq                        0x08000f23   Thumb Code   192  stm32f10x_rcc.o(.text)
    RCC_AHBPeriphClockCmd                    0x08000fe3   Thumb Code    26  stm32f10x_rcc.o(.text)
    RCC_APB2PeriphClockCmd                   0x08000ffd   Thumb Code    26  stm32f10x_rcc.o(.text)
    RCC_APB1PeriphClockCmd                   0x08001017   Thumb Code    26  stm32f10x_rcc.o(.text)
    RCC_APB2PeriphResetCmd                   0x08001031   Thumb Code    26  stm32f10x_rcc.o(.text)
    RCC_APB1PeriphResetCmd                   0x0800104b   Thumb Code    26  stm32f10x_rcc.o(.text)
    RCC_BackupResetCmd                       0x08001065   Thumb Code     8  stm32f10x_rcc.o(.text)
    RCC_ClockSecuritySystemCmd               0x0800106d   Thumb Code     6  stm32f10x_rcc.o(.text)
    RCC_MCOConfig                            0x08001073   Thumb Code     6  stm32f10x_rcc.o(.text)
    RCC_ClearFlag                            0x08001079   Thumb Code    14  stm32f10x_rcc.o(.text)
    RCC_GetITStatus                          0x08001087   Thumb Code    20  stm32f10x_rcc.o(.text)
    RCC_ClearITPendingBit                    0x0800109b   Thumb Code     6  stm32f10x_rcc.o(.text)
    TIM_DeInit                               0x080010c5   Thumb Code   424  stm32f10x_tim.o(.text)
    TIM_TimeBaseInit                         0x0800126d   Thumb Code   122  stm32f10x_tim.o(.text)
    TIM_OC1Init                              0x080012e7   Thumb Code   132  stm32f10x_tim.o(.text)
    TIM_OC2Init                              0x0800136b   Thumb Code   154  stm32f10x_tim.o(.text)
    TIM_OC3Init                              0x08001405   Thumb Code   150  stm32f10x_tim.o(.text)
    TIM_OC4Init                              0x0800149b   Thumb Code   182  stm32f10x_tim.o(.text)
    TIM_SetIC4Prescaler                      0x08001551   Thumb Code    26  stm32f10x_tim.o(.text)
    TIM_SetIC3Prescaler                      0x080015ed   Thumb Code    18  stm32f10x_tim.o(.text)
    TIM_SetIC2Prescaler                      0x08001679   Thumb Code    26  stm32f10x_tim.o(.text)
    TIM_SetIC1Prescaler                      0x08001715   Thumb Code    18  stm32f10x_tim.o(.text)
    TIM_ICInit                               0x08001793   Thumb Code   150  stm32f10x_tim.o(.text)
    TIM_PWMIConfig                           0x08001829   Thumb Code   124  stm32f10x_tim.o(.text)
    TIM_BDTRConfig                           0x080018a5   Thumb Code    32  stm32f10x_tim.o(.text)
    TIM_TimeBaseStructInit                   0x080018c5   Thumb Code    18  stm32f10x_tim.o(.text)
    TIM_OCStructInit                         0x080018d7   Thumb Code    20  stm32f10x_tim.o(.text)
    TIM_ICStructInit                         0x080018eb   Thumb Code    18  stm32f10x_tim.o(.text)
    TIM_BDTRStructInit                       0x080018fd   Thumb Code    40  stm32f10x_tim.o(.text)
    TIM_Cmd                                  0x08001925   Thumb Code    24  stm32f10x_tim.o(.text)
    TIM_CtrlPWMOutputs                       0x0800193d   Thumb Code    30  stm32f10x_tim.o(.text)
    TIM_ITConfig                             0x0800195b   Thumb Code    18  stm32f10x_tim.o(.text)
    TIM_GenerateEvent                        0x0800196d   Thumb Code     4  stm32f10x_tim.o(.text)
    TIM_DMAConfig                            0x08001971   Thumb Code    10  stm32f10x_tim.o(.text)
    TIM_DMACmd                               0x0800197b   Thumb Code    18  stm32f10x_tim.o(.text)
    TIM_InternalClockConfig                  0x0800198d   Thumb Code    12  stm32f10x_tim.o(.text)
    TIM_SelectInputTrigger                   0x08001999   Thumb Code    18  stm32f10x_tim.o(.text)
    TIM_ITRxExternalClockConfig              0x080019ab   Thumb Code    24  stm32f10x_tim.o(.text)
    TIM_TIxExternalClockConfig               0x080019c3   Thumb Code    62  stm32f10x_tim.o(.text)
    TIM_ETRConfig                            0x08001a01   Thumb Code    28  stm32f10x_tim.o(.text)
    TIM_ETRClockMode1Config                  0x08001a1d   Thumb Code    54  stm32f10x_tim.o(.text)
    TIM_ETRClockMode2Config                  0x08001a53   Thumb Code    32  stm32f10x_tim.o(.text)
    TIM_PrescalerConfig                      0x08001a73   Thumb Code     6  stm32f10x_tim.o(.text)
    TIM_CounterModeConfig                    0x08001a79   Thumb Code    18  stm32f10x_tim.o(.text)
    TIM_EncoderInterfaceConfig               0x08001a8b   Thumb Code    66  stm32f10x_tim.o(.text)
    TIM_ForcedOC1Config                      0x08001acd   Thumb Code    18  stm32f10x_tim.o(.text)
    TIM_ForcedOC2Config                      0x08001adf   Thumb Code    26  stm32f10x_tim.o(.text)
    TIM_ForcedOC3Config                      0x08001af9   Thumb Code    18  stm32f10x_tim.o(.text)
    TIM_ForcedOC4Config                      0x08001b0b   Thumb Code    26  stm32f10x_tim.o(.text)
    TIM_ARRPreloadConfig                     0x08001b25   Thumb Code    24  stm32f10x_tim.o(.text)
    TIM_SelectCOM                            0x08001b3d   Thumb Code    24  stm32f10x_tim.o(.text)
    TIM_SelectCCDMA                          0x08001b55   Thumb Code    24  stm32f10x_tim.o(.text)
    TIM_CCPreloadControl                     0x08001b6d   Thumb Code    24  stm32f10x_tim.o(.text)
    TIM_OC1PreloadConfig                     0x08001b85   Thumb Code    18  stm32f10x_tim.o(.text)
    TIM_OC2PreloadConfig                     0x08001b97   Thumb Code    26  stm32f10x_tim.o(.text)
    TIM_OC3PreloadConfig                     0x08001bb1   Thumb Code    18  stm32f10x_tim.o(.text)
    TIM_OC4PreloadConfig                     0x08001bc3   Thumb Code    26  stm32f10x_tim.o(.text)
    TIM_OC1FastConfig                        0x08001bdd   Thumb Code    18  stm32f10x_tim.o(.text)
    TIM_OC2FastConfig                        0x08001bef   Thumb Code    26  stm32f10x_tim.o(.text)
    TIM_OC3FastConfig                        0x08001c09   Thumb Code    18  stm32f10x_tim.o(.text)
    TIM_OC4FastConfig                        0x08001c1b   Thumb Code    26  stm32f10x_tim.o(.text)
    TIM_ClearOC1Ref                          0x08001c35   Thumb Code    18  stm32f10x_tim.o(.text)
    TIM_ClearOC2Ref                          0x08001c47   Thumb Code    24  stm32f10x_tim.o(.text)
    TIM_ClearOC3Ref                          0x08001c5f   Thumb Code    18  stm32f10x_tim.o(.text)
    TIM_ClearOC4Ref                          0x08001c71   Thumb Code    24  stm32f10x_tim.o(.text)
    TIM_OC1PolarityConfig                    0x08001c89   Thumb Code    18  stm32f10x_tim.o(.text)
    TIM_OC1NPolarityConfig                   0x08001c9b   Thumb Code    18  stm32f10x_tim.o(.text)
    TIM_OC2PolarityConfig                    0x08001cad   Thumb Code    26  stm32f10x_tim.o(.text)
    TIM_OC2NPolarityConfig                   0x08001cc7   Thumb Code    26  stm32f10x_tim.o(.text)
    TIM_OC3PolarityConfig                    0x08001ce1   Thumb Code    26  stm32f10x_tim.o(.text)
    TIM_OC3NPolarityConfig                   0x08001cfb   Thumb Code    26  stm32f10x_tim.o(.text)
    TIM_OC4PolarityConfig                    0x08001d15   Thumb Code    26  stm32f10x_tim.o(.text)
    TIM_CCxCmd                               0x08001d2f   Thumb Code    30  stm32f10x_tim.o(.text)
    TIM_CCxNCmd                              0x08001d4d   Thumb Code    30  stm32f10x_tim.o(.text)
    TIM_SelectOCxM                           0x08001d6b   Thumb Code    82  stm32f10x_tim.o(.text)
    TIM_UpdateDisableConfig                  0x08001dbd   Thumb Code    24  stm32f10x_tim.o(.text)
    TIM_UpdateRequestConfig                  0x08001dd5   Thumb Code    24  stm32f10x_tim.o(.text)
    TIM_SelectHallSensor                     0x08001ded   Thumb Code    24  stm32f10x_tim.o(.text)
    TIM_SelectOnePulseMode                   0x08001e05   Thumb Code    18  stm32f10x_tim.o(.text)
    TIM_SelectOutputTrigger                  0x08001e17   Thumb Code    18  stm32f10x_tim.o(.text)
    TIM_SelectSlaveMode                      0x08001e29   Thumb Code    18  stm32f10x_tim.o(.text)
    TIM_SelectMasterSlaveMode                0x08001e3b   Thumb Code    18  stm32f10x_tim.o(.text)
    TIM_SetCounter                           0x08001e4d   Thumb Code     4  stm32f10x_tim.o(.text)
    TIM_SetAutoreload                        0x08001e51   Thumb Code     4  stm32f10x_tim.o(.text)
    TIM_SetCompare1                          0x08001e55   Thumb Code     4  stm32f10x_tim.o(.text)
    TIM_SetCompare2                          0x08001e59   Thumb Code     4  stm32f10x_tim.o(.text)
    TIM_SetCompare3                          0x08001e5d   Thumb Code     4  stm32f10x_tim.o(.text)
    TIM_SetCompare4                          0x08001e61   Thumb Code     6  stm32f10x_tim.o(.text)
    TIM_SetClockDivision                     0x08001e67   Thumb Code    18  stm32f10x_tim.o(.text)
    TIM_GetCapture1                          0x08001e79   Thumb Code     6  stm32f10x_tim.o(.text)
    TIM_GetCapture2                          0x08001e7f   Thumb Code     6  stm32f10x_tim.o(.text)
    TIM_GetCapture3                          0x08001e85   Thumb Code     6  stm32f10x_tim.o(.text)
    TIM_GetCapture4                          0x08001e8b   Thumb Code     8  stm32f10x_tim.o(.text)
    TIM_GetCounter                           0x08001e93   Thumb Code     6  stm32f10x_tim.o(.text)
    TIM_GetPrescaler                         0x08001e99   Thumb Code     6  stm32f10x_tim.o(.text)
    TIM_GetFlagStatus                        0x08001e9f   Thumb Code    18  stm32f10x_tim.o(.text)
    TIM_ClearFlag                            0x08001eb1   Thumb Code     6  stm32f10x_tim.o(.text)
    TIM_GetITStatus                          0x08001eb7   Thumb Code    34  stm32f10x_tim.o(.text)
    TIM_ClearITPendingBit                    0x08001ed9   Thumb Code     6  stm32f10x_tim.o(.text)
    USART_DeInit                             0x08001ee1   Thumb Code   134  stm32f10x_usart.o(.text)
    USART_Init                               0x08001f67   Thumb Code   210  stm32f10x_usart.o(.text)
    USART_StructInit                         0x08002039   Thumb Code    24  stm32f10x_usart.o(.text)
    USART_ClockInit                          0x08002051   Thumb Code    34  stm32f10x_usart.o(.text)
    USART_ClockStructInit                    0x08002073   Thumb Code    12  stm32f10x_usart.o(.text)
    USART_Cmd                                0x0800207f   Thumb Code    24  stm32f10x_usart.o(.text)
    USART_ITConfig                           0x08002097   Thumb Code    74  stm32f10x_usart.o(.text)
    USART_DMACmd                             0x080020e1   Thumb Code    18  stm32f10x_usart.o(.text)
    USART_SetAddress                         0x080020f3   Thumb Code    18  stm32f10x_usart.o(.text)
    USART_WakeUpConfig                       0x08002105   Thumb Code    18  stm32f10x_usart.o(.text)
    USART_ReceiverWakeUpCmd                  0x08002117   Thumb Code    24  stm32f10x_usart.o(.text)
    USART_LINBreakDetectLengthConfig         0x0800212f   Thumb Code    18  stm32f10x_usart.o(.text)
    USART_LINCmd                             0x08002141   Thumb Code    24  stm32f10x_usart.o(.text)
    USART_SendData                           0x08002159   Thumb Code     8  stm32f10x_usart.o(.text)
    USART_ReceiveData                        0x08002161   Thumb Code    10  stm32f10x_usart.o(.text)
    USART_SendBreak                          0x0800216b   Thumb Code    10  stm32f10x_usart.o(.text)
    USART_SetGuardTime                       0x08002175   Thumb Code    16  stm32f10x_usart.o(.text)
    USART_SetPrescaler                       0x08002185   Thumb Code    16  stm32f10x_usart.o(.text)
    USART_SmartCardCmd                       0x08002195   Thumb Code    24  stm32f10x_usart.o(.text)
    USART_SmartCardNACKCmd                   0x080021ad   Thumb Code    24  stm32f10x_usart.o(.text)
    USART_HalfDuplexCmd                      0x080021c5   Thumb Code    24  stm32f10x_usart.o(.text)
    USART_OverSampling8Cmd                   0x080021dd   Thumb Code    22  stm32f10x_usart.o(.text)
    USART_OneBitMethodCmd                    0x080021f3   Thumb Code    24  stm32f10x_usart.o(.text)
    USART_IrDAConfig                         0x0800220b   Thumb Code    18  stm32f10x_usart.o(.text)
    USART_IrDACmd                            0x0800221d   Thumb Code    24  stm32f10x_usart.o(.text)
    USART_GetFlagStatus                      0x08002235   Thumb Code    26  stm32f10x_usart.o(.text)
    USART_ClearFlag                          0x0800224f   Thumb Code    18  stm32f10x_usart.o(.text)
    USART_GetITStatus                        0x08002261   Thumb Code    84  stm32f10x_usart.o(.text)
    USART_ClearITPendingBit                  0x080022b5   Thumb Code    52  stm32f10x_usart.o(.text)
    main                                     0x080022e9   Thumb Code   354  main.o(.text)
    NMI_Handler                              0x08002465   Thumb Code     2  stm32f10x_it.o(.text)
    HardFault_Handler                        0x08002467   Thumb Code     4  stm32f10x_it.o(.text)
    MemManage_Handler                        0x0800246b   Thumb Code     4  stm32f10x_it.o(.text)
    BusFault_Handler                         0x0800246f   Thumb Code     4  stm32f10x_it.o(.text)
    UsageFault_Handler                       0x08002473   Thumb Code     4  stm32f10x_it.o(.text)
    SVC_Handler                              0x08002477   Thumb Code     2  stm32f10x_it.o(.text)
    DebugMon_Handler                         0x08002479   Thumb Code     2  stm32f10x_it.o(.text)
    PendSV_Handler                           0x0800247b   Thumb Code     2  stm32f10x_it.o(.text)
    SysTick_Handler                          0x0800247d   Thumb Code     2  stm32f10x_it.o(.text)
    DelayInit                                0x08002481   Thumb Code    50  delay.o(.text)
    DelayUs                                  0x080024b3   Thumb Code    72  delay.o(.text)
    DelayMs                                  0x080024fb   Thumb Code    72  delay.o(.text)
    DelayS                                   0x08002543   Thumb Code    26  delay.o(.text)
    _sys_exit                                0x0800256d   Thumb Code     6  usart.o(.text)
    fputc                                    0x08002573   Thumb Code    24  usart.o(.text)
    USART1_Init                              0x0800258b   Thumb Code   152  usart.o(.text)
    USART2_Init                              0x08002623   Thumb Code   160  usart.o(.text)
    USART_Printf                             0x080026c3   Thumb Code    68  usart.o(.text)
    USART_SendStr                            0x08002707   Thumb Code    50  usart.o(.text)
    USART1_IRQHandler                        0x08002739   Thumb Code    24  usart.o(.text)
    USART2_IRQHandler                        0x08002751   Thumb Code   190  usart.o(.text)
    USART_Safe_Send                          0x0800280f   Thumb Code    68  usart.o(.text)
    Send_Com                                 0x08002853   Thumb Code    30  usart.o(.text)
    USART_Uplaod                             0x08002871   Thumb Code   100  usart.o(.text)
    TIM3_Init                                0x080028f9   Thumb Code    90  timer.o(.text)
    TIM3_IRQHandler                          0x08002953   Thumb Code    32  timer.o(.text)
    ADC_GPIO_Init                            0x0800297d   Thumb Code    32  adc.o(.text)
    ADC_Conf_Init                            0x0800299d   Thumb Code   108  adc.o(.text)
    ADC_Read                                 0x08002a09   Thumb Code    52  adc.o(.text)
    ADC_Read_Stable                          0x08002a3d   Thumb Code    42  adc.o(.text)
    LED_Init                                 0x08002a71   Thumb Code    40  led.o(.text)
    __use_no_semihosting                     0x08002a9d   Thumb Code     2  use_no_semi_2.o(.text)
    __c89vsprintf                            0x08002aa1   Thumb Code    32  c89vsprintf.o(.text)
    __aeabi_memcpy                           0x08002ac5   Thumb Code     0  rt_memcpy_v6.o(.text)
    __rt_memcpy                              0x08002ac5   Thumb Code   138  rt_memcpy_v6.o(.text)
    _memcpy_lastbytes                        0x08002b2b   Thumb Code     0  rt_memcpy_v6.o(.text)
    __aeabi_memcpy4                          0x08002b4f   Thumb Code     0  rt_memcpy_w.o(.text)
    __aeabi_memcpy8                          0x08002b4f   Thumb Code     0  rt_memcpy_w.o(.text)
    __rt_memcpy_w                            0x08002b4f   Thumb Code   100  rt_memcpy_w.o(.text)
    _memcpy_lastbytes_aligned                0x08002b97   Thumb Code     0  rt_memcpy_w.o(.text)
    __aeabi_memclr4                          0x08002bb3   Thumb Code     0  rt_memclr_w.o(.text)
    __aeabi_memclr8                          0x08002bb3   Thumb Code     0  rt_memclr_w.o(.text)
    __rt_memclr_w                            0x08002bb3   Thumb Code    78  rt_memclr_w.o(.text)
    _memset_w                                0x08002bb7   Thumb Code     0  rt_memclr_w.o(.text)
    __use_two_region_memory                  0x08002c01   Thumb Code     2  heapauxi.o(.text)
    __rt_heap_escrow$2region                 0x08002c03   Thumb Code     2  heapauxi.o(.text)
    __rt_heap_expand$2region                 0x08002c05   Thumb Code     2  heapauxi.o(.text)
    __I$use$semihosting                      0x08002c07   Thumb Code     0  use_no_semi.o(.text)
    __use_no_semihosting_swi                 0x08002c07   Thumb Code     2  use_no_semi.o(.text)
    _printf_pre_padding                      0x08002c09   Thumb Code    44  _printf_pad.o(.text)
    _printf_post_padding                     0x08002c35   Thumb Code    34  _printf_pad.o(.text)
    _printf_truncate_signed                  0x08002c57   Thumb Code    18  _printf_truncate.o(.text)
    _printf_truncate_unsigned                0x08002c69   Thumb Code    18  _printf_truncate.o(.text)
    _printf_str                              0x08002c7b   Thumb Code    82  _printf_str.o(.text)
    _printf_int_dec                          0x08002ccd   Thumb Code   104  _printf_dec.o(.text)
    _printf_charcount                        0x08002d45   Thumb Code    40  _printf_charcount.o(.text)
    _printf_char_common                      0x08002d77   Thumb Code    32  _printf_char_common.o(.text)
    _sputc                                   0x08002d9d   Thumb Code    10  _sputc.o(.text)
    _printf_wctomb                           0x08002da9   Thumb Code   182  _printf_wctomb.o(.text)
    _printf_longlong_dec                     0x08002e65   Thumb Code   108  _printf_longlong_dec.o(.text)
    _printf_longlong_oct                     0x08002ee1   Thumb Code    66  _printf_oct_int_ll.o(.text)
    _printf_int_oct                          0x08002f23   Thumb Code    24  _printf_oct_int_ll.o(.text)
    _printf_ll_oct                           0x08002f3b   Thumb Code    12  _printf_oct_int_ll.o(.text)
    _printf_longlong_hex                     0x08002f51   Thumb Code    86  _printf_hex_int_ll_ptr.o(.text)
    _printf_int_hex                          0x08002fa7   Thumb Code    28  _printf_hex_int_ll_ptr.o(.text)
    _printf_ll_hex                           0x08002fc3   Thumb Code    12  _printf_hex_int_ll_ptr.o(.text)
    _printf_hex_ptr                          0x08002fcf   Thumb Code    18  _printf_hex_int_ll_ptr.o(.text)
    __printf                                 0x08002fe5   Thumb Code   388  __printf_flags_ss_wp.o(.text)
    _ll_udiv10                               0x0800316d   Thumb Code   138  lludiv10.o(.text)
    _printf_int_common                       0x080031f7   Thumb Code   178  _printf_intcommon.o(.text)
    __lib_sel_fp_printf                      0x080032a9   Thumb Code     2  _printf_fp_dec.o(.text)
    _printf_fp_dec_real                      0x0800345b   Thumb Code   620  _printf_fp_dec.o(.text)
    _printf_cs_common                        0x080036c7   Thumb Code    20  _printf_char.o(.text)
    _printf_char                             0x080036db   Thumb Code    16  _printf_char.o(.text)
    _printf_string                           0x080036eb   Thumb Code     8  _printf_char.o(.text)
    _printf_lcs_common                       0x080036f3   Thumb Code    20  _printf_wchar.o(.text)
    _printf_wchar                            0x08003707   Thumb Code    16  _printf_wchar.o(.text)
    _printf_wstring                          0x08003717   Thumb Code     8  _printf_wchar.o(.text)
    _wcrtomb                                 0x0800371f   Thumb Code    64  _wcrtomb.o(.text)
    __user_setup_stackheap                   0x0800375f   Thumb Code    74  sys_stackheap_outer.o(.text)
    __rt_ctype_table                         0x080037a9   Thumb Code    16  rt_ctype_table.o(.text)
    __rt_locale                              0x080037b9   Thumb Code     8  rt_locale_intlibspace.o(.text)
    _printf_fp_infnan                        0x080037c1   Thumb Code   112  _printf_fp_infnan.o(.text)
    _btod_etento                             0x08003841   Thumb Code   224  bigflt0.o(.text)
    exit                                     0x08003925   Thumb Code    18  exit.o(.text)
    __user_libspace                          0x08003939   Thumb Code     8  libspace.o(.text)
    __user_perproc_libspace                  0x08003939   Thumb Code     0  libspace.o(.text)
    __user_perthread_libspace                0x08003939   Thumb Code     0  libspace.o(.text)
    strcmp                                   0x08003941   Thumb Code   128  strcmpv7m.o(.text)
    _btod_d2e                                0x080039c1   Thumb Code    62  btod.o(CL$$btod_d2e)
    _d2e_denorm_low                          0x080039ff   Thumb Code    70  btod.o(CL$$btod_d2e_denorm_low)
    _d2e_norm_op1                            0x08003a45   Thumb Code    96  btod.o(CL$$btod_d2e_norm_op1)
    __btod_div_common                        0x08003aa5   Thumb Code   696  btod.o(CL$$btod_div_common)
    _e2e                                     0x08003ddd   Thumb Code   220  btod.o(CL$$btod_e2e)
    _btod_ediv                               0x08003eb9   Thumb Code    42  btod.o(CL$$btod_ediv)
    _btod_emul                               0x08003ee3   Thumb Code    42  btod.o(CL$$btod_emul)
    __btod_mult_common                       0x08003f0d   Thumb Code   580  btod.o(CL$$btod_mult_common)
    __ARM_fpclassify                         0x08004151   Thumb Code    40  fpclassify.o(i.__ARM_fpclassify)
    _is_digit                                0x08004179   Thumb Code    14  __printf_wp.o(i._is_digit)
    _get_lc_numeric                          0x08004189   Thumb Code    44  lc_numeric_c.o(locale$$code)
    _get_lc_ctype                            0x080041b5   Thumb Code    44  lc_ctype_c.o(locale$$code)
    _printf_fp_dec                           0x080041e1   Thumb Code     4  printf1.o(x$fpl$printf1)
    __I$use$fp                               0x080041e4   Number         0  usenofp.o(x$fpl$usenofp)
    Region$$Table$$Base                      0x080042d4   Number         0  anon$$obj.o(Region$$Table)
    Region$$Table$$Limit                     0x080042f4   Number         0  anon$$obj.o(Region$$Table)
    __ctype                                  0x0800431d   Data           0  lc_ctype_c.o(locale$$data)
    SystemCoreClock                          0x20000000   Data           4  system_stm32f10x.o(.data)
    AHBPrescTable                            0x20000004   Data          16  system_stm32f10x.o(.data)
    __stdout                                 0x2000002c   Data           4  usart.o(.data)
    USART_RX_STA                             0x20000030   Data           2  usart.o(.data)
    Receive_ok                               0x20000032   Data           1  usart.o(.data)
    ReceiveLight_ok                          0x20000033   Data           1  usart.o(.data)
    Time                                     0x20000038   Data           4  timer.o(.data)
    USART_RX_BUF                             0x2000003c   Data         200  usart.o(.bss)
    raw_data                                 0x20000104   Data          32  usart.o(.bss)
    light_data                               0x20000124   Data          12  usart.o(.bss)
    __libspace_start                         0x20000144   Data          96  libspace.o(.bss)
    __temporary_stack_top$libspace           0x200001a4   Data           0  libspace.o(.bss)



==============================================================================

Memory Map of the image

  Image Entry point : 0x08000131

  Load Region LR_IROM1 (Base: 0x08000000, Size: 0x0000445c, Max: 0x00010000, ABSOLUTE)

    Execution Region ER_IROM1 (Exec base: 0x08000000, Load base: 0x08000000, Size: 0x00004420, Max: 0x00010000, ABSOLUTE)

    Exec Addr    Load Addr    Size         Type   Attr      Idx    E Section Name        Object

    0x08000000   0x08000000   0x00000130   Data   RO            3    RESET               startup_stm32f10x_hd.o
    0x08000130   0x08000130   0x00000008   Code   RO          573  * !!!main             c_w.l(__main.o)
    0x08000138   0x08000138   0x00000034   Code   RO          883    !!!scatter          c_w.l(__scatter.o)
    0x0800016c   0x0800016c   0x0000001a   Code   RO          885    !!handler_copy      c_w.l(__scatter_copy.o)
    0x08000186   0x08000186   0x00000002   PAD
    0x08000188   0x08000188   0x0000001c   Code   RO          887    !!handler_zi        c_w.l(__scatter_zi.o)
    0x080001a4   0x080001a4   0x00000000   Code   RO          659    .ARM.Collect$$_printf_percent$$00000000  c_w.l(_printf_percent.o)
    0x080001a4   0x080001a4   0x00000006   Code   RO          648    .ARM.Collect$$_printf_percent$$00000001  c_w.l(_printf_n.o)
    0x080001aa   0x080001aa   0x00000006   Code   RO          650    .ARM.Collect$$_printf_percent$$00000002  c_w.l(_printf_p.o)
    0x080001b0   0x080001b0   0x00000006   Code   RO          655    .ARM.Collect$$_printf_percent$$00000003  c_w.l(_printf_f.o)
    0x080001b6   0x080001b6   0x00000006   Code   RO          656    .ARM.Collect$$_printf_percent$$00000004  c_w.l(_printf_e.o)
    0x080001bc   0x080001bc   0x00000006   Code   RO          657    .ARM.Collect$$_printf_percent$$00000005  c_w.l(_printf_g.o)
    0x080001c2   0x080001c2   0x00000006   Code   RO          658    .ARM.Collect$$_printf_percent$$00000006  c_w.l(_printf_a.o)
    0x080001c8   0x080001c8   0x0000000a   Code   RO          663    .ARM.Collect$$_printf_percent$$00000007  c_w.l(_printf_ll.o)
    0x080001d2   0x080001d2   0x00000006   Code   RO          652    .ARM.Collect$$_printf_percent$$00000008  c_w.l(_printf_i.o)
    0x080001d8   0x080001d8   0x00000006   Code   RO          653    .ARM.Collect$$_printf_percent$$00000009  c_w.l(_printf_d.o)
    0x080001de   0x080001de   0x00000006   Code   RO          654    .ARM.Collect$$_printf_percent$$0000000A  c_w.l(_printf_u.o)
    0x080001e4   0x080001e4   0x00000006   Code   RO          651    .ARM.Collect$$_printf_percent$$0000000B  c_w.l(_printf_o.o)
    0x080001ea   0x080001ea   0x00000006   Code   RO          649    .ARM.Collect$$_printf_percent$$0000000C  c_w.l(_printf_x.o)
    0x080001f0   0x080001f0   0x00000006   Code   RO          660    .ARM.Collect$$_printf_percent$$0000000D  c_w.l(_printf_lli.o)
    0x080001f6   0x080001f6   0x00000006   Code   RO          661    .ARM.Collect$$_printf_percent$$0000000E  c_w.l(_printf_lld.o)
    0x080001fc   0x080001fc   0x00000006   Code   RO          662    .ARM.Collect$$_printf_percent$$0000000F  c_w.l(_printf_llu.o)
    0x08000202   0x08000202   0x00000006   Code   RO          667    .ARM.Collect$$_printf_percent$$00000010  c_w.l(_printf_llo.o)
    0x08000208   0x08000208   0x00000006   Code   RO          668    .ARM.Collect$$_printf_percent$$00000011  c_w.l(_printf_llx.o)
    0x0800020e   0x0800020e   0x0000000a   Code   RO          664    .ARM.Collect$$_printf_percent$$00000012  c_w.l(_printf_l.o)
    0x08000218   0x08000218   0x00000006   Code   RO          646    .ARM.Collect$$_printf_percent$$00000013  c_w.l(_printf_c.o)
    0x0800021e   0x0800021e   0x00000006   Code   RO          647    .ARM.Collect$$_printf_percent$$00000014  c_w.l(_printf_s.o)
    0x08000224   0x08000224   0x00000006   Code   RO          665    .ARM.Collect$$_printf_percent$$00000015  c_w.l(_printf_lc.o)
    0x0800022a   0x0800022a   0x00000006   Code   RO          666    .ARM.Collect$$_printf_percent$$00000016  c_w.l(_printf_ls.o)
    0x08000230   0x08000230   0x00000004   Code   RO          698    .ARM.Collect$$_printf_percent$$00000017  c_w.l(_printf_percent_end.o)
    0x08000234   0x08000234   0x00000002   Code   RO          747    .ARM.Collect$$libinit$$00000000  c_w.l(libinit.o)
    0x08000236   0x08000236   0x00000000   Code   RO          764    .ARM.Collect$$libinit$$00000002  c_w.l(libinit2.o)
    0x08000236   0x08000236   0x00000000   Code   RO          766    .ARM.Collect$$libinit$$00000004  c_w.l(libinit2.o)
    0x08000236   0x08000236   0x00000000   Code   RO          769    .ARM.Collect$$libinit$$0000000A  c_w.l(libinit2.o)
    0x08000236   0x08000236   0x00000000   Code   RO          771    .ARM.Collect$$libinit$$0000000C  c_w.l(libinit2.o)
    0x08000236   0x08000236   0x00000000   Code   RO          773    .ARM.Collect$$libinit$$0000000E  c_w.l(libinit2.o)
    0x08000236   0x08000236   0x00000006   Code   RO          774    .ARM.Collect$$libinit$$0000000F  c_w.l(libinit2.o)
    0x0800023c   0x0800023c   0x00000000   Code   RO          776    .ARM.Collect$$libinit$$00000011  c_w.l(libinit2.o)
    0x0800023c   0x0800023c   0x0000000c   Code   RO          777    .ARM.Collect$$libinit$$00000012  c_w.l(libinit2.o)
    0x08000248   0x08000248   0x00000000   Code   RO          778    .ARM.Collect$$libinit$$00000013  c_w.l(libinit2.o)
    0x08000248   0x08000248   0x00000000   Code   RO          780    .ARM.Collect$$libinit$$00000015  c_w.l(libinit2.o)
    0x08000248   0x08000248   0x0000000a   Code   RO          781    .ARM.Collect$$libinit$$00000016  c_w.l(libinit2.o)
    0x08000252   0x08000252   0x00000000   Code   RO          782    .ARM.Collect$$libinit$$00000017  c_w.l(libinit2.o)
    0x08000252   0x08000252   0x00000000   Code   RO          784    .ARM.Collect$$libinit$$00000019  c_w.l(libinit2.o)
    0x08000252   0x08000252   0x00000000   Code   RO          786    .ARM.Collect$$libinit$$0000001B  c_w.l(libinit2.o)
    0x08000252   0x08000252   0x00000000   Code   RO          788    .ARM.Collect$$libinit$$0000001D  c_w.l(libinit2.o)
    0x08000252   0x08000252   0x00000000   Code   RO          790    .ARM.Collect$$libinit$$0000001F  c_w.l(libinit2.o)
    0x08000252   0x08000252   0x00000000   Code   RO          792    .ARM.Collect$$libinit$$00000021  c_w.l(libinit2.o)
    0x08000252   0x08000252   0x00000000   Code   RO          794    .ARM.Collect$$libinit$$00000023  c_w.l(libinit2.o)
    0x08000252   0x08000252   0x00000000   Code   RO          796    .ARM.Collect$$libinit$$00000025  c_w.l(libinit2.o)
    0x08000252   0x08000252   0x00000000   Code   RO          800    .ARM.Collect$$libinit$$0000002C  c_w.l(libinit2.o)
    0x08000252   0x08000252   0x00000000   Code   RO          802    .ARM.Collect$$libinit$$0000002E  c_w.l(libinit2.o)
    0x08000252   0x08000252   0x00000000   Code   RO          804    .ARM.Collect$$libinit$$00000030  c_w.l(libinit2.o)
    0x08000252   0x08000252   0x00000000   Code   RO          806    .ARM.Collect$$libinit$$00000032  c_w.l(libinit2.o)
    0x08000252   0x08000252   0x00000002   Code   RO          807    .ARM.Collect$$libinit$$00000033  c_w.l(libinit2.o)
    0x08000254   0x08000254   0x00000002   Code   RO          825    .ARM.Collect$$libshutdown$$00000000  c_w.l(libshutdown.o)
    0x08000256   0x08000256   0x00000000   Code   RO          835    .ARM.Collect$$libshutdown$$00000002  c_w.l(libshutdown2.o)
    0x08000256   0x08000256   0x00000000   Code   RO          837    .ARM.Collect$$libshutdown$$00000004  c_w.l(libshutdown2.o)
    0x08000256   0x08000256   0x00000000   Code   RO          840    .ARM.Collect$$libshutdown$$00000007  c_w.l(libshutdown2.o)
    0x08000256   0x08000256   0x00000000   Code   RO          843    .ARM.Collect$$libshutdown$$0000000A  c_w.l(libshutdown2.o)
    0x08000256   0x08000256   0x00000000   Code   RO          845    .ARM.Collect$$libshutdown$$0000000C  c_w.l(libshutdown2.o)
    0x08000256   0x08000256   0x00000000   Code   RO          848    .ARM.Collect$$libshutdown$$0000000F  c_w.l(libshutdown2.o)
    0x08000256   0x08000256   0x00000002   Code   RO          849    .ARM.Collect$$libshutdown$$00000010  c_w.l(libshutdown2.o)
    0x08000258   0x08000258   0x00000000   Code   RO          577    .ARM.Collect$$rtentry$$00000000  c_w.l(__rtentry.o)
    0x08000258   0x08000258   0x00000000   Code   RO          672    .ARM.Collect$$rtentry$$00000002  c_w.l(__rtentry2.o)
    0x08000258   0x08000258   0x00000006   Code   RO          684    .ARM.Collect$$rtentry$$00000004  c_w.l(__rtentry4.o)
    0x0800025e   0x0800025e   0x00000000   Code   RO          674    .ARM.Collect$$rtentry$$00000009  c_w.l(__rtentry2.o)
    0x0800025e   0x0800025e   0x00000004   Code   RO          675    .ARM.Collect$$rtentry$$0000000A  c_w.l(__rtentry2.o)
    0x08000262   0x08000262   0x00000000   Code   RO          677    .ARM.Collect$$rtentry$$0000000C  c_w.l(__rtentry2.o)
    0x08000262   0x08000262   0x00000008   Code   RO          678    .ARM.Collect$$rtentry$$0000000D  c_w.l(__rtentry2.o)
    0x0800026a   0x0800026a   0x00000002   Code   RO          756    .ARM.Collect$$rtexit$$00000000  c_w.l(rtexit.o)
    0x0800026c   0x0800026c   0x00000000   Code   RO          809    .ARM.Collect$$rtexit$$00000002  c_w.l(rtexit2.o)
    0x0800026c   0x0800026c   0x00000004   Code   RO          810    .ARM.Collect$$rtexit$$00000003  c_w.l(rtexit2.o)
    0x08000270   0x08000270   0x00000006   Code   RO          811    .ARM.Collect$$rtexit$$00000004  c_w.l(rtexit2.o)
    0x08000276   0x08000276   0x00000002   PAD
    0x08000278   0x08000278   0x00000040   Code   RO            4    .text               startup_stm32f10x_hd.o
    0x080002b8   0x080002b8   0x000001e0   Code   RO           24    .text               system_stm32f10x.o
    0x08000498   0x08000498   0x000000dc   Code   RO          121    .text               misc.o
    0x08000574   0x08000574   0x0000044e   Code   RO          137    .text               stm32f10x_adc.o
    0x080009c2   0x080009c2   0x00000002   PAD
    0x080009c4   0x080009c4   0x0000035c   Code   RO          269    .text               stm32f10x_gpio.o
    0x08000d20   0x08000d20   0x000003a4   Code   RO          317    .text               stm32f10x_rcc.o
    0x080010c4   0x080010c4   0x00000e1a   Code   RO          367    .text               stm32f10x_tim.o
    0x08001ede   0x08001ede   0x00000002   PAD
    0x08001ee0   0x08001ee0   0x00000408   Code   RO          379    .text               stm32f10x_usart.o
    0x080022e8   0x080022e8   0x0000017c   Code   RO          403    .text               main.o
    0x08002464   0x08002464   0x0000001a   Code   RO          446    .text               stm32f10x_it.o
    0x0800247e   0x0800247e   0x00000002   PAD
    0x08002480   0x08002480   0x000000ec   Code   RO          461    .text               delay.o
    0x0800256c   0x0800256c   0x0000038c   Code   RO          491    .text               usart.o
    0x080028f8   0x080028f8   0x00000084   Code   RO          520    .text               timer.o
    0x0800297c   0x0800297c   0x000000f4   Code   RO          535    .text               adc.o
    0x08002a70   0x08002a70   0x0000002c   Code   RO          547    .text               led.o
    0x08002a9c   0x08002a9c   0x00000002   Code   RO          561    .text               c_w.l(use_no_semi_2.o)
    0x08002a9e   0x08002a9e   0x00000002   PAD
    0x08002aa0   0x08002aa0   0x00000024   Code   RO          563    .text               c_w.l(c89vsprintf.o)
    0x08002ac4   0x08002ac4   0x0000008a   Code   RO          565    .text               c_w.l(rt_memcpy_v6.o)
    0x08002b4e   0x08002b4e   0x00000064   Code   RO          567    .text               c_w.l(rt_memcpy_w.o)
    0x08002bb2   0x08002bb2   0x0000004e   Code   RO          569    .text               c_w.l(rt_memclr_w.o)
    0x08002c00   0x08002c00   0x00000006   Code   RO          571    .text               c_w.l(heapauxi.o)
    0x08002c06   0x08002c06   0x00000002   Code   RO          575    .text               c_w.l(use_no_semi.o)
    0x08002c08   0x08002c08   0x0000004e   Code   RO          580    .text               c_w.l(_printf_pad.o)
    0x08002c56   0x08002c56   0x00000024   Code   RO          582    .text               c_w.l(_printf_truncate.o)
    0x08002c7a   0x08002c7a   0x00000052   Code   RO          584    .text               c_w.l(_printf_str.o)
    0x08002ccc   0x08002ccc   0x00000078   Code   RO          586    .text               c_w.l(_printf_dec.o)
    0x08002d44   0x08002d44   0x00000028   Code   RO          588    .text               c_w.l(_printf_charcount.o)
    0x08002d6c   0x08002d6c   0x00000030   Code   RO          590    .text               c_w.l(_printf_char_common.o)
    0x08002d9c   0x08002d9c   0x0000000a   Code   RO          592    .text               c_w.l(_sputc.o)
    0x08002da6   0x08002da6   0x00000002   PAD
    0x08002da8   0x08002da8   0x000000bc   Code   RO          594    .text               c_w.l(_printf_wctomb.o)
    0x08002e64   0x08002e64   0x0000007c   Code   RO          597    .text               c_w.l(_printf_longlong_dec.o)
    0x08002ee0   0x08002ee0   0x00000070   Code   RO          603    .text               c_w.l(_printf_oct_int_ll.o)
    0x08002f50   0x08002f50   0x00000094   Code   RO          623    .text               c_w.l(_printf_hex_int_ll_ptr.o)
    0x08002fe4   0x08002fe4   0x00000188   Code   RO          643    .text               c_w.l(__printf_flags_ss_wp.o)
    0x0800316c   0x0800316c   0x0000008a   Code   RO          686    .text               c_w.l(lludiv10.o)
    0x080031f6   0x080031f6   0x000000b2   Code   RO          688    .text               c_w.l(_printf_intcommon.o)
    0x080032a8   0x080032a8   0x0000041e   Code   RO          690    .text               c_w.l(_printf_fp_dec.o)
    0x080036c6   0x080036c6   0x0000002c   Code   RO          694    .text               c_w.l(_printf_char.o)
    0x080036f2   0x080036f2   0x0000002c   Code   RO          696    .text               c_w.l(_printf_wchar.o)
    0x0800371e   0x0800371e   0x00000040   Code   RO          699    .text               c_w.l(_wcrtomb.o)
    0x0800375e   0x0800375e   0x0000004a   Code   RO          701    .text               c_w.l(sys_stackheap_outer.o)
    0x080037a8   0x080037a8   0x00000010   Code   RO          703    .text               c_w.l(rt_ctype_table.o)
    0x080037b8   0x080037b8   0x00000008   Code   RO          708    .text               c_w.l(rt_locale_intlibspace.o)
    0x080037c0   0x080037c0   0x00000080   Code   RO          710    .text               c_w.l(_printf_fp_infnan.o)
    0x08003840   0x08003840   0x000000e4   Code   RO          712    .text               c_w.l(bigflt0.o)
    0x08003924   0x08003924   0x00000012   Code   RO          740    .text               c_w.l(exit.o)
    0x08003936   0x08003936   0x00000002   PAD
    0x08003938   0x08003938   0x00000008   Code   RO          753    .text               c_w.l(libspace.o)
    0x08003940   0x08003940   0x00000080   Code   RO          761    .text               c_w.l(strcmpv7m.o)
    0x080039c0   0x080039c0   0x0000003e   Code   RO          715    CL$$btod_d2e        c_w.l(btod.o)
    0x080039fe   0x080039fe   0x00000046   Code   RO          717    CL$$btod_d2e_denorm_low  c_w.l(btod.o)
    0x08003a44   0x08003a44   0x00000060   Code   RO          716    CL$$btod_d2e_norm_op1  c_w.l(btod.o)
    0x08003aa4   0x08003aa4   0x00000338   Code   RO          725    CL$$btod_div_common  c_w.l(btod.o)
    0x08003ddc   0x08003ddc   0x000000dc   Code   RO          722    CL$$btod_e2e        c_w.l(btod.o)
    0x08003eb8   0x08003eb8   0x0000002a   Code   RO          719    CL$$btod_ediv       c_w.l(btod.o)
    0x08003ee2   0x08003ee2   0x0000002a   Code   RO          718    CL$$btod_emul       c_w.l(btod.o)
    0x08003f0c   0x08003f0c   0x00000244   Code   RO          724    CL$$btod_mult_common  c_w.l(btod.o)
    0x08004150   0x08004150   0x00000028   Code   RO          751    i.__ARM_fpclassify  m_ws.l(fpclassify.o)
    0x08004178   0x08004178   0x0000000e   Code   RO          636    i._is_digit         c_w.l(__printf_wp.o)
    0x08004186   0x08004186   0x00000002   PAD
    0x08004188   0x08004188   0x0000002c   Code   RO          738    locale$$code        c_w.l(lc_numeric_c.o)
    0x080041b4   0x080041b4   0x0000002c   Code   RO          759    locale$$code        c_w.l(lc_ctype_c.o)
    0x080041e0   0x080041e0   0x00000004   Code   RO          669    x$fpl$printf1       fz_ws.l(printf1.o)
    0x080041e4   0x080041e4   0x00000000   Code   RO          750    x$fpl$usenofp       fz_ws.l(usenofp.o)
    0x080041e4   0x080041e4   0x00000018   Data   RO          404    .constdata          main.o
    0x080041fc   0x080041fc   0x00000008   Data   RO          595    .constdata          c_w.l(_printf_wctomb.o)
    0x08004204   0x08004204   0x00000028   Data   RO          624    .constdata          c_w.l(_printf_hex_int_ll_ptr.o)
    0x0800422c   0x0800422c   0x00000011   Data   RO          644    .constdata          c_w.l(__printf_flags_ss_wp.o)
    0x0800423d   0x0800423d   0x00000003   PAD
    0x08004240   0x08004240   0x00000094   Data   RO          713    .constdata          c_w.l(bigflt0.o)
    0x080042d4   0x080042d4   0x00000020   Data   RO          881    Region$$Table       anon$$obj.o
    0x080042f4   0x080042f4   0x0000001c   Data   RO          737    locale$$data        c_w.l(lc_numeric_c.o)
    0x08004310   0x08004310   0x00000110   Data   RO          758    locale$$data        c_w.l(lc_ctype_c.o)


    Execution Region RW_IRAM1 (Exec base: 0x20000000, Load base: 0x08004420, Size: 0x000007a8, Max: 0x00005000, ABSOLUTE)

    Exec Addr    Load Addr    Size         Type   Attr      Idx    E Section Name        Object

    0x20000000   0x08004420   0x00000014   Data   RW           25    .data               system_stm32f10x.o
    0x20000014   0x08004434   0x00000014   Data   RW          318    .data               stm32f10x_rcc.o
    0x20000028   0x08004448   0x00000004   Data   RW          462    .data               delay.o
    0x2000002c   0x0800444c   0x00000009   Data   RW          493    .data               usart.o
    0x20000035   0x08004455   0x00000003   PAD
    0x20000038   0x08004458   0x00000004   Data   RW          521    .data               timer.o
    0x2000003c        -       0x00000108   Zero   RW          492    .bss                usart.o
    0x20000144        -       0x00000060   Zero   RW          754    .bss                c_w.l(libspace.o)
    0x200001a4   0x0800445c   0x00000004   PAD
    0x200001a8        -       0x00000200   Zero   RW            2    HEAP                startup_stm32f10x_hd.o
    0x200003a8        -       0x00000400   Zero   RW            1    STACK               startup_stm32f10x_hd.o


==============================================================================

Image component sizes


      Code (inc. data)   RO Data    RW Data    ZI Data      Debug   Object Name

       244         10          0          0          0       1159   adc.o
         0          0          0          0          0       4508   core_cm3.o
       236         16          0          4          0       1231   delay.o
        44          4          0          0          0        463   led.o
       380         26         24          0          0       1468   main.o
       220         22          0          0          0       1777   misc.o
        64         26        304          0       1536        872   startup_stm32f10x_hd.o
      1102         26          0          0          0      11017   stm32f10x_adc.o
       860         38          0          0          0       5709   stm32f10x_gpio.o
        26          0          0          0          0       1206   stm32f10x_it.o
       932         36          0         20          0       8876   stm32f10x_rcc.o
      3610         88          0          0          0      22820   stm32f10x_tim.o
      1032         22          0          0          0       8432   stm32f10x_usart.o
       480         38          0         20          0     257831   system_stm32f10x.o
       132         10          0          4          0        971   timer.o
       908         36          0          9        264       6174   usart.o

    ----------------------------------------------------------------------
     10276        398        360         60       1800     334514   Object Totals
         0          0         32          0          0          0   (incl. Generated)
         6          0          0          3          0          0   (incl. Padding)

    ----------------------------------------------------------------------

      Code (inc. data)   RO Data    RW Data    ZI Data      Debug   Library Member Name

         8          0          0          0          0         68   __main.o
       392          4         17          0          0         92   __printf_flags_ss_wp.o
        14          0          0          0          0         68   __printf_wp.o
         0          0          0          0          0          0   __rtentry.o
        12          0          0          0          0          0   __rtentry2.o
         6          0          0          0          0          0   __rtentry4.o
        52          8          0          0          0          0   __scatter.o
        26          0          0          0          0          0   __scatter_copy.o
        28          0          0          0          0          0   __scatter_zi.o
         6          0          0          0          0          0   _printf_a.o
         6          0          0          0          0          0   _printf_c.o
        44          0          0          0          0        108   _printf_char.o
        48          6          0          0          0         96   _printf_char_common.o
        40          0          0          0          0         68   _printf_charcount.o
         6          0          0          0          0          0   _printf_d.o
       120         16          0          0          0         92   _printf_dec.o
         6          0          0          0          0          0   _printf_e.o
         6          0          0          0          0          0   _printf_f.o
      1054          0          0          0          0        216   _printf_fp_dec.o
       128         16          0          0          0         84   _printf_fp_infnan.o
         6          0          0          0          0          0   _printf_g.o
       148          4         40          0          0        160   _printf_hex_int_ll_ptr.o
         6          0          0          0          0          0   _printf_i.o
       178          0          0          0          0         88   _printf_intcommon.o
        10          0          0          0          0          0   _printf_l.o
         6          0          0          0          0          0   _printf_lc.o
        10          0          0          0          0          0   _printf_ll.o
         6          0          0          0          0          0   _printf_lld.o
         6          0          0          0          0          0   _printf_lli.o
         6          0          0          0          0          0   _printf_llo.o
         6          0          0          0          0          0   _printf_llu.o
         6          0          0          0          0          0   _printf_llx.o
       124         16          0          0          0         92   _printf_longlong_dec.o
         6          0          0          0          0          0   _printf_ls.o
         6          0          0          0          0          0   _printf_n.o
         6          0          0          0          0          0   _printf_o.o
       112         10          0          0          0        124   _printf_oct_int_ll.o
         6          0          0          0          0          0   _printf_p.o
        78          0          0          0          0        108   _printf_pad.o
         0          0          0          0          0          0   _printf_percent.o
         4          0          0          0          0          0   _printf_percent_end.o
         6          0          0          0          0          0   _printf_s.o
        82          0          0          0          0         80   _printf_str.o
        36          0          0          0          0         84   _printf_truncate.o
         6          0          0          0          0          0   _printf_u.o
        44          0          0          0          0        108   _printf_wchar.o
       188          6          8          0          0         92   _printf_wctomb.o
         6          0          0          0          0          0   _printf_x.o
        10          0          0          0          0         68   _sputc.o
        64          0          0          0          0         92   _wcrtomb.o
       228          4        148          0          0         96   bigflt0.o
      1936        128          0          0          0        672   btod.o
        36          4          0          0          0         76   c89vsprintf.o
        18          0          0          0          0         80   exit.o
         6          0          0          0          0        152   heapauxi.o
        44         10        272          0          0         76   lc_ctype_c.o
        44         10         28          0          0         76   lc_numeric_c.o
         2          0          0          0          0          0   libinit.o
        30          0          0          0          0          0   libinit2.o
         2          0          0          0          0          0   libshutdown.o
         2          0          0          0          0          0   libshutdown2.o
         8          4          0          0         96         68   libspace.o
       138          0          0          0          0         80   lludiv10.o
        16          4          0          0          0         76   rt_ctype_table.o
         8          4          0          0          0         68   rt_locale_intlibspace.o
        78          0          0          0          0         80   rt_memclr_w.o
       138          0          0          0          0         68   rt_memcpy_v6.o
       100          0          0          0          0         80   rt_memcpy_w.o
         2          0          0          0          0          0   rtexit.o
        10          0          0          0          0          0   rtexit2.o
       128          0          0          0          0         68   strcmpv7m.o
        74          0          0          0          0         80   sys_stackheap_outer.o
         2          0          0          0          0         68   use_no_semi.o
         2          0          0          0          0         68   use_no_semi_2.o
         4          0          0          0          0         68   printf1.o
         0          0          0          0          0          0   usenofp.o
        40          0          0          0          0         68   fpclassify.o

    ----------------------------------------------------------------------
      6288        254        516          0        100       4156   Library Totals
        12          0          3          0          4          0   (incl. Padding)

    ----------------------------------------------------------------------

      Code (inc. data)   RO Data    RW Data    ZI Data      Debug   Library Name

      6232        254        513          0         96       4020   c_w.l
         4          0          0          0          0         68   fz_ws.l
        40          0          0          0          0         68   m_ws.l

    ----------------------------------------------------------------------
      6288        254        516          0        100       4156   Library Totals

    ----------------------------------------------------------------------

==============================================================================


      Code (inc. data)   RO Data    RW Data    ZI Data      Debug   

     16564        652        876         60       1900     335182   Grand Totals
     16564        652        876         60       1900     335182   ELF Image Totals
     16564        652        876         60          0          0   ROM Totals

==============================================================================

    Total RO  Size (Code + RO Data)                17440 (  17.03kB)
    Total RW  Size (RW Data + ZI Data)              1960 (   1.91kB)
    Total ROM Size (Code + RO Data + RW Data)      17500 (  17.09kB)

==============================================================================

