<html>
<body>
<pre>
<h1>礦ision Build Log</h1>
<h2>Tool Versions:</h2>
IDE-Version: μVision V5.26.2.0
Copyright (C) 2018 ARM Ltd and ARM Germany GmbH. All rights reserved.
License Information: teddy teddy, guet, LIC=ATTEV-P4NGT-LC2JF-6IXIM-6PJ12-SHZLN
 
Tool Versions:
Toolchain:       MDK-ARM Plus  Version: 5.26.2.0
Toolchain Path:  C:\Keil_v5\ARM\ARMCC\Bin
C Compiler:      Armcc.exe V5.06 update 6 (build 750)
Assembler:       Armasm.exe V5.06 update 6 (build 750)
Linker/Locator:  ArmLink.exe V5.06 update 6 (build 750)
Library Manager: ArmAr.exe V5.06 update 6 (build 750)
Hex Converter:   FromElf.exe V5.06 update 6 (build 750)
CPU DLL:         SARMCM3.DLL V5.26.2.0
Dialog DLL:      DARMSTM.DLL V1.68.0.0
Target DLL:      STLink\ST-LINKIII-KEIL_SWO.dll V3.0.5.0
Dialog DLL:      TARMSTM.DLL V1.66.0.0
 
<h2>Project:</h2>
D:\I2C_SSD1306_STM32(HW)\Project\RVMDK(uV4)\HelTec.uvprojx
Project File Date:  04/21/2020

<h2>Output:</h2>
*** Using Compiler 'V5.06 update 6 (build 750)', folder: 'C:\Keil_v5\ARM\ARMCC\Bin'
*** Note: Rebuilding project, since 'Options->Output->Create Batch File' is selected.
Rebuild target 'Template'
assembling startup_stm32f10x_hd.s...
compiling core_cm3.c...
compiling system_stm32f10x.c...
compiling misc.c...
compiling stm32f10x_adc.c...
compiling stm32f10x_bkp.c...
compiling stm32f10x_can.c...
compiling stm32f10x_cec.c...
compiling stm32f10x_crc.c...
compiling stm32f10x_dac.c...
compiling stm32f10x_dbgmcu.c...
compiling stm32f10x_dma.c...
compiling stm32f10x_exti.c...
compiling stm32f10x_flash.c...
compiling stm32f10x_fsmc.c...
compiling stm32f10x_gpio.c...
compiling stm32f10x_i2c.c...
compiling stm32f10x_iwdg.c...
compiling stm32f10x_pwr.c...
compiling stm32f10x_rcc.c...
compiling stm32f10x_rtc.c...
compiling stm32f10x_sdio.c...
compiling stm32f10x_spi.c...
compiling stm32f10x_tim.c...
compiling stm32f10x_usart.c...
compiling stm32f10x_wwdg.c...
compiling main.c...
..\..\User\main.c(17): warning:  #177-D: variable "i"  was declared but never referenced
        u8 i,jx;
..\..\User\main.c(18): warning:  #177-D: variable "adc_value"  was declared but never referenced
        u16 adc_value;  
..\..\User\main.c: 2 warnings, 0 errors
compiling stm32f10x_it.c...
compiling delay.c...
compiling led.c...
compiling sys.c...
compiling usart.c...
..\..\User\usart.c(279): warning:  #177-D: variable "fn"  was declared but never referenced
        static u8 i=0,start=0,fn=0,arg=0;
..\..\User\usart.c(279): warning:  #177-D: variable "arg"  was declared but never referenced
        static u8 i=0,start=0,fn=0,arg=0;
..\..\User\usart.c: 2 warnings, 0 errors
compiling adc.c...
compiling charge.c...
..\..\User\charge.c(112): warning:  #111-D: statement is unreachable
        return 1;
..\..\User\charge.c: 1 warning, 0 errors
compiling oled.c...
..\..\User\oled.c(295): warning:  #167-D: argument of type "char *" is incompatible with parameter of type "unsigned char *"
        OLED_ShowStr(0,0,OLED_BUF,2);
..\..\User\oled.c(297): warning:  #167-D: argument of type "char *" is incompatible with parameter of type "unsigned char *"
        OLED_ShowStr(0,2,OLED_BUF,2);
..\..\User\oled.c(299): warning:  #167-D: argument of type "char *" is incompatible with parameter of type "unsigned char *"
        OLED_ShowStr(0,4,OLED_BUF,2);
..\..\User\oled.c(307): warning:  #167-D: argument of type "char *" is incompatible with parameter of type "unsigned char *"
                        OLED_ShowStr(0,6,OLED_BUF,2);
..\..\User\oled.c(310): warning:  #167-D: argument of type "char *" is incompatible with parameter of type "unsigned char *"
                        OLED_ShowStr(0,6,OLED_BUF,2);
..\..\User\oled.c(314): warning:  #167-D: argument of type "char *" is incompatible with parameter of type "unsigned char *"
                OLED_ShowStr(0,6,OLED_BUF,2);
..\..\User\oled.c: 6 warnings, 0 errors
compiling syn6288.c...
..\..\User\syn6288.c(19): warning:  #167-D: argument of type "u8 *" is incompatible with parameter of type "const char *"
    HZ_Length = strlen(HZdata);                         //需要发送文本的长度
..\..\User\syn6288.c(41): warning:  #167-D: argument of type "u8 *" is incompatible with parameter of type "char *"
    USART_SendStr(USART1,Frame_Info, 5 + HZ_Length + 1);
..\..\User\syn6288.c(56): warning:  #167-D: argument of type "u8 *" is incompatible with parameter of type "const char *"
    Com_Len = strlen(Info_data);
..\..\User\syn6288.c(57): warning:  #167-D: argument of type "u8 *" is incompatible with parameter of type "char *"
    USART_SendStr(USART1,Info_data, Com_Len);
..\..\User\syn6288.c: 4 warnings, 0 errors
compiling timer.c...
compiling im1253b.c...
..\..\User\im1253b.c(63): warning:  #167-D: argument of type "u8 *" is incompatible with parameter of type "char *"
                USART_SendStr(USART3,USART3_Tx_Buf,8); //发送 8 个数据
..\..\User\im1253b.c: 1 warning, 0 errors
linking...
Program Size: Code=23164 RO-data=3036 RW-data=104 ZI-data=1920  
FromELF: creating hex file...
"..\..\Output\HelTec.axf" - 0 Error(s), 16 Warning(s).

<h2>Software Packages used:</h2>

Package Vendor: ARM
                http://www.keil.com/pack/ARM.CMSIS.5.4.0.pack
                ARM.CMSIS.5.4.0
                CMSIS (Cortex Microcontroller Software Interface Standard)
   * Component: CORE Version: 5.1.2

Package Vendor: Keil
                http://www.keil.com/pack/Keil.STM32F1xx_DFP.2.3.0.pack
                Keil.STM32F1xx_DFP.2.3.0
                STMicroelectronics STM32F1 Series Device Support, Drivers and Examples

<h2>Collection of Component include folders:</h2>
  .\RTE\_Template
  C:\Keil_v5\ARM\PACK\ARM\CMSIS\5.4.0\CMSIS\Core\Include
  D:\Users\Documents\寒假任务\8、毕设\2、充电桩\程序\模块\YX60918-STM32F103C8T6核心板-190513\STM32F103C8T6核心板资料\Keil.STM32F1xx_DFP.2.3.0\Device\Include

<h2>Collection of Component Files used:</h2>

   * Component: ARM::CMSIS:CORE:5.1.2
Build Time Elapsed:  00:00:19
</pre>
</body>
</html>
