Component: ARM Compiler 5.06 update 6 (build 750) Tool: armlink [4d35ed]

==============================================================================

Section Cross References

    startup_stm32f10x_hd.o(STACK) refers (Special) to heapauxi.o(.text) for __use_two_region_memory
    startup_stm32f10x_hd.o(HEAP) refers (Special) to heapauxi.o(.text) for __use_two_region_memory
    startup_stm32f10x_hd.o(RESET) refers (Special) to heapauxi.o(.text) for __use_two_region_memory
    startup_stm32f10x_hd.o(RESET) refers to startup_stm32f10x_hd.o(STACK) for __initial_sp
    startup_stm32f10x_hd.o(RESET) refers to startup_stm32f10x_hd.o(.text) for Reset_Handler
    startup_stm32f10x_hd.o(RESET) refers to stm32f10x_it.o(.text) for NMI_Handler
    startup_stm32f10x_hd.o(RESET) refers to timer.o(.text) for TIM2_IRQHandler
    startup_stm32f10x_hd.o(RESET) refers to usart.o(.text) for USART1_IRQHandler
    startup_stm32f10x_hd.o(.text) refers (Special) to heapauxi.o(.text) for __use_two_region_memory
    startup_stm32f10x_hd.o(.text) refers to system_stm32f10x.o(.text) for SystemInit
    startup_stm32f10x_hd.o(.text) refers to __main.o(!!!main) for __main
    startup_stm32f10x_hd.o(.text) refers to startup_stm32f10x_hd.o(HEAP) for Heap_Mem
    startup_stm32f10x_hd.o(.text) refers to startup_stm32f10x_hd.o(STACK) for Stack_Mem
    system_stm32f10x.o(.text) refers to system_stm32f10x.o(.data) for SystemCoreClock
    stm32f10x_adc.o(.text) refers to stm32f10x_rcc.o(.text) for RCC_APB2PeriphResetCmd
    stm32f10x_bkp.o(.text) refers to stm32f10x_rcc.o(.text) for RCC_BackupResetCmd
    stm32f10x_can.o(.text) refers to stm32f10x_rcc.o(.text) for RCC_APB1PeriphResetCmd
    stm32f10x_cec.o(.text) refers to stm32f10x_rcc.o(.text) for RCC_APB1PeriphResetCmd
    stm32f10x_dac.o(.text) refers to stm32f10x_rcc.o(.text) for RCC_APB1PeriphResetCmd
    stm32f10x_gpio.o(.text) refers to stm32f10x_rcc.o(.text) for RCC_APB2PeriphResetCmd
    stm32f10x_i2c.o(.text) refers to stm32f10x_rcc.o(.text) for RCC_APB1PeriphResetCmd
    stm32f10x_pwr.o(.text) refers to stm32f10x_rcc.o(.text) for RCC_APB1PeriphResetCmd
    stm32f10x_rcc.o(.text) refers to stm32f10x_rcc.o(.data) for APBAHBPrescTable
    stm32f10x_spi.o(.text) refers to stm32f10x_rcc.o(.text) for RCC_APB2PeriphResetCmd
    stm32f10x_tim.o(.text) refers to stm32f10x_rcc.o(.text) for RCC_APB2PeriphResetCmd
    stm32f10x_usart.o(.text) refers to stm32f10x_rcc.o(.text) for RCC_APB2PeriphResetCmd
    stm32f10x_wwdg.o(.text) refers to stm32f10x_rcc.o(.text) for RCC_APB1PeriphResetCmd
    main.o(.text) refers to _printf_pad.o(.text) for _printf_pre_padding
    main.o(.text) refers to _printf_percent.o(.ARM.Collect$$_printf_percent$$00000000) for _printf_percent
    main.o(.text) refers to _printf_d.o(.ARM.Collect$$_printf_percent$$00000009) for _printf_d
    main.o(.text) refers to _printf_dec.o(.text) for _printf_int_dec
    main.o(.text) refers to _printf_f.o(.ARM.Collect$$_printf_percent$$00000003) for _printf_f
    main.o(.text) refers to printf1.o(x$fpl$printf1) for _printf_fp_dec
    main.o(.text) refers to delay.o(.text) for DelayInit
    main.o(.text) refers to relay.o(.text) for Relay_Init
    main.o(.text) refers to usart.o(.text) for USART1_Init
    main.o(.text) refers to oled.o(.text) for OLED_Init
    main.o(.text) refers to esp8266.o(.text) for Esp8266_Init
    main.o(.text) refers to timer.o(.text) for Timer2_Init_Config
    main.o(.text) refers to __2sprintf.o(.text) for __2sprintf
    main.o(.text) refers to dflt_clz.o(x$fpl$dfltu) for __aeabi_ui2d
    main.o(.text) refers to ddiv.o(x$fpl$ddiv) for __aeabi_ddiv
    main.o(.text) refers to gsm.o(.text) for GSM_Send_Pdu_Sms
    main.o(.text) refers to main.o(.data) for SMS_sw
    main.o(.text) refers to usart.o(.data) for Receive_ok
    main.o(.text) refers to usart.o(.bss) for raw_data
    main.o(.text) refers to main.o(.bss) for ui_buff
    main.o(.data) refers to main.o(.conststring) for .conststring
    delay.o(.text) refers to misc.o(.text) for SysTick_CLKSourceConfig
    delay.o(.text) refers to system_stm32f10x.o(.data) for SystemCoreClock
    delay.o(.text) refers to delay.o(.data) for fac_us
    led.o(.text) refers to stm32f10x_rcc.o(.text) for RCC_APB2PeriphClockCmd
    led.o(.text) refers to stm32f10x_gpio.o(.text) for GPIO_Init
    usart.o(.text) refers (Special) to use_no_semi_2.o(.text) for __use_no_semihosting
    usart.o(.text) refers to stm32f10x_rcc.o(.text) for RCC_APB2PeriphClockCmd
    usart.o(.text) refers to stm32f10x_gpio.o(.text) for GPIO_Init
    usart.o(.text) refers to misc.o(.text) for NVIC_Init
    usart.o(.text) refers to stm32f10x_usart.o(.text) for USART_Init
    usart.o(.text) refers to c89vsprintf.o(.text) for __c89vsprintf
    usart.o(.text) refers to atoi.o(.text) for atoi
    usart.o(.text) refers to rt_memcpy_v6.o(.text) for __aeabi_memcpy
    usart.o(.text) refers to usart.o(.data) for start
    usart.o(.text) refers to usart.o(.bss) for buf2
[...]
    _printf_longlong_oct_internal            0x08003eed   Thumb Code     0  _printf_oct_int_ll.o(.text)
    .text                                    0x08003f5c   Section        0  _printf_hex_int_ll_ptr.o(.text)
    _printf_hex_common                       0x08003f5d   Thumb Code     0  _printf_hex_int_ll_ptr.o(.text)
    .text                                    0x08003ff0   Section        0  strtol.o(.text)
    .text                                    0x08004060   Section      100  rt_memcpy_w.o(.text)
    .text                                    0x080040c4   Section        8  libspace.o(.text)
    .text                                    0x080040cc   Section       16  rt_ctype_table.o(.text)
    .text                                    0x080040dc   Section        8  rt_locale_intlibspace.o(.text)
    .text                                    0x080040e4   Section      138  lludiv10.o(.text)
    .text                                    0x08004170   Section        0  _printf_fp_infnan.o(.text)
    .text                                    0x080041f0   Section        0  _printf_char.o(.text)
    .text                                    0x0800421c   Section        0  _printf_wchar.o(.text)
    .text                                    0x08004248   Section        0  _strtoul.o(.text)
    .text                                    0x080042e8   Section        0  bigflt0.o(.text)
    .text                                    0x080043cc   Section        0  _wcrtomb.o(.text)
    .text                                    0x0800440c   Section       74  sys_stackheap_outer.o(.text)
    .text                                    0x08004456   Section        0  _chval.o(.text)
    .text                                    0x08004472   Section        0  exit.o(.text)
    .text                                    0x08004484   Section      128  strcmpv7m.o(.text)
    CL$$btod_d2e                             0x08004504   Section       62  btod.o(CL$$btod_d2e)
    CL$$btod_d2e_denorm_low                  0x08004542   Section       70  btod.o(CL$$btod_d2e_denorm_low)
    CL$$btod_d2e_norm_op1                    0x08004588   Section       96  btod.o(CL$$btod_d2e_norm_op1)
    CL$$btod_div_common                      0x080045e8   Section      824  btod.o(CL$$btod_div_common)
    CL$$btod_e2e                             0x08004920   Section      220  btod.o(CL$$btod_e2e)
    CL$$btod_ediv                            0x080049fc   Section       42  btod.o(CL$$btod_ediv)
    CL$$btod_emul                            0x08004a26   Section       42  btod.o(CL$$btod_emul)
    CL$$btod_mult_common                     0x08004a50   Section      580  btod.o(CL$$btod_mult_common)
    i.__ARM_fpclassify                       0x08004c94   Section        0  fpclassify.o(i.__ARM_fpclassify)
    i._is_digit                              0x08004cbc   Section        0  __printf_wp.o(i._is_digit)
    locale$$code                             0x08004ccc   Section       44  lc_numeric_c.o(locale$$code)
    locale$$code                             0x08004cf8   Section       44  lc_ctype_c.o(locale$$code)
    x$fpl$ddiv                               0x08004d24   Section      688  ddiv.o(x$fpl$ddiv)
    ddiv_entry                               0x08004d2b   Thumb Code     0  ddiv.o(x$fpl$ddiv)
    x$fpl$dfltu                              0x08004fd4   Section       38  dflt_clz.o(x$fpl$dfltu)
    x$fpl$dnaninf                            0x08004ffa   Section      156  dnaninf.o(x$fpl$dnaninf)
    x$fpl$dretinf                            0x08005096   Section       12  dretinf.o(x$fpl$dretinf)
    x$fpl$printf1                            0x080050a2   Section        4  printf1.o(x$fpl$printf1)
    .constdata                               0x080050a6   Section     2072  oled.o(.constdata)
    x$fpl$usenofp                            0x080050a6   Section        0  usenofp.o(x$fpl$usenofp)
    .constdata                               0x080058be   Section       17  __printf_flags_ss_wp.o(.constdata)
    maptable                                 0x080058be   Data          17  __printf_flags_ss_wp.o(.constdata)
    .constdata                               0x080058d0   Section        8  _printf_wctomb.o(.constdata)
    initial_mbstate                          0x080058d0   Data           8  _printf_wctomb.o(.constdata)
    .constdata                               0x080058d8   Section       40  _printf_hex_int_ll_ptr.o(.constdata)
    uc_hextab                                0x080058d8   Data          20  _printf_hex_int_ll_ptr.o(.constdata)
    lc_hextab                                0x080058ec   Data          20  _printf_hex_int_ll_ptr.o(.constdata)
    .constdata                               0x08005900   Section      148  bigflt0.o(.constdata)
    tenpwrs_x                                0x08005900   Data          60  bigflt0.o(.constdata)
    tenpwrs_i                                0x0800593c   Data          64  bigflt0.o(.constdata)
    .conststring                             0x08005994   Section      125  main.o(.conststring)
    .conststring                             0x08005a14   Section       89  gsm.o(.conststring)
    locale$$data                             0x08005a90   Section       28  lc_numeric_c.o(locale$$data)
    __lcnum_c_name                           0x08005a94   Data           2  lc_numeric_c.o(locale$$data)
    __lcnum_c_start                          0x08005a9c   Data           0  lc_numeric_c.o(locale$$data)
    __lcnum_c_point                          0x08005aa8   Data           0  lc_numeric_c.o(locale$$data)
    __lcnum_c_thousands                      0x08005aaa   Data           0  lc_numeric_c.o(locale$$data)
    __lcnum_c_grouping                       0x08005aab   Data           0  lc_numeric_c.o(locale$$data)
    locale$$data                             0x08005aac   Section      272  lc_ctype_c.o(locale$$data)
    __lcnum_c_end                            0x08005aac   Data           0  lc_numeric_c.o(locale$$data)
    __lcctype_c_name                         0x08005ab0   Data           2  lc_ctype_c.o(locale$$data)
    __lcctype_c_start                        0x08005ab8   Data           0  lc_ctype_c.o(locale$$data)
    __lcctype_c_end                          0x08005bbc   Data           0  lc_ctype_c.o(locale$$data)
    .data                                    0x20000000   Section       20  system_stm32f10x.o(.data)
    .data                                    0x20000014   Section       20  stm32f10x_rcc.o(.data)
    APBAHBPrescTable                         0x20000014   Data          16  stm32f10x_rcc.o(.data)
    ADCPrescTable                            0x20000024   Data           4  stm32f10x_rcc.o(.data)
    .data                                    0x20000028   Section       24  main.o(.data)
    telnum                                   0x20000028   Data           4  main.o(.data)
    txt_light                                0x2000002c   Data           4  main.o(.data)
    txt_soil                                 0x20000030   Data           4  main.o(.data)
    txt_hum                                  0x20000034   Data           4  main.o(.data)
    .data                                    0x20000040   Section        4  delay.o(.data)
    fac_us                                   0x20000040   Data           1  delay.o(.data)
    fac_ms                                   0x20000042   Data           2  delay.o(.data)
    .data                                    0x20000044   Section       14  usart.o(.data)
    i                                        0x2000004e   Data           1  usart.o(.data)
    start                                    0x2000004f   Data           1  usart.o(.data)
    arg                                      0x20000050   Data           1  usart.o(.data)
    i                                        0x20000051   Data           1  usart.o(.data)
    .data                                    0x20000052   Section        3  timer.o(.data)
    flag                                     0x20000054   Data           1  timer.o(.data)
    .data                                    0x20000058   Section        7  gsm.o(.data)
    text_cn                                  0x20000058   Data           4  gsm.o(.data)
    .bss                                     0x20000060   Section       32  main.o(.bss)
    .bss                                     0x20000080   Section      280  usart.o(.bss)
    rebuf                                    0x20000178   Data          32  usart.o(.bss)
    .bss                                     0x20000198   Section       96  libspace.o(.bss)
    HEAP                                     0x200001f8   Section      512  startup_stm32f10x_hd.o(HEAP)
    Heap_Mem                                 0x200001f8   Data         512  startup_stm32f10x_hd.o(HEAP)
    STACK                                    0x200003f8   Section     1024  startup_stm32f10x_hd.o(STACK)
    Stack_Mem                                0x200003f8   Data        1024  startup_stm32f10x_hd.o(STACK)
    __initial_sp                             0x200007f8   Data           0  startup_stm32f10x_hd.o(STACK)

    Global Symbols

    Symbol Name                              Value     Ov Type        Size  Object(Section)

    BuildAttributes$$THM_ISAv4$P$D$K$B$S$PE$A:L22UL41UL21$X:L11$S22US41US21$IEEE1$IW$USESV6$~STKCKD$USESV7$~SHL$OTIME$ROPI$IEEEJ$EBA8$UX$STANDARDLIB$REQ8$PRES8$EABIv2 0x00000000   Number         0  anon$$obj.o ABSOLUTE
    __ARM_use_no_argv                        0x00000000   Number         0  main.o ABSOLUTE
    _printf_flags                            0x00000000   Number         0  printf_stubs.o ABSOLUTE
    _printf_return_value                     0x00000000   Number         0  printf_stubs.o ABSOLUTE
    _printf_sizespec                         0x00000000   Number         0  printf_stubs.o ABSOLUTE
    _printf_widthprec                        0x00000000   Number         0  printf_stubs.o ABSOLUTE
    __ARM_exceptions_init                     - Undefined Weak Reference
    __alloca_initialize                       - Undefined Weak Reference
    __arm_preinit_                            - Undefined Weak Reference
    __cpp_initialize__aeabi_                  - Undefined Weak Reference
    __cxa_finalize                            - Undefined Weak Reference
    __sigvec_lookup                           - Undefined Weak Reference
    _atexit_init                              - Undefined Weak Reference
    _call_atexit_fns                          - Undefined Weak Reference
    _clock_init                               - Undefined Weak Reference
    _fp_trap_init                             - Undefined Weak Reference
    _fp_trap_shutdown                         - Undefined Weak Reference
    _get_lc_collate                           - Undefined Weak Reference
    _get_lc_monetary                          - Undefined Weak Reference
    _get_lc_time                              - Undefined Weak Reference
    _getenv_init                              - Undefined Weak Reference
    _handle_redirection                       - Undefined Weak Reference
    _init_alloc                               - Undefined Weak Reference
    _init_user_alloc                          - Undefined Weak Reference
    _initio                                   - Undefined Weak Reference
    _printf_fp_hex                            - Undefined Weak Reference
    _printf_mbtowc                            - Undefined Weak Reference
    _printf_wc                                - Undefined Weak Reference
    _rand_init                                - Undefined Weak Reference
    _signal_finish                            - Undefined Weak Reference
    _signal_init                              - Undefined Weak Reference
    _terminate_alloc                          - Undefined Weak Reference
    _terminate_user_alloc                     - Undefined Weak Reference
    _terminateio                              - Undefined Weak Reference
    __Vectors_Size                           0x00000130   Number         0  startup_stm32f10x_hd.o ABSOLUTE
    __Vectors                                0x08000000   Data           4  startup_stm32f10x_hd.o(RESET)
    __Vectors_End                            0x08000130   Data           0  startup_stm32f10x_hd.o(RESET)
    __main                                   0x08000131   Thumb Code     8  __main.o(!!!main)
    __scatterload                            0x08000139   Thumb Code     0  __scatter.o(!!!scatter)
    __scatterload_rt2                        0x08000139   Thumb Code    44  __scatter.o(!!!scatter)
    __scatterload_rt2_thumb_only             0x08000139   Thumb Code     0  __scatter.o(!!!scatter)
    __scatterload_null                       0x08000147   Thumb Code     0  __scatter.o(!!!scatter)
    __scatterload_copy                       0x0800016d   Thumb Code    26  __scatter_copy.o(!!handler_copy)
    __scatterload_zeroinit                   0x08000189   Thumb Code    28  __scatter_zi.o(!!handler_zi)
    _printf_n                                0x080001a5   Thumb Code     0  _printf_n.o(.ARM.Collect$$_printf_percent$$00000001)
    _printf_percent                          0x080001a5   Thumb Code     0  _printf_percent.o(.ARM.Collect$$_printf_percent$$00000000)
    _printf_p                                0x080001ab   Thumb Code     0  _printf_p.o(.ARM.Collect$$_printf_percent$$00000002)
    _printf_f                                0x080001b1   Thumb Code     0  _printf_f.o(.ARM.Collect$$_printf_percent$$00000003)
    _printf_e                                0x080001b7   Thumb Code     0  _printf_e.o(.ARM.Collect$$_printf_percent$$00000004)
    _printf_g                                0x080001bd   Thumb Code     0  _printf_g.o(.ARM.Collect$$_printf_percent$$00000005)
    _printf_a                                0x080001c3   Thumb Code     0  _printf_a.o(.ARM.Collect$$_printf_percent$$00000006)
    _printf_ll                               0x080001c9   Thumb Code     0  _printf_ll.o(.ARM.Collect$$_printf_percent$$00000007)
    _printf_i                                0x080001d3   Thumb Code     0  _printf_i.o(.ARM.Collect$$_printf_percent$$00000008)
    _printf_d                                0x080001d9   Thumb Code     0  _printf_d.o(.ARM.Collect$$_printf_percent$$00000009)
    _printf_u                                0x080001df   Thumb Code     0  _printf_u.o(.ARM.Collect$$_printf_percent$$0000000A)
    _printf_o                                0x080001e5   Thumb Code     0  _printf_o.o(.ARM.Collect$$_printf_percent$$0000000B)
    _printf_x                                0x080001eb   Thumb Code     0  _printf_x.o(.ARM.Collect$$_printf_percent$$0000000C)
    _printf_lli                              0x080001f1   Thumb Code     0  _printf_lli.o(.ARM.Collect$$_printf_percent$$0000000D)
    _printf_lld                              0x080001f7   Thumb Code     0  _printf_lld.o(.ARM.Collect$$_printf_percent$$0000000E)
    _printf_llu                              0x080001fd   Thumb Code     0  _printf_llu.o(.ARM.Collect$$_printf_percent$$0000000F)
    _printf_llo                              0x08000203   Thumb Code     0  _printf_llo.o(.ARM.Collect$$_printf_percent$$00000010)
    _printf_llx                              0x08000209   Thumb Code     0  _printf_llx.o(.ARM.Collect$$_printf_percent$$00000011)
    _printf_l                                0x0800020f   Thumb Code     0  _printf_l.o(.ARM.Collect$$_printf_percent$$00000012)
    _printf_c                                0x08000219   Thumb Code     0  _printf_c.o(.ARM.Collect$$_printf_percent$$00000013)
    _printf_s                                0x0800021f   Thumb Code     0  _printf_s.o(.ARM.Collect$$_printf_percent$$00000014)
    _printf_lc                               0x08000225   Thumb Code     0  _printf_lc.o(.ARM.Collect$$_printf_percent$$00000015)
    _printf_ls                               0x0800022b   Thumb Code     0  _printf_ls.o(.ARM.Collect$$_printf_percent$$00000016)
    _printf_percent_end                      0x08000231   Thumb Code     0  _printf_percent_end.o(.ARM.Collect$$_printf_percent$$00000017)
    __rt_lib_init                            0x08000235   Thumb Code     0  libinit.o(.ARM.Collect$$libinit$$00000000)
    __rt_lib_init_fp_1                       0x08000237   Thumb Code     0  libinit2.o(.ARM.Collect$$libinit$$00000002)
    __rt_lib_init_heap_1                     0x08000237   Thumb Code     0  libinit2.o(.ARM.Collect$$libinit$$0000000A)
    __rt_lib_init_lc_common                  0x08000237   Thumb Code     0  libinit2.o(.ARM.Collect$$libinit$$0000000F)
    __rt_lib_init_preinit_1                  0x08000237   Thumb Code     0  libinit2.o(.ARM.Collect$$libinit$$00000004)
    __rt_lib_init_rand_1                     0x08000237   Thumb Code     0  libinit2.o(.ARM.Collect$$libinit$$0000000E)
    __rt_lib_init_user_alloc_1               0x08000237   Thumb Code     0  libinit2.o(.ARM.Collect$$libinit$$0000000C)
    __rt_lib_init_lc_collate_1               0x0800023d   Thumb Code     0  libinit2.o(.ARM.Collect$$libinit$$00000011)
    __rt_lib_init_lc_ctype_2                 0x0800023d   Thumb Code     0  libinit2.o(.ARM.Collect$$libinit$$00000012)
    __rt_lib_init_lc_ctype_1                 0x08000249   Thumb Code     0  libinit2.o(.ARM.Collect$$libinit$$00000013)
    __rt_lib_init_lc_monetary_1              0x08000249   Thumb Code     0  libinit2.o(.ARM.Collect$$libinit$$00000015)
    __rt_lib_init_lc_numeric_2               0x08000249   Thumb Code     0  libinit2.o(.ARM.Collect$$libinit$$00000016)
    __rt_lib_init_alloca_1                   0x08000253   Thumb Code     0  libinit2.o(.ARM.Collect$$libinit$$0000002E)
    __rt_lib_init_argv_1                     0x08000253   Thumb Code     0  libinit2.o(.ARM.Collect$$libinit$$0000002C)
    __rt_lib_init_atexit_1                   0x08000253   Thumb Code     0  libinit2.o(.ARM.Collect$$libinit$$0000001B)
    __rt_lib_init_clock_1                    0x08000253   Thumb Code     0  libinit2.o(.ARM.Collect$$libinit$$00000021)
    __rt_lib_init_cpp_1                      0x08000253   Thumb Code     0  libinit2.o(.ARM.Collect$$libinit$$00000032)
    __rt_lib_init_exceptions_1               0x08000253   Thumb Code     0  libinit2.o(.ARM.Collect$$libinit$$00000030)
    __rt_lib_init_fp_trap_1                  0x08000253   Thumb Code     0  libinit2.o(.ARM.Collect$$libinit$$0000001F)
    __rt_lib_init_getenv_1                   0x08000253   Thumb Code     0  libinit2.o(.ARM.Collect$$libinit$$00000023)
    __rt_lib_init_lc_numeric_1               0x08000253   Thumb Code     0  libinit2.o(.ARM.Collect$$libinit$$00000017)
    __rt_lib_init_lc_time_1                  0x08000253   Thumb Code     0  libinit2.o(.ARM.Collect$$libinit$$00000019)
    __rt_lib_init_return                     0x08000253   Thumb Code     0  libinit2.o(.ARM.Collect$$libinit$$00000033)
    __rt_lib_init_signal_1                   0x08000253   Thumb Code     0  libinit2.o(.ARM.Collect$$libinit$$0000001D)
    __rt_lib_init_stdio_1                    0x08000253   Thumb Code     0  libinit2.o(.ARM.Collect$$libinit$$00000025)
    __rt_lib_shutdown                        0x08000255   Thumb Code     0  libshutdown.o(.ARM.Collect$$libshutdown$$00000000)
    __rt_lib_shutdown_cpp_1                  0x08000257   Thumb Code     0  libshutdown2.o(.ARM.Collect$$libshutdown$$00000002)
    __rt_lib_shutdown_fp_trap_1              0x08000257   Thumb Code     0  libshutdown2.o(.ARM.Collect$$libshutdown$$00000007)
    __rt_lib_shutdown_heap_1                 0x08000257   Thumb Code     0  libshutdown2.o(.ARM.Collect$$libshutdown$$0000000F)
    __rt_lib_shutdown_return                 0x08000257   Thumb Code     0  libshutdown2.o(.ARM.Collect$$libshutdown$$00000010)
    __rt_lib_shutdown_signal_1               0x08000257   Thumb Code     0  libshutdown2.o(.ARM.Collect$$libshutdown$$0000000A)
    __rt_lib_shutdown_stdio_1                0x08000257   Thumb Code     0  libshutdown2.o(.ARM.Collect$$libshutdown$$00000004)
    __rt_lib_shutdown_user_alloc_1           0x08000257   Thumb Code     0  libshutdown2.o(.ARM.Collect$$libshutdown$$0000000C)
    __rt_entry                               0x08000259   Thumb Code     0  __rtentry.o(.ARM.Collect$$rtentry$$00000000)
    __rt_entry_presh_1                       0x08000259   Thumb Code     0  __rtentry2.o(.ARM.Collect$$rtentry$$00000002)
    __rt_entry_sh                            0x08000259   Thumb Code     0  __rtentry4.o(.ARM.Collect$$rtentry$$00000004)
    __rt_entry_li                            0x0800025f   Thumb Code     0  __rtentry2.o(.ARM.Collect$$rtentry$$0000000A)
    __rt_entry_postsh_1                      0x0800025f   Thumb Code     0  __rtentry2.o(.ARM.Collect$$rtentry$$00000009)
    __rt_entry_main                          0x08000263   Thumb Code     0  __rtentry2.o(.ARM.Collect$$rtentry$$0000000D)
    __rt_entry_postli_1                      0x08000263   Thumb Code     0  __rtentry2.o(.ARM.Collect$$rtentry$$0000000C)
    __rt_exit                                0x0800026b   Thumb Code     0  rtexit.o(.ARM.Collect$$rtexit$$00000000)
    __rt_exit_ls                             0x0800026d   Thumb Code     0  rtexit2.o(.ARM.Collect$$rtexit$$00000003)
    __rt_exit_prels_1                        0x0800026d   Thumb Code     0  rtexit2.o(.ARM.Collect$$rtexit$$00000002)
    __rt_exit_exit                           0x08000271   Thumb Code     0  rtexit2.o(.ARM.Collect$$rtexit$$00000004)
    Reset_Handler                            0x08000279   Thumb Code     8  startup_stm32f10x_hd.o(.text)
    ADC1_2_IRQHandler                        0x08000293   Thumb Code     0  startup_stm32f10x_hd.o(.text)
    ADC3_IRQHandler                          0x08000293   Thumb Code     0  startup_stm32f10x_hd.o(.text)
    CAN1_RX1_IRQHandler                      0x08000293   Thumb Code     0  startup_stm32f10x_hd.o(.text)
    CAN1_SCE_IRQHandler                      0x08000293   Thumb Code     0  startup_stm32f10x_hd.o(.text)
    DMA1_Channel1_IRQHandler                 0x08000293   Thumb Code     0  startup_stm32f10x_hd.o(.text)
    DMA1_Channel2_IRQHandler                 0x08000293   Thumb Code     0  startup_stm32f10x_hd.o(.text)
    DMA1_Channel3_IRQHandler                 0x08000293   Thumb Code     0  startup_stm32f10x_hd.o(.text)
    DMA1_Channel4_IRQHandler                 0x08000293   Thumb Code     0  startup_stm32f10x_hd.o(.text)
    DMA1_Channel5_IRQHandler                 0x08000293   Thumb Code     0  startup_stm32f10x_hd.o(.text)
    DMA1_Channel6_IRQHandler                 0x08000293   Thumb Code     0  startup_stm32f10x_hd.o(.text)
    DMA1_Channel7_IRQHandler                 0x08000293   Thumb Code     0  startup_stm32f10x_hd.o(.text)
    DMA2_Channel1_IRQHandler                 0x08000293   Thumb Code     0  startup_stm32f10x_hd.o(.text)
    DMA2_Channel2_IRQHandler                 0x08000293   Thumb Code     0  startup_stm32f10x_hd.o(.text)
    DMA2_Channel3_IRQHandler                 0x08000293   Thumb Code     0  startup_stm32f10x_hd.o(.text)
    DMA2_Channel4_5_IRQHandler               0x08000293   Thumb Code     0  startup_stm32f10x_hd.o(.text)
    EXTI0_IRQHandler                         0x08000293   Thumb Code     0  startup_stm32f10x_hd.o(.text)
    EXTI15_10_IRQHandler                     0x08000293   Thumb Code     0  startup_stm32f10x_hd.o(.text)
    EXTI1_IRQHandler                         0x08000293   Thumb Code     0  startup_stm32f10x_hd.o(.text)
    EXTI2_IRQHandler                         0x08000293   Thumb Code     0  startup_stm32f10x_hd.o(.text)
    EXTI3_IRQHandler                         0x08000293   Thumb Code     0  startup_stm32f10x_hd.o(.text)
    EXTI4_IRQHandler                         0x08000293   Thumb Code     0  startup_stm32f10x_hd.o(.text)
    EXTI9_5_IRQHandler                       0x08000293   Thumb Code     0  startup_stm32f10x_hd.o(.text)
    FLASH_IRQHandler                         0x08000293   Thumb Code     0  startup_stm32f10x_hd.o(.text)
    FSMC_IRQHandler                          0x08000293   Thumb Code     0  startup_stm32f10x_hd.o(.text)
    I2C1_ER_IRQHandler                       0x08000293   Thumb Code     0  startup_stm32f10x_hd.o(.text)
    I2C1_EV_IRQHandler                       0x08000293   Thumb Code     0  startup_stm32f10x_hd.o(.text)
    I2C2_ER_IRQHandler                       0x08000293   Thumb Code     0  startup_stm32f10x_hd.o(.text)
    I2C2_EV_IRQHandler                       0x08000293   Thumb Code     0  startup_stm32f10x_hd.o(.text)
    PVD_IRQHandler                           0x08000293   Thumb Code     0  startup_stm32f10x_hd.o(.text)
    RCC_IRQHandler                           0x08000293   Thumb Code     0  startup_stm32f10x_hd.o(.text)
    RTCAlarm_IRQHandler                      0x08000293   Thumb Code     0  startup_stm32f10x_hd.o(.text)
    RTC_IRQHandler                           0x08000293   Thumb Code     0  startup_stm32f10x_hd.o(.text)
    SDIO_IRQHandler                          0x08000293   Thumb Code     0  startup_stm32f10x_hd.o(.text)
    SPI1_IRQHandler                          0x08000293   Thumb Code     0  startup_stm32f10x_hd.o(.text)
    SPI2_IRQHandler                          0x08000293   Thumb Code     0  startup_stm32f10x_hd.o(.text)
    SPI3_IRQHandler                          0x08000293   Thumb Code     0  startup_stm32f10x_hd.o(.text)
    TAMPER_IRQHandler                        0x08000293   Thumb Code     0  startup_stm32f10x_hd.o(.text)
    TIM1_BRK_IRQHandler                      0x08000293   Thumb Code     0  startup_stm32f10x_hd.o(.text)
    TIM1_CC_IRQHandler                       0x08000293   Thumb Code     0  startup_stm32f10x_hd.o(.text)
    TIM1_TRG_COM_IRQHandler                  0x08000293   Thumb Code     0  startup_stm32f10x_hd.o(.text)
    TIM1_UP_IRQHandler                       0x08000293   Thumb Code     0  startup_stm32f10x_hd.o(.text)
    TIM3_IRQHandler                          0x08000293   Thumb Code     0  startup_stm32f10x_hd.o(.text)
    TIM4_IRQHandler                          0x08000293   Thumb Code     0  startup_stm32f10x_hd.o(.text)
    TIM5_IRQHandler                          0x08000293   Thumb Code     0  startup_stm32f10x_hd.o(.text)
    TIM6_IRQHandler                          0x08000293   Thumb Code     0  startup_stm32f10x_hd.o(.text)
    TIM7_IRQHandler                          0x08000293   Thumb Code     0  startup_stm32f10x_hd.o(.text)
    TIM8_BRK_IRQHandler                      0x08000293   Thumb Code     0  startup_stm32f10x_hd.o(.text)
    TIM8_CC_IRQHandler                       0x08000293   Thumb Code     0  startup_stm32f10x_hd.o(.text)
    TIM8_TRG_COM_IRQHandler                  0x08000293   Thumb Code     0  startup_stm32f10x_hd.o(.text)
    TIM8_UP_IRQHandler                       0x08000293   Thumb Code     0  startup_stm32f10x_hd.o(.text)
    UART4_IRQHandler                         0x08000293   Thumb Code     0  startup_stm32f10x_hd.o(.text)
    UART5_IRQHandler                         0x08000293   Thumb Code     0  startup_stm32f10x_hd.o(.text)
    USBWakeUp_IRQHandler                     0x08000293   Thumb Code     0  startup_stm32f10x_hd.o(.text)
    USB_HP_CAN1_TX_IRQHandler                0x08000293   Thumb Code     0  startup_stm32f10x_hd.o(.text)
    USB_LP_CAN1_RX0_IRQHandler               0x08000293   Thumb Code     0  startup_stm32f10x_hd.o(.text)
    WWDG_IRQHandler                          0x08000293   Thumb Code     0  startup_stm32f10x_hd.o(.text)
    __user_initial_stackheap                 0x08000295   Thumb Code     0  startup_stm32f10x_hd.o(.text)
    SystemInit                               0x08000397   Thumb Code    78  system_stm32f10x.o(.text)
    SystemCoreClockUpdate                    0x080003e5   Thumb Code   142  system_stm32f10x.o(.text)
    NVIC_PriorityGroupConfig                 0x08000499   Thumb Code    10  misc.o(.text)
    NVIC_Init                                0x080004a3   Thumb Code   100  misc.o(.text)
    NVIC_SetVectorTable                      0x08000507   Thumb Code    14  misc.o(.text)
    NVIC_SystemLPConfig                      0x08000515   Thumb Code    34  misc.o(.text)
    SysTick_CLKSourceConfig                  0x08000537   Thumb Code    40  misc.o(.text)
    GPIO_DeInit                              0x08000575   Thumb Code   172  stm32f10x_gpio.o(.text)
    GPIO_AFIODeInit                          0x08000621   Thumb Code    20  stm32f10x_gpio.o(.text)
    GPIO_Init                                0x08000635   Thumb Code   278  stm32f10x_gpio.o(.text)
    GPIO_StructInit                          0x0800074b   Thumb Code    16  stm32f10x_gpio.o(.text)
    GPIO_ReadInputDataBit                    0x0800075b   Thumb Code    18  stm32f10x_gpio.o(.text)
    GPIO_ReadInputData                       0x0800076d   Thumb Code     8  stm32f10x_gpio.o(.text)
    GPIO_ReadOutputDataBit                   0x08000775   Thumb Code    18  stm32f10x_gpio.o(.text)
    GPIO_ReadOutputData                      0x08000787   Thumb Code     8  stm32f10x_gpio.o(.text)
    GPIO_SetBits                             0x0800078f   Thumb Code     4  stm32f10x_gpio.o(.text)
    GPIO_ResetBits                           0x08000793   Thumb Code     4  stm32f10x_gpio.o(.text)
    GPIO_WriteBit                            0x08000797   Thumb Code    10  stm32f10x_gpio.o(.text)
    GPIO_Write                               0x080007a1   Thumb Code     4  stm32f10x_gpio.o(.text)
    GPIO_PinLockConfig                       0x080007a5   Thumb Code    18  stm32f10x_gpio.o(.text)
    GPIO_EventOutputConfig                   0x080007b7   Thumb Code    26  stm32f10x_gpio.o(.text)
    GPIO_EventOutputCmd                      0x080007d1   Thumb Code     6  stm32f10x_gpio.o(.text)
    GPIO_PinRemapConfig                      0x080007d7   Thumb Code   138  stm32f10x_gpio.o(.text)
    GPIO_EXTILineConfig                      0x08000861   Thumb Code    66  stm32f10x_gpio.o(.text)
    GPIO_ETH_MediaInterfaceConfig            0x080008a3   Thumb Code     8  stm32f10x_gpio.o(.text)
    I2C_DeInit                               0x080008d1   Thumb Code    50  stm32f10x_i2c.o(.text)
    I2C_Init                                 0x08000903   Thumb Code   222  stm32f10x_i2c.o(.text)
    I2C_StructInit                           0x080009e1   Thumb Code    30  stm32f10x_i2c.o(.text)
    I2C_Cmd                                  0x080009ff   Thumb Code    24  stm32f10x_i2c.o(.text)
    I2C_DMACmd                               0x08000a17   Thumb Code    24  stm32f10x_i2c.o(.text)
    I2C_DMALastTransferCmd                   0x08000a2f   Thumb Code    24  stm32f10x_i2c.o(.text)
    I2C_GenerateSTART                        0x08000a47   Thumb Code    24  stm32f10x_i2c.o(.text)
    I2C_GenerateSTOP                         0x08000a5f   Thumb Code    24  stm32f10x_i2c.o(.text)
    I2C_AcknowledgeConfig                    0x08000a77   Thumb Code    24  stm32f10x_i2c.o(.text)
    I2C_OwnAddress2Config                    0x08000a8f   Thumb Code    22  stm32f10x_i2c.o(.text)
    I2C_DualAddressCmd                       0x08000aa5   Thumb Code    24  stm32f10x_i2c.o(.text)
    I2C_GeneralCallCmd                       0x08000abd   Thumb Code    24  stm32f10x_i2c.o(.text)
    I2C_ITConfig                             0x08000ad5   Thumb Code    18  stm32f10x_i2c.o(.text)
    I2C_SendData                             0x08000ae7   Thumb Code     4  stm32f10x_i2c.o(.text)
    I2C_ReceiveData                          0x08000aeb   Thumb Code     8  stm32f10x_i2c.o(.text)
    I2C_Send7bitAddress                      0x08000af3   Thumb Code    18  stm32f10x_i2c.o(.text)
    I2C_ReadRegister                         0x08000b05   Thumb Code    22  stm32f10x_i2c.o(.text)
    I2C_SoftwareResetCmd                     0x08000b1b   Thumb Code    22  stm32f10x_i2c.o(.text)
    I2C_NACKPositionConfig                   0x08000b31   Thumb Code    28  stm32f10x_i2c.o(.text)
    I2C_SMBusAlertConfig                     0x08000b4d   Thumb Code    28  stm32f10x_i2c.o(.text)
    I2C_TransmitPEC                          0x08000b69   Thumb Code    24  stm32f10x_i2c.o(.text)
    I2C_PECPositionConfig                    0x08000b81   Thumb Code    28  stm32f10x_i2c.o(.text)
    I2C_CalculatePEC                         0x08000b9d   Thumb Code    24  stm32f10x_i2c.o(.text)
    I2C_GetPEC                               0x08000bb5   Thumb Code     8  stm32f10x_i2c.o(.text)
    I2C_ARPCmd                               0x08000bbd   Thumb Code    24  stm32f10x_i2c.o(.text)
    I2C_StretchClockCmd                      0x08000bd5   Thumb Code    24  stm32f10x_i2c.o(.text)
    I2C_FastModeDutyCycleConfig              0x08000bed   Thumb Code    28  stm32f10x_i2c.o(.text)
    I2C_CheckEvent                           0x08000c09   Thumb Code    42  stm32f10x_i2c.o(.text)
    I2C_GetLastEvent                         0x08000c33   Thumb Code    26  stm32f10x_i2c.o(.text)
    I2C_GetFlagStatus                        0x08000c4d   Thumb Code    58  stm32f10x_i2c.o(.text)
    I2C_ClearFlag                            0x08000c87   Thumb Code    12  stm32f10x_i2c.o(.text)
    I2C_GetITStatus                          0x08000c93   Thumb Code    54  stm32f10x_i2c.o(.text)
    I2C_ClearITPendingBit                    0x08000cc9   Thumb Code    12  stm32f10x_i2c.o(.text)
    RCC_DeInit                               0x08000cd5   Thumb Code    64  stm32f10x_rcc.o(.text)
    RCC_HSEConfig                            0x08000d15   Thumb Code    70  stm32f10x_rcc.o(.text)
    RCC_GetFlagStatus                        0x08000d5b   Thumb Code    56  stm32f10x_rcc.o(.text)
    RCC_WaitForHSEStartUp                    0x08000d93   Thumb Code    56  stm32f10x_rcc.o(.text)
    RCC_AdjustHSICalibrationValue            0x08000dcb   Thumb Code    20  stm32f10x_rcc.o(.text)
    RCC_HSICmd                               0x08000ddf   Thumb Code     6  stm32f10x_rcc.o(.text)
    RCC_PLLConfig                            0x08000de5   Thumb Code    24  stm32f10x_rcc.o(.text)
    RCC_PLLCmd                               0x08000dfd   Thumb Code     6  stm32f10x_rcc.o(.text)
    RCC_SYSCLKConfig                         0x08000e03   Thumb Code    18  stm32f10x_rcc.o(.text)
    RCC_GetSYSCLKSource                      0x08000e15   Thumb Code    10  stm32f10x_rcc.o(.text)
    RCC_HCLKConfig                           0x08000e1f   Thumb Code    18  stm32f10x_rcc.o(.text)
    RCC_PCLK1Config                          0x08000e31   Thumb Code    18  stm32f10x_rcc.o(.text)
    RCC_PCLK2Config                          0x08000e43   Thumb Code    20  stm32f10x_rcc.o(.text)
    RCC_ITConfig                             0x08000e57   Thumb Code    26  stm32f10x_rcc.o(.text)
    RCC_USBCLKConfig                         0x08000e71   Thumb Code     8  stm32f10x_rcc.o(.text)
    RCC_ADCCLKConfig                         0x08000e79   Thumb Code    18  stm32f10x_rcc.o(.text)
    RCC_LSEConfig                            0x08000e8b   Thumb Code    50  stm32f10x_rcc.o(.text)
    RCC_LSICmd                               0x08000ebd   Thumb Code     6  stm32f10x_rcc.o(.text)
    RCC_RTCCLKConfig                         0x08000ec3   Thumb Code    12  stm32f10x_rcc.o(.text)
    RCC_RTCCLKCmd                            0x08000ecf   Thumb Code     8  stm32f10x_rcc.o(.text)
    RCC_GetClocksFreq                        0x08000ed7   Thumb Code   192  stm32f10x_rcc.o(.text)
    RCC_AHBPeriphClockCmd                    0x08000f97   Thumb Code    26  stm32f10x_rcc.o(.text)
    RCC_APB2PeriphClockCmd                   0x08000fb1   Thumb Code    26  stm32f10x_rcc.o(.text)
    RCC_APB1PeriphClockCmd                   0x08000fcb   Thumb Code    26  stm32f10x_rcc.o(.text)
    RCC_APB2PeriphResetCmd                   0x08000fe5   Thumb Code    26  stm32f10x_rcc.o(.text)
    RCC_APB1PeriphResetCmd                   0x08000fff   Thumb Code    26  stm32f10x_rcc.o(.text)
    RCC_BackupResetCmd                       0x08001019   Thumb Code     8  stm32f10x_rcc.o(.text)
    RCC_ClockSecuritySystemCmd               0x08001021   Thumb Code     6  stm32f10x_rcc.o(.text)
    RCC_MCOConfig                            0x08001027   Thumb Code     6  stm32f10x_rcc.o(.text)
    RCC_ClearFlag                            0x0800102d   Thumb Code    14  stm32f10x_rcc.o(.text)
    RCC_GetITStatus                          0x0800103b   Thumb Code    20  stm32f10x_rcc.o(.text)
    RCC_ClearITPendingBit                    0x0800104f   Thumb Code     6  stm32f10x_rcc.o(.text)
    TIM_DeInit                               0x08001079   Thumb Code   424  stm32f10x_tim.o(.text)
    TIM_TimeBaseInit                         0x08001221   Thumb Code   122  stm32f10x_tim.o(.text)
    TIM_OC1Init                              0x0800129b   Thumb Code   132  stm32f10x_tim.o(.text)
    TIM_OC2Init                              0x0800131f   Thumb Code   154  stm32f10x_tim.o(.text)
    TIM_OC3Init                              0x080013b9   Thumb Code   150  stm32f10x_tim.o(.text)
    TIM_OC4Init                              0x0800144f   Thumb Code   182  stm32f10x_tim.o(.text)
    TIM_SetIC4Prescaler                      0x08001505   Thumb Code    26  stm32f10x_tim.o(.text)
    TIM_SetIC3Prescaler                      0x080015a1   Thumb Code    18  stm32f10x_tim.o(.text)
    TIM_SetIC2Prescaler                      0x0800162d   Thumb Code    26  stm32f10x_tim.o(.text)
    TIM_SetIC1Prescaler                      0x080016c9   Thumb Code    18  stm32f10x_tim.o(.text)
    TIM_ICInit                               0x08001747   Thumb Code   150  stm32f10x_tim.o(.text)
    TIM_PWMIConfig                           0x080017dd   Thumb Code   124  stm32f10x_tim.o(.text)
    TIM_BDTRConfig                           0x08001859   Thumb Code    32  stm32f10x_tim.o(.text)
    TIM_TimeBaseStructInit                   0x08001879   Thumb Code    18  stm32f10x_tim.o(.text)
    TIM_OCStructInit                         0x0800188b   Thumb Code    20  stm32f10x_tim.o(.text)
    TIM_ICStructInit                         0x0800189f   Thumb Code    18  stm32f10x_tim.o(.text)
    TIM_BDTRStructInit                       0x080018b1   Thumb Code    40  stm32f10x_tim.o(.text)
    TIM_Cmd                                  0x080018d9   Thumb Code    24  stm32f10x_tim.o(.text)
    TIM_CtrlPWMOutputs                       0x080018f1   Thumb Code    30  stm32f10x_tim.o(.text)
    TIM_ITConfig                             0x0800190f   Thumb Code    18  stm32f10x_tim.o(.text)
    TIM_GenerateEvent                        0x08001921   Thumb Code     4  stm32f10x_tim.o(.text)
    TIM_DMAConfig                            0x08001925   Thumb Code    10  stm32f10x_tim.o(.text)
    TIM_DMACmd                               0x0800192f   Thumb Code    18  stm32f10x_tim.o(.text)
    TIM_InternalClockConfig                  0x08001941   Thumb Code    12  stm32f10x_tim.o(.text)
    TIM_SelectInputTrigger                   0x0800194d   Thumb Code    18  stm32f10x_tim.o(.text)
    TIM_ITRxExternalClockConfig              0x0800195f   Thumb Code    24  stm32f10x_tim.o(.text)
    TIM_TIxExternalClockConfig               0x08001977   Thumb Code    62  stm32f10x_tim.o(.text)
    TIM_ETRConfig                            0x080019b5   Thumb Code    28  stm32f10x_tim.o(.text)
    TIM_ETRClockMode1Config                  0x080019d1   Thumb Code    54  stm32f10x_tim.o(.text)
    TIM_ETRClockMode2Config                  0x08001a07   Thumb Code    32  stm32f10x_tim.o(.text)
    TIM_PrescalerConfig                      0x08001a27   Thumb Code     6  stm32f10x_tim.o(.text)
    TIM_CounterModeConfig                    0x08001a2d   Thumb Code    18  stm32f10x_tim.o(.text)
    TIM_EncoderInterfaceConfig               0x08001a3f   Thumb Code    66  stm32f10x_tim.o(.text)
    TIM_ForcedOC1Config                      0x08001a81   Thumb Code    18  stm32f10x_tim.o(.text)
    TIM_ForcedOC2Config                      0x08001a93   Thumb Code    26  stm32f10x_tim.o(.text)
    TIM_ForcedOC3Config                      0x08001aad   Thumb Code    18  stm32f10x_tim.o(.text)
    TIM_ForcedOC4Config                      0x08001abf   Thumb Code    26  stm32f10x_tim.o(.text)
    TIM_ARRPreloadConfig                     0x08001ad9   Thumb Code    24  stm32f10x_tim.o(.text)
    TIM_SelectCOM                            0x08001af1   Thumb Code    24  stm32f10x_tim.o(.text)
    TIM_SelectCCDMA                          0x08001b09   Thumb Code    24  stm32f10x_tim.o(.text)
    TIM_CCPreloadControl                     0x08001b21   Thumb Code    24  stm32f10x_tim.o(.text)
    TIM_OC1PreloadConfig                     0x08001b39   Thumb Code    18  stm32f10x_tim.o(.text)
    TIM_OC2PreloadConfig                     0x08001b4b   Thumb Code    26  stm32f10x_tim.o(.text)
    TIM_OC3PreloadConfig                     0x08001b65   Thumb Code    18  stm32f10x_tim.o(.text)
    TIM_OC4PreloadConfig                     0x08001b77   Thumb Code    26  stm32f10x_tim.o(.text)
    TIM_OC1FastConfig                        0x08001b91   Thumb Code    18  stm32f10x_tim.o(.text)
    TIM_OC2FastConfig                        0x08001ba3   Thumb Code    26  stm32f10x_tim.o(.text)
    TIM_OC3FastConfig                        0x08001bbd   Thumb Code    18  stm32f10x_tim.o(.text)
    TIM_OC4FastConfig                        0x08001bcf   Thumb Code    26  stm32f10x_tim.o(.text)
    TIM_ClearOC1Ref                          0x08001be9   Thumb Code    18  stm32f10x_tim.o(.text)
    TIM_ClearOC2Ref                          0x08001bfb   Thumb Code    24  stm32f10x_tim.o(.text)
    TIM_ClearOC3Ref                          0x08001c13   Thumb Code    18  stm32f10x_tim.o(.text)
    TIM_ClearOC4Ref                          0x08001c25   Thumb Code    24  stm32f10x_tim.o(.text)
    TIM_OC1PolarityConfig                    0x08001c3d   Thumb Code    18  stm32f10x_tim.o(.text)
    TIM_OC1NPolarityConfig                   0x08001c4f   Thumb Code    18  stm32f10x_tim.o(.text)
    TIM_OC2PolarityConfig                    0x08001c61   Thumb Code    26  stm32f10x_tim.o(.text)
    TIM_OC2NPolarityConfig                   0x08001c7b   Thumb Code    26  stm32f10x_tim.o(.text)
    TIM_OC3PolarityConfig                    0x08001c95   Thumb Code    26  stm32f10x_tim.o(.text)
    TIM_OC3NPolarityConfig                   0x08001caf   Thumb Code    26  stm32f10x_tim.o(.text)
    TIM_OC4PolarityConfig                    0x08001cc9   Thumb Code    26  stm32f10x_tim.o(.text)
    TIM_CCxCmd                               0x08001ce3   Thumb Code    30  stm32f10x_tim.o(.text)
    TIM_CCxNCmd                              0x08001d01   Thumb Code    30  stm32f10x_tim.o(.text)
    TIM_SelectOCxM                           0x08001d1f   Thumb Code    82  stm32f10x_tim.o(.text)
    TIM_UpdateDisableConfig                  0x08001d71   Thumb Code    24  stm32f10x_tim.o(.text)
    TIM_UpdateRequestConfig                  0x08001d89   Thumb Code    24  stm32f10x_tim.o(.text)
    TIM_SelectHallSensor                     0x08001da1   Thumb Code    24  stm32f10x_tim.o(.text)
    TIM_SelectOnePulseMode                   0x08001db9   Thumb Code    18  stm32f10x_tim.o(.text)
    TIM_SelectOutputTrigger                  0x08001dcb   Thumb Code    18  stm32f10x_tim.o(.text)
    TIM_SelectSlaveMode                      0x08001ddd   Thumb Code    18  stm32f10x_tim.o(.text)
    TIM_SelectMasterSlaveMode                0x08001def   Thumb Code    18  stm32f10x_tim.o(.text)
    TIM_SetCounter                           0x08001e01   Thumb Code     4  stm32f10x_tim.o(.text)
    TIM_SetAutoreload                        0x08001e05   Thumb Code     4  stm32f10x_tim.o(.text)
    TIM_SetCompare1                          0x08001e09   Thumb Code     4  stm32f10x_tim.o(.text)
    TIM_SetCompare2                          0x08001e0d   Thumb Code     4  stm32f10x_tim.o(.text)
    TIM_SetCompare3                          0x08001e11   Thumb Code     4  stm32f10x_tim.o(.text)
    TIM_SetCompare4                          0x08001e15   Thumb Code     6  stm32f10x_tim.o(.text)
    TIM_SetClockDivision                     0x08001e1b   Thumb Code    18  stm32f10x_tim.o(.text)
    TIM_GetCapture1                          0x08001e2d   Thumb Code     6  stm32f10x_tim.o(.text)
    TIM_GetCapture2                          0x08001e33   Thumb Code     6  stm32f10x_tim.o(.text)
    TIM_GetCapture3                          0x08001e39   Thumb Code     6  stm32f10x_tim.o(.text)
    TIM_GetCapture4                          0x08001e3f   Thumb Code     8  stm32f10x_tim.o(.text)
    TIM_GetCounter                           0x08001e47   Thumb Code     6  stm32f10x_tim.o(.text)
    TIM_GetPrescaler                         0x08001e4d   Thumb Code     6  stm32f10x_tim.o(.text)
    TIM_GetFlagStatus                        0x08001e53   Thumb Code    18  stm32f10x_tim.o(.text)
    TIM_ClearFlag                            0x08001e65   Thumb Code     6  stm32f10x_tim.o(.text)
    TIM_GetITStatus                          0x08001e6b   Thumb Code    34  stm32f10x_tim.o(.text)
    TIM_ClearITPendingBit                    0x08001e8d   Thumb Code     6  stm32f10x_tim.o(.text)
    USART_DeInit                             0x08001e95   Thumb Code   134  stm32f10x_usart.o(.text)
    USART_Init                               0x08001f1b   Thumb Code   210  stm32f10x_usart.o(.text)
    USART_StructInit                         0x08001fed   Thumb Code    24  stm32f10x_usart.o(.text)
    USART_ClockInit                          0x08002005   Thumb Code    34  stm32f10x_usart.o(.text)
    USART_ClockStructInit                    0x08002027   Thumb Code    12  stm32f10x_usart.o(.text)
    USART_Cmd                                0x08002033   Thumb Code    24  stm32f10x_usart.o(.text)
    USART_ITConfig                           0x0800204b   Thumb Code    74  stm32f10x_usart.o(.text)
    USART_DMACmd                             0x08002095   Thumb Code    18  stm32f10x_usart.o(.text)
    USART_SetAddress                         0x080020a7   Thumb Code    18  stm32f10x_usart.o(.text)
    USART_WakeUpConfig                       0x080020b9   Thumb Code    18  stm32f10x_usart.o(.text)
    USART_ReceiverWakeUpCmd                  0x080020cb   Thumb Code    24  stm32f10x_usart.o(.text)
    USART_LINBreakDetectLengthConfig         0x080020e3   Thumb Code    18  stm32f10x_usart.o(.text)
    USART_LINCmd                             0x080020f5   Thumb Code    24  stm32f10x_usart.o(.text)
    USART_SendData                           0x0800210d   Thumb Code     8  stm32f10x_usart.o(.text)
    USART_ReceiveData                        0x08002115   Thumb Code    10  stm32f10x_usart.o(.text)
    USART_SendBreak                          0x0800211f   Thumb Code    10  stm32f10x_usart.o(.text)
    USART_SetGuardTime                       0x08002129   Thumb Code    16  stm32f10x_usart.o(.text)
    USART_SetPrescaler                       0x08002139   Thumb Code    16  stm32f10x_usart.o(.text)
    USART_SmartCardCmd                       0x08002149   Thumb Code    24  stm32f10x_usart.o(.text)
    USART_SmartCardNACKCmd                   0x08002161   Thumb Code    24  stm32f10x_usart.o(.text)
    USART_HalfDuplexCmd                      0x08002179   Thumb Code    24  stm32f10x_usart.o(.text)
    USART_OverSampling8Cmd                   0x08002191   Thumb Code    22  stm32f10x_usart.o(.text)
    USART_OneBitMethodCmd                    0x080021a7   Thumb Code    24  stm32f10x_usart.o(.text)
    USART_IrDAConfig                         0x080021bf   Thumb Code    18  stm32f10x_usart.o(.text)
    USART_IrDACmd                            0x080021d1   Thumb Code    24  stm32f10x_usart.o(.text)
    USART_GetFlagStatus                      0x080021e9   Thumb Code    26  stm32f10x_usart.o(.text)
    USART_ClearFlag                          0x08002203   Thumb Code    18  stm32f10x_usart.o(.text)
    USART_GetITStatus                        0x08002215   Thumb Code    84  stm32f10x_usart.o(.text)
    USART_ClearITPendingBit                  0x08002269   Thumb Code    52  stm32f10x_usart.o(.text)
    main                                     0x0800229d   Thumb Code   760  main.o(.text)
    NMI_Handler                              0x080026d5   Thumb Code     2  stm32f10x_it.o(.text)
    HardFault_Handler                        0x080026d7   Thumb Code     4  stm32f10x_it.o(.text)
    MemManage_Handler                        0x080026db   Thumb Code     4  stm32f10x_it.o(.text)
    BusFault_Handler                         0x080026df   Thumb Code     4  stm32f10x_it.o(.text)
    UsageFault_Handler                       0x080026e3   Thumb Code     4  stm32f10x_it.o(.text)
    SVC_Handler                              0x080026e7   Thumb Code     2  stm32f10x_it.o(.text)
    DebugMon_Handler                         0x080026e9   Thumb Code     2  stm32f10x_it.o(.text)
    PendSV_Handler                           0x080026eb   Thumb Code     2  stm32f10x_it.o(.text)
    SysTick_Handler                          0x080026ed   Thumb Code     2  stm32f10x_it.o(.text)
    DelayInit                                0x080026f1   Thumb Code    50  delay.o(.text)
    DelayUs                                  0x08002723   Thumb Code    72  delay.o(.text)
    DelayMs                                  0x0800276b   Thumb Code    72  delay.o(.text)
    DelayS                                   0x080027b3   Thumb Code    26  delay.o(.text)
    _sys_exit                                0x080027dd   Thumb Code     6  usart.o(.text)
    fputc                                    0x080027e3   Thumb Code    24  usart.o(.text)
    USART1_Init                              0x080027fb   Thumb Code   152  usart.o(.text)
    USART2_Init                              0x08002893   Thumb Code   160  usart.o(.text)
    USART3_Init                              0x08002933   Thumb Code   160  usart.o(.text)
    USART_Printf                             0x080029d3   Thumb Code    68  usart.o(.text)
    USART_SendStr                            0x08002a17   Thumb Code    50  usart.o(.text)
    UART3_SendString                         0x08002a49   Thumb Code    52  usart.o(.text)
    USART1_IRQHandler                        0x08002a7d   Thumb Code   208  usart.o(.text)
    USART2_IRQHandler                        0x08002b4d   Thumb Code   224  usart.o(.text)
    USART3_IRQHandler                        0x08002c2d   Thumb Code    70  usart.o(.text)
    I2C_Configuration                        0x08002c89   Thumb Code   110  oled.o(.text)
    I2C_WriteByte                            0x08002cf7   Thumb Code   126  oled.o(.text)
    WriteCmd                                 0x08002d75   Thumb Code    14  oled.o(.text)
    WriteDat                                 0x08002d83   Thumb Code    14  oled.o(.text)
    OLED_Fill                                0x08002d91   Thumb Code    58  oled.o(.text)
    OLED_CLS                                 0x08002dcb   Thumb Code    10  oled.o(.text)
    OLED_Init                                0x08002dd5   Thumb Code   192  oled.o(.text)
    OLED_SetPos                              0x08002e95   Thumb Code    40  oled.o(.text)
    OLED_ON                                  0x08002ebd   Thumb Code    22  oled.o(.text)
    OLED_OFF                                 0x08002ed3   Thumb Code    22  oled.o(.text)
    OLED_ShowStr                             0x08002ee9   Thumb Code   228  oled.o(.text)
    OLED_DrawBMP                             0x08002fcd   Thumb Code   116  oled.o(.text)
    Timer2_Init_Config                       0x0800305d   Thumb Code    92  timer.o(.text)
    TIM2_IRQHandler                          0x080030b9   Thumb Code   126  timer.o(.text)
    Esp8266_Init                             0x08003151   Thumb Code    88  esp8266.o(.text)
    CLR_Buf2                                 0x08003211   Thumb Code    26  gsm.o(.text)
    Find                                     0x0800322b   Thumb Code    22  gsm.o(.text)
    Send_AT_Command                          0x08003241   Thumb Code   112  gsm.o(.text)
    GSM_Set_Pdu_Mode                         0x080032b1   Thumb Code    54  gsm.o(.text)
    GSM_Send_Pdu_Sms                         0x080032e7   Thumb Code    46  gsm.o(.text)
    GSM_Wait_CREG                            0x08003315   Thumb Code    82  gsm.o(.text)
    Relay_Dadeng                             0x080033d9   Thumb Code    22  relay.o(.text)
    Relay_Jiaoshui                           0x080033ef   Thumb Code    26  relay.o(.text)
    Relay_Bushi                              0x08003409   Thumb Code    26  relay.o(.text)
    Relay_Init                               0x08003423   Thumb Code    94  relay.o(.text)
    __use_no_semihosting                     0x0800348d   Thumb Code     2  use_no_semi_2.o(.text)
    __c89vsprintf                            0x08003491   Thumb Code    32  c89vsprintf.o(.text)
    __2sprintf                               0x080034b5   Thumb Code    38  __2sprintf.o(.text)
    _printf_pre_padding                      0x080034e1   Thumb Code    44  _printf_pad.o(.text)
    _printf_post_padding                     0x0800350d   Thumb Code    34  _printf_pad.o(.text)
    _printf_int_dec                          0x08003531   Thumb Code   104  _printf_dec.o(.text)
    __printf                                 0x080035a9   Thumb Code   388  __printf_flags_ss_wp.o(.text)
    atoi                                     0x08003731   Thumb Code    26  atoi.o(.text)
    strstr                                   0x0800374b   Thumb Code    36  strstr.o(.text)
    __aeabi_memcpy                           0x0800376f   Thumb Code     0  rt_memcpy_v6.o(.text)
    __rt_memcpy                              0x0800376f   Thumb Code   138  rt_memcpy_v6.o(.text)
    _memcpy_lastbytes                        0x080037d5   Thumb Code     0  rt_memcpy_v6.o(.text)
    __use_two_region_memory                  0x080037f9   Thumb Code     2  heapauxi.o(.text)
    __rt_heap_escrow$2region                 0x080037fb   Thumb Code     2  heapauxi.o(.text)
    __rt_heap_expand$2region                 0x080037fd   Thumb Code     2  heapauxi.o(.text)
    __I$use$semihosting                      0x080037ff   Thumb Code     0  use_no_semi.o(.text)
    __use_no_semihosting_swi                 0x080037ff   Thumb Code     2  use_no_semi.o(.text)
    __aeabi_errno_addr                       0x08003801   Thumb Code     8  rt_errno_addr_intlibspace.o(.text)
    __errno$intlibspace                      0x08003801   Thumb Code     0  rt_errno_addr_intlibspace.o(.text)
    __rt_errno_addr$intlibspace              0x08003801   Thumb Code     0  rt_errno_addr_intlibspace.o(.text)
    _printf_truncate_signed                  0x08003809   Thumb Code    18  _printf_truncate.o(.text)
    _printf_truncate_unsigned                0x0800381b   Thumb Code    18  _printf_truncate.o(.text)
    _printf_str                              0x0800382d   Thumb Code    82  _printf_str.o(.text)
    _printf_int_common                       0x0800387f   Thumb Code   178  _printf_intcommon.o(.text)
    _printf_charcount                        0x08003931   Thumb Code    40  _printf_charcount.o(.text)
    __lib_sel_fp_printf                      0x08003959   Thumb Code     2  _printf_fp_dec.o(.text)
    _printf_fp_dec_real                      0x08003b0b   Thumb Code   620  _printf_fp_dec.o(.text)
    _printf_char_common                      0x08003d83   Thumb Code    32  _printf_char_common.o(.text)
    _sputc                                   0x08003da9   Thumb Code    10  _sputc.o(.text)
    _printf_wctomb                           0x08003db5   Thumb Code   182  _printf_wctomb.o(.text)
    _printf_longlong_dec                     0x08003e71   Thumb Code   108  _printf_longlong_dec.o(.text)
    _printf_longlong_oct                     0x08003eed   Thumb Code    66  _printf_oct_int_ll.o(.text)
    _printf_int_oct                          0x08003f2f   Thumb Code    24  _printf_oct_int_ll.o(.text)
    _printf_ll_oct                           0x08003f47   Thumb Code    12  _printf_oct_int_ll.o(.text)
    _printf_longlong_hex                     0x08003f5d   Thumb Code    86  _printf_hex_int_ll_ptr.o(.text)
    _printf_int_hex                          0x08003fb3   Thumb Code    28  _printf_hex_int_ll_ptr.o(.text)
    _printf_ll_hex                           0x08003fcf   Thumb Code    12  _printf_hex_int_ll_ptr.o(.text)
    _printf_hex_ptr                          0x08003fdb   Thumb Code    18  _printf_hex_int_ll_ptr.o(.text)
    strtol                                   0x08003ff1   Thumb Code   112  strtol.o(.text)
    __aeabi_memcpy4                          0x08004061   Thumb Code     0  rt_memcpy_w.o(.text)
    __aeabi_memcpy8                          0x08004061   Thumb Code     0  rt_memcpy_w.o(.text)
    __rt_memcpy_w                            0x08004061   Thumb Code   100  rt_memcpy_w.o(.text)
    _memcpy_lastbytes_aligned                0x080040a9   Thumb Code     0  rt_memcpy_w.o(.text)
    __user_libspace                          0x080040c5   Thumb Code     8  libspace.o(.text)
    __user_perproc_libspace                  0x080040c5   Thumb Code     0  libspace.o(.text)
    __user_perthread_libspace                0x080040c5   Thumb Code     0  libspace.o(.text)
    __rt_ctype_table                         0x080040cd   Thumb Code    16  rt_ctype_table.o(.text)
    __rt_locale                              0x080040dd   Thumb Code     8  rt_locale_intlibspace.o(.text)
    _ll_udiv10                               0x080040e5   Thumb Code   138  lludiv10.o(.text)
    _printf_fp_infnan                        0x08004171   Thumb Code   112  _printf_fp_infnan.o(.text)
    _printf_cs_common                        0x080041f1   Thumb Code    20  _printf_char.o(.text)
    _printf_char                             0x08004205   Thumb Code    16  _printf_char.o(.text)
    _printf_string                           0x08004215   Thumb Code     8  _printf_char.o(.text)
    _printf_lcs_common                       0x0800421d   Thumb Code    20  _printf_wchar.o(.text)
    _printf_wchar                            0x08004231   Thumb Code    16  _printf_wchar.o(.text)
    _printf_wstring                          0x08004241   Thumb Code     8  _printf_wchar.o(.text)
    _strtoul                                 0x08004249   Thumb Code   158  _strtoul.o(.text)
    _btod_etento                             0x080042e9   Thumb Code   224  bigflt0.o(.text)
    _wcrtomb                                 0x080043cd   Thumb Code    64  _wcrtomb.o(.text)
    __user_setup_stackheap                   0x0800440d   Thumb Code    74  sys_stackheap_outer.o(.text)
    _chval                                   0x08004457   Thumb Code    28  _chval.o(.text)
    exit                                     0x08004473   Thumb Code    18  exit.o(.text)
    strcmp                                   0x08004485   Thumb Code   128  strcmpv7m.o(.text)
    _btod_d2e                                0x08004505   Thumb Code    62  btod.o(CL$$btod_d2e)
    _d2e_denorm_low                          0x08004543   Thumb Code    70  btod.o(CL$$btod_d2e_denorm_low)
    _d2e_norm_op1                            0x08004589   Thumb Code    96  btod.o(CL$$btod_d2e_norm_op1)
    __btod_div_common                        0x080045e9   Thumb Code   696  btod.o(CL$$btod_div_common)
    _e2e                                     0x08004921   Thumb Code   220  btod.o(CL$$btod_e2e)
    _btod_ediv                               0x080049fd   Thumb Code    42  btod.o(CL$$btod_ediv)
    _btod_emul                               0x08004a27   Thumb Code    42  btod.o(CL$$btod_emul)
    __btod_mult_common                       0x08004a51   Thumb Code   580  btod.o(CL$$btod_mult_common)
    __ARM_fpclassify                         0x08004c95   Thumb Code    40  fpclassify.o(i.__ARM_fpclassify)
    _is_digit                                0x08004cbd   Thumb Code    14  __printf_wp.o(i._is_digit)
    _get_lc_numeric                          0x08004ccd   Thumb Code    44  lc_numeric_c.o(locale$$code)
    _get_lc_ctype                            0x08004cf9   Thumb Code    44  lc_ctype_c.o(locale$$code)
    __aeabi_ddiv                             0x08004d25   Thumb Code     0  ddiv.o(x$fpl$ddiv)
    _ddiv                                    0x08004d25   Thumb Code   552  ddiv.o(x$fpl$ddiv)
    __aeabi_ui2d                             0x08004fd5   Thumb Code     0  dflt_clz.o(x$fpl$dfltu)
    _dfltu                                   0x08004fd5   Thumb Code    38  dflt_clz.o(x$fpl$dfltu)
    __fpl_dnaninf                            0x08004ffb   Thumb Code   156  dnaninf.o(x$fpl$dnaninf)
    __fpl_dretinf                            0x08005097   Thumb Code    12  dretinf.o(x$fpl$dretinf)
    _printf_fp_dec                           0x080050a3   Thumb Code     4  printf1.o(x$fpl$printf1)
    F6x8                                     0x080050a6   Data         552  oled.o(.constdata)
    __I$use$fp                               0x080050a6   Number         0  usenofp.o(x$fpl$usenofp)
    F8X16                                    0x080052ce   Data        1520  oled.o(.constdata)
    Region$$Table$$Base                      0x08005a70   Number         0  anon$$obj.o(Region$$Table)
    Region$$Table$$Limit                     0x08005a90   Number         0  anon$$obj.o(Region$$Table)
    __ctype                                  0x08005ab9   Data           0  lc_ctype_c.o(locale$$data)
    SystemCoreClock                          0x20000000   Data           4  system_stm32f10x.o(.data)
    AHBPrescTable                            0x20000004   Data          16  system_stm32f10x.o(.data)
    TH_HUM                                   0x20000038   Data           2  main.o(.data)
    TH_SOIL                                  0x2000003a   Data           2  main.o(.data)
    TH_LIGHT                                 0x2000003c   Data           2  main.o(.data)
    SMS_sw                                   0x2000003e   Data           1  main.o(.data)
    SMS_Sended                               0x2000003f   Data           1  main.o(.data)
    __stdout                                 0x20000044   Data           4  usart.o(.data)
    thl                                      0x20000048   Data           4  usart.o(.data)
    Receive_ok                               0x2000004c   Data           1  usart.o(.data)
    First_Int                                0x2000004d   Data           1  usart.o(.data)
    sms_time                                 0x20000052   Data           2  timer.o(.data)
    Times                                    0x2000005c   Data           1  gsm.o(.data)
    shijian                                  0x2000005d   Data           1  gsm.o(.data)
    Timer0_start                             0x2000005e   Data           1  gsm.o(.data)
    ui_buff                                  0x20000060   Data          32  main.o(.bss)
    buf2                                     0x20000080   Data          16  usart.o(.bss)
    raw_data                                 0x20000090   Data          32  usart.o(.bss)
    Uart3_Buf                                0x200000b0   Data         200  usart.o(.bss)
    __libspace_start                         0x20000198   Data          96  libspace.o(.bss)
    __temporary_stack_top$libspace           0x200001f8   Data           0  libspace.o(.bss)



==============================================================================

Memory Map of the image

  Image Entry point : 0x08000131

  Load Region LR_IROM1 (Base: 0x08000000, Size: 0x00005c1c, Max: 0x00010000, ABSOLUTE)

    Execution Region ER_IROM1 (Exec base: 0x08000000, Load base: 0x08000000, Size: 0x00005bbc, Max: 0x00010000, ABSOLUTE)

    Exec Addr    Load Addr    Size         Type   Attr      Idx    E Section Name        Object

    0x08000000   0x08000000   0x00000130   Data   RO            3    RESET               startup_stm32f10x_hd.o
    0x08000130   0x08000130   0x00000008   Code   RO          666  * !!!main             c_w.l(__main.o)
    0x08000138   0x08000138   0x00000034   Code   RO          974    !!!scatter          c_w.l(__scatter.o)
    0x0800016c   0x0800016c   0x0000001a   Code   RO          976    !!handler_copy      c_w.l(__scatter_copy.o)
    0x08000186   0x08000186   0x00000002   PAD
    0x08000188   0x08000188   0x0000001c   Code   RO          978    !!handler_zi        c_w.l(__scatter_zi.o)
    0x080001a4   0x080001a4   0x00000000   Code   RO          657    .ARM.Collect$$_printf_percent$$00000000  c_w.l(_printf_percent.o)
    0x080001a4   0x080001a4   0x00000006   Code   RO          736    .ARM.Collect$$_printf_percent$$00000001  c_w.l(_printf_n.o)
    0x080001aa   0x080001aa   0x00000006   Code   RO          738    .ARM.Collect$$_printf_percent$$00000002  c_w.l(_printf_p.o)
    0x080001b0   0x080001b0   0x00000006   Code   RO          656    .ARM.Collect$$_printf_percent$$00000003  c_w.l(_printf_f.o)
    0x080001b6   0x080001b6   0x00000006   Code   RO          742    .ARM.Collect$$_printf_percent$$00000004  c_w.l(_printf_e.o)
    0x080001bc   0x080001bc   0x00000006   Code   RO          743    .ARM.Collect$$_printf_percent$$00000005  c_w.l(_printf_g.o)
    0x080001c2   0x080001c2   0x00000006   Code   RO          744    .ARM.Collect$$_printf_percent$$00000006  c_w.l(_printf_a.o)
    0x080001c8   0x080001c8   0x0000000a   Code   RO          749    .ARM.Collect$$_printf_percent$$00000007  c_w.l(_printf_ll.o)
    0x080001d2   0x080001d2   0x00000006   Code   RO          740    .ARM.Collect$$_printf_percent$$00000008  c_w.l(_printf_i.o)
    0x080001d8   0x080001d8   0x00000006   Code   RO          655    .ARM.Collect$$_printf_percent$$00000009  c_w.l(_printf_d.o)
    0x080001de   0x080001de   0x00000006   Code   RO          741    .ARM.Collect$$_printf_percent$$0000000A  c_w.l(_printf_u.o)
    0x080001e4   0x080001e4   0x00000006   Code   RO          739    .ARM.Collect$$_printf_percent$$0000000B  c_w.l(_printf_o.o)
    0x080001ea   0x080001ea   0x00000006   Code   RO          737    .ARM.Collect$$_printf_percent$$0000000C  c_w.l(_printf_x.o)
    0x080001f0   0x080001f0   0x00000006   Code   RO          746    .ARM.Collect$$_printf_percent$$0000000D  c_w.l(_printf_lli.o)
    0x080001f6   0x080001f6   0x00000006   Code   RO          747    .ARM.Collect$$_printf_percent$$0000000E  c_w.l(_printf_lld.o)
    0x080001fc   0x080001fc   0x00000006   Code   RO          748    .ARM.Collect$$_printf_percent$$0000000F  c_w.l(_printf_llu.o)
    0x08000202   0x08000202   0x00000006   Code   RO          753    .ARM.Collect$$_printf_percent$$00000010  c_w.l(_printf_llo.o)
    0x08000208   0x08000208   0x00000006   Code   RO          754    .ARM.Collect$$_printf_percent$$00000011  c_w.l(_printf_llx.o)
    0x0800020e   0x0800020e   0x0000000a   Code   RO          750    .ARM.Collect$$_printf_percent$$00000012  c_w.l(_printf_l.o)
    0x08000218   0x08000218   0x00000006   Code   RO          734    .ARM.Collect$$_printf_percent$$00000013  c_w.l(_printf_c.o)
    0x0800021e   0x0800021e   0x00000006   Code   RO          735    .ARM.Collect$$_printf_percent$$00000014  c_w.l(_printf_s.o)
    0x08000224   0x08000224   0x00000006   Code   RO          751    .ARM.Collect$$_printf_percent$$00000015  c_w.l(_printf_lc.o)
    0x0800022a   0x0800022a   0x00000006   Code   RO          752    .ARM.Collect$$_printf_percent$$00000016  c_w.l(_printf_ls.o)
    0x08000230   0x08000230   0x00000004   Code   RO          745    .ARM.Collect$$_printf_percent$$00000017  c_w.l(_printf_percent_end.o)
    0x08000234   0x08000234   0x00000002   Code   RO          851    .ARM.Collect$$libinit$$00000000  c_w.l(libinit.o)
    0x08000236   0x08000236   0x00000000   Code   RO          853    .ARM.Collect$$libinit$$00000002  c_w.l(libinit2.o)
    0x08000236   0x08000236   0x00000000   Code   RO          855    .ARM.Collect$$libinit$$00000004  c_w.l(libinit2.o)
    0x08000236   0x08000236   0x00000000   Code   RO          858    .ARM.Collect$$libinit$$0000000A  c_w.l(libinit2.o)
    0x08000236   0x08000236   0x00000000   Code   RO          860    .ARM.Collect$$libinit$$0000000C  c_w.l(libinit2.o)
    0x08000236   0x08000236   0x00000000   Code   RO          862    .ARM.Collect$$libinit$$0000000E  c_w.l(libinit2.o)
    0x08000236   0x08000236   0x00000006   Code   RO          863    .ARM.Collect$$libinit$$0000000F  c_w.l(libinit2.o)
    0x0800023c   0x0800023c   0x00000000   Code   RO          865    .ARM.Collect$$libinit$$00000011  c_w.l(libinit2.o)
    0x0800023c   0x0800023c   0x0000000c   Code   RO          866    .ARM.Collect$$libinit$$00000012  c_w.l(libinit2.o)
    0x08000248   0x08000248   0x00000000   Code   RO          867    .ARM.Collect$$libinit$$00000013  c_w.l(libinit2.o)
    0x08000248   0x08000248   0x00000000   Code   RO          869    .ARM.Collect$$libinit$$00000015  c_w.l(libinit2.o)
    0x08000248   0x08000248   0x0000000a   Code   RO          870    .ARM.Collect$$libinit$$00000016  c_w.l(libinit2.o)
    0x08000252   0x08000252   0x00000000   Code   RO          871    .ARM.Collect$$libinit$$00000017  c_w.l(libinit2.o)
    0x08000252   0x08000252   0x00000000   Code   RO          873    .ARM.Collect$$libinit$$00000019  c_w.l(libinit2.o)
    0x08000252   0x08000252   0x00000000   Code   RO          875    .ARM.Collect$$libinit$$0000001B  c_w.l(libinit2.o)
    0x08000252   0x08000252   0x00000000   Code   RO          877    .ARM.Collect$$libinit$$0000001D  c_w.l(libinit2.o)
    0x08000252   0x08000252   0x00000000   Code   RO          879    .ARM.Collect$$libinit$$0000001F  c_w.l(libinit2.o)
    0x08000252   0x08000252   0x00000000   Code   RO          881    .ARM.Collect$$libinit$$00000021  c_w.l(libinit2.o)
    0x08000252   0x08000252   0x00000000   Code   RO          883    .ARM.Collect$$libinit$$00000023  c_w.l(libinit2.o)
    0x08000252   0x08000252   0x00000000   Code   RO          885    .ARM.Collect$$libinit$$00000025  c_w.l(libinit2.o)
    0x08000252   0x08000252   0x00000000   Code   RO          889    .ARM.Collect$$libinit$$0000002C  c_w.l(libinit2.o)
    0x08000252   0x08000252   0x00000000   Code   RO          891    .ARM.Collect$$libinit$$0000002E  c_w.l(libinit2.o)
    0x08000252   0x08000252   0x00000000   Code   RO          893    .ARM.Collect$$libinit$$00000030  c_w.l(libinit2.o)
    0x08000252   0x08000252   0x00000000   Code   RO          895    .ARM.Collect$$libinit$$00000032  c_w.l(libinit2.o)
    0x08000252   0x08000252   0x00000002   Code   RO          896    .ARM.Collect$$libinit$$00000033  c_w.l(libinit2.o)
    0x08000254   0x08000254   0x00000002   Code   RO          924    .ARM.Collect$$libshutdown$$00000000  c_w.l(libshutdown.o)
    0x08000256   0x08000256   0x00000000   Code   RO          933    .ARM.Collect$$libshutdown$$00000002  c_w.l(libshutdown2.o)
    0x08000256   0x08000256   0x00000000   Code   RO          935    .ARM.Collect$$libshutdown$$00000004  c_w.l(libshutdown2.o)
    0x08000256   0x08000256   0x00000000   Code   RO          938    .ARM.Collect$$libshutdown$$00000007  c_w.l(libshutdown2.o)
    0x08000256   0x08000256   0x00000000   Code   RO          941    .ARM.Collect$$libshutdown$$0000000A  c_w.l(libshutdown2.o)
    0x08000256   0x08000256   0x00000000   Code   RO          943    .ARM.Collect$$libshutdown$$0000000C  c_w.l(libshutdown2.o)
    0x08000256   0x08000256   0x00000000   Code   RO          946    .ARM.Collect$$libshutdown$$0000000F  c_w.l(libshutdown2.o)
    0x08000256   0x08000256   0x00000002   Code   RO          947    .ARM.Collect$$libshutdown$$00000010  c_w.l(libshutdown2.o)
    0x08000258   0x08000258   0x00000000   Code   RO          682    .ARM.Collect$$rtentry$$00000000  c_w.l(__rtentry.o)
    0x08000258   0x08000258   0x00000000   Code   RO          768    .ARM.Collect$$rtentry$$00000002  c_w.l(__rtentry2.o)
    0x08000258   0x08000258   0x00000006   Code   RO          780    .ARM.Collect$$rtentry$$00000004  c_w.l(__rtentry4.o)
    0x0800025e   0x0800025e   0x00000000   Code   RO          770    .ARM.Collect$$rtentry$$00000009  c_w.l(__rtentry2.o)
    0x0800025e   0x0800025e   0x00000004   Code   RO          771    .ARM.Collect$$rtentry$$0000000A  c_w.l(__rtentry2.o)
    0x08000262   0x08000262   0x00000000   Code   RO          773    .ARM.Collect$$rtentry$$0000000C  c_w.l(__rtentry2.o)
    0x08000262   0x08000262   0x00000008   Code   RO          774    .ARM.Collect$$rtentry$$0000000D  c_w.l(__rtentry2.o)
    0x0800026a   0x0800026a   0x00000002   Code   RO          897    .ARM.Collect$$rtexit$$00000000  c_w.l(rtexit.o)
    0x0800026c   0x0800026c   0x00000000   Code   RO          904    .ARM.Collect$$rtexit$$00000002  c_w.l(rtexit2.o)
    0x0800026c   0x0800026c   0x00000004   Code   RO          905    .ARM.Collect$$rtexit$$00000003  c_w.l(rtexit2.o)
    0x08000270   0x08000270   0x00000006   Code   RO          906    .ARM.Collect$$rtexit$$00000004  c_w.l(rtexit2.o)
    0x08000276   0x08000276   0x00000002   PAD
    0x08000278   0x08000278   0x00000040   Code   RO            4    .text               startup_stm32f10x_hd.o
    0x080002b8   0x080002b8   0x000001e0   Code   RO           24    .text               system_stm32f10x.o
    0x08000498   0x08000498   0x000000dc   Code   RO          121    .text               misc.o
    0x08000574   0x08000574   0x0000035c   Code   RO          269    .text               stm32f10x_gpio.o
    0x080008d0   0x080008d0   0x00000404   Code   RO          281    .text               stm32f10x_i2c.o
    0x08000cd4   0x08000cd4   0x000003a4   Code   RO          317    .text               stm32f10x_rcc.o
    0x08001078   0x08001078   0x00000e1a   Code   RO          367    .text               stm32f10x_tim.o
    0x08001e92   0x08001e92   0x00000002   PAD
    0x08001e94   0x08001e94   0x00000408   Code   RO          379    .text               stm32f10x_usart.o
    0x0800229c   0x0800229c   0x00000438   Code   RO          403    .text               main.o
    0x080026d4   0x080026d4   0x0000001a   Code   RO          458    .text               stm32f10x_it.o
    0x080026ee   0x080026ee   0x00000002   PAD
    0x080026f0   0x080026f0   0x000000ec   Code   RO          473    .text               delay.o
    0x080027dc   0x080027dc   0x000004ac   Code   RO          515    .text               usart.o
    0x08002c88   0x08002c88   0x000003d4   Code   RO          542    .text               oled.o
    0x0800305c   0x0800305c   0x000000f4   Code   RO          562    .text               timer.o
    0x08003150   0x08003150   0x000000c0   Code   RO          578    .text               esp8266.o
    0x08003210   0x08003210   0x000001c8   Code   RO          590    .text               gsm.o
    0x080033d8   0x080033d8   0x000000b4   Code   RO          607    .text               relay.o
    0x0800348c   0x0800348c   0x00000002   Code   RO          621    .text               c_w.l(use_no_semi_2.o)
    0x0800348e   0x0800348e   0x00000002   PAD
    0x08003490   0x08003490   0x00000024   Code   RO          623    .text               c_w.l(c89vsprintf.o)
    0x080034b4   0x080034b4   0x0000002c   Code   RO          625    .text               c_w.l(__2sprintf.o)
    0x080034e0   0x080034e0   0x0000004e   Code   RO          631    .text               c_w.l(_printf_pad.o)
    0x0800352e   0x0800352e   0x00000002   PAD
    0x08003530   0x08003530   0x00000078   Code   RO          633    .text               c_w.l(_printf_dec.o)
    0x080035a8   0x080035a8   0x00000188   Code   RO          652    .text               c_w.l(__printf_flags_ss_wp.o)
    0x08003730   0x08003730   0x0000001a   Code   RO          658    .text               c_w.l(atoi.o)
    0x0800374a   0x0800374a   0x00000024   Code   RO          660    .text               c_w.l(strstr.o)
    0x0800376e   0x0800376e   0x0000008a   Code   RO          662    .text               c_w.l(rt_memcpy_v6.o)
    0x080037f8   0x080037f8   0x00000006   Code   RO          664    .text               c_w.l(heapauxi.o)
    0x080037fe   0x080037fe   0x00000002   Code   RO          680    .text               c_w.l(use_no_semi.o)
    0x08003800   0x08003800   0x00000008   Code   RO          686    .text               c_w.l(rt_errno_addr_intlibspace.o)
    0x08003808   0x08003808   0x00000024   Code   RO          688    .text               c_w.l(_printf_truncate.o)
    0x0800382c   0x0800382c   0x00000052   Code   RO          690    .text               c_w.l(_printf_str.o)
    0x0800387e   0x0800387e   0x000000b2   Code   RO          692    .text               c_w.l(_printf_intcommon.o)
    0x08003930   0x08003930   0x00000028   Code   RO          694    .text               c_w.l(_printf_charcount.o)
    0x08003958   0x08003958   0x0000041e   Code   RO          696    .text               c_w.l(_printf_fp_dec.o)
    0x08003d76   0x08003d76   0x00000002   PAD
    0x08003d78   0x08003d78   0x00000030   Code   RO          698    .text               c_w.l(_printf_char_common.o)
    0x08003da8   0x08003da8   0x0000000a   Code   RO          700    .text               c_w.l(_sputc.o)
    0x08003db2   0x08003db2   0x00000002   PAD
    0x08003db4   0x08003db4   0x000000bc   Code   RO          702    .text               c_w.l(_printf_wctomb.o)
    0x08003e70   0x08003e70   0x0000007c   Code   RO          705    .text               c_w.l(_printf_longlong_dec.o)
    0x08003eec   0x08003eec   0x00000070   Code   RO          711    .text               c_w.l(_printf_oct_int_ll.o)
    0x08003f5c   0x08003f5c   0x00000094   Code   RO          731    .text               c_w.l(_printf_hex_int_ll_ptr.o)
    0x08003ff0   0x08003ff0   0x00000070   Code   RO          755    .text               c_w.l(strtol.o)
    0x08004060   0x08004060   0x00000064   Code   RO          757    .text               c_w.l(rt_memcpy_w.o)
    0x080040c4   0x080040c4   0x00000008   Code   RO          764    .text               c_w.l(libspace.o)
    0x080040cc   0x080040cc   0x00000010   Code   RO          782    .text               c_w.l(rt_ctype_table.o)
    0x080040dc   0x080040dc   0x00000008   Code   RO          787    .text               c_w.l(rt_locale_intlibspace.o)
    0x080040e4   0x080040e4   0x0000008a   Code   RO          789    .text               c_w.l(lludiv10.o)
    0x0800416e   0x0800416e   0x00000002   PAD
    0x08004170   0x08004170   0x00000080   Code   RO          791    .text               c_w.l(_printf_fp_infnan.o)
    0x080041f0   0x080041f0   0x0000002c   Code   RO          795    .text               c_w.l(_printf_char.o)
    0x0800421c   0x0800421c   0x0000002c   Code   RO          797    .text               c_w.l(_printf_wchar.o)
    0x08004248   0x08004248   0x0000009e   Code   RO          799    .text               c_w.l(_strtoul.o)
    0x080042e6   0x080042e6   0x00000002   PAD
    0x080042e8   0x080042e8   0x000000e4   Code   RO          801    .text               c_w.l(bigflt0.o)
    0x080043cc   0x080043cc   0x00000040   Code   RO          826    .text               c_w.l(_wcrtomb.o)
    0x0800440c   0x0800440c   0x0000004a   Code   RO          835    .text               c_w.l(sys_stackheap_outer.o)
    0x08004456   0x08004456   0x0000001c   Code   RO          837    .text               c_w.l(_chval.o)
    0x08004472   0x08004472   0x00000012   Code   RO          842    .text               c_w.l(exit.o)
    0x08004484   0x08004484   0x00000080   Code   RO          844    .text               c_w.l(strcmpv7m.o)
    0x08004504   0x08004504   0x0000003e   Code   RO          804    CL$$btod_d2e        c_w.l(btod.o)
    0x08004542   0x08004542   0x00000046   Code   RO          806    CL$$btod_d2e_denorm_low  c_w.l(btod.o)
    0x08004588   0x08004588   0x00000060   Code   RO          805    CL$$btod_d2e_norm_op1  c_w.l(btod.o)
    0x080045e8   0x080045e8   0x00000338   Code   RO          814    CL$$btod_div_common  c_w.l(btod.o)
    0x08004920   0x08004920   0x000000dc   Code   RO          811    CL$$btod_e2e        c_w.l(btod.o)
    0x080049fc   0x080049fc   0x0000002a   Code   RO          808    CL$$btod_ediv       c_w.l(btod.o)
    0x08004a26   0x08004a26   0x0000002a   Code   RO          807    CL$$btod_emul       c_w.l(btod.o)
    0x08004a50   0x08004a50   0x00000244   Code   RO          813    CL$$btod_mult_common  c_w.l(btod.o)
    0x08004c94   0x08004c94   0x00000028   Code   RO          833    i.__ARM_fpclassify  m_ws.l(fpclassify.o)
    0x08004cbc   0x08004cbc   0x0000000e   Code   RO          645    i._is_digit         c_w.l(__printf_wp.o)
    0x08004cca   0x08004cca   0x00000002   PAD
    0x08004ccc   0x08004ccc   0x0000002c   Code   RO          829    locale$$code        c_w.l(lc_numeric_c.o)
    0x08004cf8   0x08004cf8   0x0000002c   Code   RO          840    locale$$code        c_w.l(lc_ctype_c.o)
    0x08004d24   0x08004d24   0x000002b0   Code   RO          669    x$fpl$ddiv          fz_ws.l(ddiv.o)
    0x08004fd4   0x08004fd4   0x00000026   Code   RO          672    x$fpl$dfltu         fz_ws.l(dflt_clz.o)
    0x08004ffa   0x08004ffa   0x0000009c   Code   RO          759    x$fpl$dnaninf       fz_ws.l(dnaninf.o)
    0x08005096   0x08005096   0x0000000c   Code   RO          761    x$fpl$dretinf       fz_ws.l(dretinf.o)
    0x080050a2   0x080050a2   0x00000004   Code   RO          678    x$fpl$printf1       fz_ws.l(printf1.o)
    0x080050a6   0x080050a6   0x00000000   Code   RO          763    x$fpl$usenofp       fz_ws.l(usenofp.o)
    0x080050a6   0x080050a6   0x00000818   Data   RO          543    .constdata          oled.o
    0x080058be   0x080058be   0x00000011   Data   RO          653    .constdata          c_w.l(__printf_flags_ss_wp.o)
    0x080058cf   0x080058cf   0x00000001   PAD
    0x080058d0   0x080058d0   0x00000008   Data   RO          703    .constdata          c_w.l(_printf_wctomb.o)
    0x080058d8   0x080058d8   0x00000028   Data   RO          732    .constdata          c_w.l(_printf_hex_int_ll_ptr.o)
    0x08005900   0x08005900   0x00000094   Data   RO          802    .constdata          c_w.l(bigflt0.o)
    0x08005994   0x08005994   0x0000007d   Data   RO          405    .conststring        main.o
    0x08005a11   0x08005a11   0x00000003   PAD
    0x08005a14   0x08005a14   0x00000059   Data   RO          591    .conststring        gsm.o
    0x08005a6d   0x08005a6d   0x00000003   PAD
    0x08005a70   0x08005a70   0x00000020   Data   RO          972    Region$$Table       anon$$obj.o
    0x08005a90   0x08005a90   0x0000001c   Data   RO          828    locale$$data        c_w.l(lc_numeric_c.o)
    0x08005aac   0x08005aac   0x00000110   Data   RO          839    locale$$data        c_w.l(lc_ctype_c.o)


    Execution Region RW_IRAM1 (Exec base: 0x20000000, Load base: 0x08005bbc, Size: 0x000007f8, Max: 0x00005000, ABSOLUTE)

    Exec Addr    Load Addr    Size         Type   Attr      Idx    E Section Name        Object

    0x20000000   0x08005bbc   0x00000014   Data   RW           25    .data               system_stm32f10x.o
    0x20000014   0x08005bd0   0x00000014   Data   RW          318    .data               stm32f10x_rcc.o
    0x20000028   0x08005be4   0x00000018   Data   RW          406    .data               main.o
    0x20000040   0x08005bfc   0x00000004   Data   RW          474    .data               delay.o
    0x20000044   0x08005c00   0x0000000e   Data   RW          517    .data               usart.o
    0x20000052   0x08005c0e   0x00000003   Data   RW          563    .data               timer.o
    0x20000055   0x08005c11   0x00000003   PAD
    0x20000058   0x08005c14   0x00000007   Data   RW          592    .data               gsm.o
    0x2000005f   0x08005c1b   0x00000001   PAD
    0x20000060        -       0x00000020   Zero   RW          404    .bss                main.o
    0x20000080        -       0x00000118   Zero   RW          516    .bss                usart.o
    0x20000198        -       0x00000060   Zero   RW          765    .bss                c_w.l(libspace.o)
    0x200001f8        -       0x00000200   Zero   RW            2    HEAP                startup_stm32f10x_hd.o
    0x200003f8        -       0x00000400   Zero   RW            1    STACK               startup_stm32f10x_hd.o


==============================================================================

Image component sizes


      Code (inc. data)   RO Data    RW Data    ZI Data      Debug   Object Name

         0          0          0          0          0       4508   core_cm3.o
       236         16          0          4          0       1367   delay.o
       192        104          0          0          0        547   esp8266.o
       456        114         89          7          0       2133   gsm.o
      1080        320        125         24         32       2225   main.o
       220         22          0          0          0       1913   misc.o
       980         28       2072          0          0       3873   oled.o
       180         12          0          0          0       1057   relay.o
        64         26        304          0       1536        916   startup_stm32f10x_hd.o
       860         38          0          0          0       5845   stm32f10x_gpio.o
      1028         16          0          0          0       9335   stm32f10x_i2c.o
        26          0          0          0          0       1274   stm32f10x_it.o
       932         36          0         20          0       9080   stm32f10x_rcc.o
      3610         88          0          0          0      22956   stm32f10x_tim.o
      1032         22          0          0          0       8568   stm32f10x_usart.o
       480         38          0         20          0     257423   system_stm32f10x.o
       244         26          0          3          0       1128   timer.o
      1196         82          0         14        280       6474   usart.o

    ----------------------------------------------------------------------
     12820        988       2628         96       1848     340622   Object Totals
         0          0         32          0          0          0   (incl. Generated)
         4          0          6          4          0          0   (incl. Padding)

    ----------------------------------------------------------------------

      Code (inc. data)   RO Data    RW Data    ZI Data      Debug   Library Member Name

        44          6          0          0          0         84   __2sprintf.o
         8          0          0          0          0         68   __main.o
       392          4         17          0          0         92   __printf_flags_ss_wp.o
        14          0          0          0          0         68   __printf_wp.o
         0          0          0          0          0          0   __rtentry.o
        12          0          0          0          0          0   __rtentry2.o
         6          0          0          0          0          0   __rtentry4.o
        52          8          0          0          0          0   __scatter.o
        26          0          0          0          0          0   __scatter_copy.o
        28          0          0          0          0          0   __scatter_zi.o
        28          0          0          0          0         68   _chval.o
         6          0          0          0          0          0   _printf_a.o
         6          0          0          0          0          0   _printf_c.o
        44          0          0          0          0        108   _printf_char.o
        48          6          0          0          0         96   _printf_char_common.o
        40          0          0          0          0         68   _printf_charcount.o
         6          0          0          0          0          0   _printf_d.o
       120         16          0          0          0         92   _printf_dec.o
         6          0          0          0          0          0   _printf_e.o
         6          0          0          0          0          0   _printf_f.o
      1054          0          0          0          0        216   _printf_fp_dec.o
       128         16          0          0          0         84   _printf_fp_infnan.o
         6          0          0          0          0          0   _printf_g.o
       148          4         40          0          0        160   _printf_hex_int_ll_ptr.o
         6          0          0          0          0          0   _printf_i.o
       178          0          0          0          0         88   _printf_intcommon.o
        10          0          0          0          0          0   _printf_l.o
         6          0          0          0          0          0   _printf_lc.o
        10          0          0          0          0          0   _printf_ll.o
         6          0          0          0          0          0   _printf_lld.o
         6          0          0          0          0          0   _printf_lli.o
         6          0          0          0          0          0   _printf_llo.o
         6          0          0          0          0          0   _printf_llu.o
         6          0          0          0          0          0   _printf_llx.o
       124         16          0          0          0         92   _printf_longlong_dec.o
         6          0          0          0          0          0   _printf_ls.o
         6          0          0          0          0          0   _printf_n.o
         6          0          0          0          0          0   _printf_o.o
       112         10          0          0          0        124   _printf_oct_int_ll.o
         6          0          0          0          0          0   _printf_p.o
        78          0          0          0          0        108   _printf_pad.o
         0          0          0          0          0          0   _printf_percent.o
         4          0          0          0          0          0   _printf_percent_end.o
         6          0          0          0          0          0   _printf_s.o
        82          0          0          0          0         80   _printf_str.o
        36          0          0          0          0         84   _printf_truncate.o
         6          0          0          0          0          0   _printf_u.o
        44          0          0          0          0        108   _printf_wchar.o
       188          6          8          0          0         92   _printf_wctomb.o
         6          0          0          0          0          0   _printf_x.o
        10          0          0          0          0         68   _sputc.o
       158          0          0          0          0         92   _strtoul.o
        64          0          0          0          0         92   _wcrtomb.o
        26          0          0          0          0         80   atoi.o
       228          4        148          0          0         96   bigflt0.o
      1936        128          0          0          0        672   btod.o
        36          4          0          0          0         76   c89vsprintf.o
        18          0          0          0          0         80   exit.o
         6          0          0          0          0        152   heapauxi.o
        44         10        272          0          0         76   lc_ctype_c.o
        44         10         28          0          0         76   lc_numeric_c.o
         2          0          0          0          0          0   libinit.o
        30          0          0          0          0          0   libinit2.o
         2          0          0          0          0          0   libshutdown.o
         2          0          0          0          0          0   libshutdown2.o
         8          4          0          0         96         68   libspace.o
       138          0          0          0          0         80   lludiv10.o
        16          4          0          0          0         76   rt_ctype_table.o
         8          4          0          0          0         68   rt_errno_addr_intlibspace.o
         8          4          0          0          0         68   rt_locale_intlibspace.o
       138          0          0          0          0         68   rt_memcpy_v6.o
       100          0          0          0          0         80   rt_memcpy_w.o
         2          0          0          0          0          0   rtexit.o
        10          0          0          0          0          0   rtexit2.o
       128          0          0          0          0         68   strcmpv7m.o
        36          0          0          0          0         80   strstr.o
       112          0          0          0          0         88   strtol.o
        74          0          0          0          0         80   sys_stackheap_outer.o
         2          0          0          0          0         68   use_no_semi.o
         2          0          0          0          0         68   use_no_semi_2.o
       688        140          0          0          0        208   ddiv.o
        38          0          0          0          0         68   dflt_clz.o
       156          4          0          0          0         92   dnaninf.o
        12          0          0          0          0         68   dretinf.o
         4          0          0          0          0         68   printf1.o
         0          0          0          0          0          0   usenofp.o
        40          0          0          0          0         68   fpclassify.o

    ----------------------------------------------------------------------
      7522        408        514          0         96       5072   Library Totals
        18          0          1          0          0          0   (incl. Padding)

    ----------------------------------------------------------------------

      Code (inc. data)   RO Data    RW Data    ZI Data      Debug   Library Name

      6566        264        513          0         96       4500   c_w.l
       898        144          0          0          0        504   fz_ws.l
        40          0          0          0          0         68   m_ws.l

    ----------------------------------------------------------------------
      7522        408        514          0         96       5072   Library Totals

    ----------------------------------------------------------------------

==============================================================================


      Code (inc. data)   RO Data    RW Data    ZI Data      Debug   

     20342       1396       3142         96       1944     341530   Grand Totals
     20342       1396       3142         96       1944     341530   ELF Image Totals
     20342       1396       3142         96          0          0   ROM Totals

==============================================================================

    Total RO  Size (Code + RO Data)                23484 (  22.93kB)
    Total RW  Size (RW Data + ZI Data)              2040 (   1.99kB)
    Total ROM Size (Code + RO Data + RW Data)      23580 (  23.03kB)

==============================================================================

